<html>
<body>
<pre>
<h1>µVision Build Log</h1>
<h2>Tool Versions:</h2>
IDE-Version: µVision V5.26.2.0
Copyright (C) 2018 ARM Ltd and ARM Germany GmbH. All rights reserved.
License Information: Jesse baughan, N/A, LIC=----
 
Tool Versions:
Toolchain:       MDK-Lite  Version: 5.26.2.0
Toolchain Path:  C:\Keil_v5\ARM\ARMCC\Bin
C Compiler:      Armcc.exe V5.06 update 6 (build 750)
Assembler:       Armasm.exe V5.06 update 6 (build 750)
Linker/Locator:  ArmLink.exe V5.06 update 6 (build 750)
Library Manager: ArmAr.exe V5.06 update 6 (build 750)
Hex Converter:   FromElf.exe V5.06 update 6 (build 750)
CPU DLL:         SARMCM3.DLL V5.26.2.0
Dialog DLL:      DCM.DLL V1.17.2.0
Target DLL:      lmidk-agdi.dll V???
Dialog DLL:      TCM.DLL V1.36.1.0
 
<h2>Project:</h2>
C:\ti\tiva_c\examples\boards\ek-tm4c123gxl\Locator\usb_dev_bulk.uvproj
Project File Date:  01/08/2019

<h2>Output:</h2>
*** Using Compiler 'V5.06 update 6 (build 750)', folder: 'C:\Keil_v5\ARM\ARMCC\Bin'
Rebuild target 'usb_dev_bulk'
assembling startup_rvmdk.S...
compiling usb_bulk_structs.c...
compiling ustdlib.c...
compiling uartstdio.c...
compiling usb_dev_bulk.c...
usb_dev_bulk.c(48): warning:  #161-D: unrecognized #pragma
  #pragma DATA_ALIGN(g_adcPingPong0, 64) //Create ping pong buffer for ADC0
usb_dev_bulk.c(55): warning:  #161-D: unrecognized #pragma
  #pragma DATA_ALIGN(g_adcPingPong1, 64) //Create ping pong buffer for ADC1
usb_dev_bulk.c(93): warning:  #161-D: unrecognized #pragma
  #pragma DATA_ALIGN(pui8ControlTable, 1024)
usb_dev_bulk.c(51): warning:  #177-D: variable "g_adcOutIndex0"  was declared but never referenced
  static int32_t g_adcOutIndex0 = 0;
usb_dev_bulk.c(61): warning:  #177-D: variable "g_msg_index"  was declared but never referenced
  static uint32_t g_msg_index = 0;
usb_dev_bulk.c(62): warning:  #177-D: variable "g_usb_receive_size"  was declared but never referenced
  static uint32_t g_usb_receive_size = 0;
usb_dev_bulk.c(65): warning:  #177-D: variable "g_ui32Load"  was declared but never referenced
  static uint32_t g_ui32Load;
usb_dev_bulk.c(66): warning:  #177-D: variable "g_ui32PWMClock"  was declared but never referenced
  static uint32_t g_ui32PWMClock;
usb_dev_bulk.c(67): warning:  #177-D: variable "g_ui8Adjust"  was declared but never referenced
  static uint8_t g_ui8Adjust = PWM_ZERO;
usb_dev_bulk.c: 9 warnings, 0 errors
linking...
Program Size: Code=15500 RO-data=768 RW-data=332 ZI-data=6228  
After Build - User command #1: fromelf --bin --output .\rvmdk\usb_dev_bulk.bin .\rvmdk\usb_dev_bulk.axf
".\rvmdk\usb_dev_bulk.axf" - 0 Error(s), 9 Warning(s).
Build Time Elapsed:  00:00:01
</pre>
</body>
</html>
