<!doctype html public "-//w3c//dtd html 4.0 transitional//en">
<html><head>
<title>Static Call Graph - [.\rvmdk\usb_dev_bulk.axf]</title></head>
<body><HR>
<H1>Static Call Graph for image .\rvmdk\usb_dev_bulk.axf</H1><HR>
<BR><P>#&#060CALLGRAPH&#062# ARM Linker, 5060750: Last Updated: Sun Sep 01 20:09:55 2019
<BR><P>
<H3>Maximum Stack Usage =        196 bytes + Unknown(Functions without stacksize, Cycles, Untraceable Function Pointers)</H3><H3>
Call chain for Maximum Stack Depth:</H3>
USBDSetConfiguration &rArr; USBDeviceConfig &rArr; USBDCDConfigGetInterfaceEndpoint &rArr; USBDCDConfigGetInterface &rArr; USBDescGet
<P>
<H3>
Functions with no stack information
</H3><UL>
 <LI><a href="#[3d]">Reset_Handler</a>
 <LI><a href="#[8]">NmiSR</a>
 <LI><a href="#[9]">FaultISR</a>
 <LI><a href="#[a]">IntDefaultHandler</a>
</UL>
</UL>
<P>
<H3>
Mutually Recursive functions
</H3> <LI><a href="#[41]">SysCtlDelay</a>&nbsp;&nbsp;&nbsp;&rArr;&nbsp;&nbsp;&nbsp;<a href="#[41]">SysCtlDelay</a><BR>
 <LI><a href="#[8]">NmiSR</a>&nbsp;&nbsp;&nbsp;&rArr;&nbsp;&nbsp;&nbsp;<a href="#[8]">NmiSR</a><BR>
 <LI><a href="#[9]">FaultISR</a>&nbsp;&nbsp;&nbsp;&rArr;&nbsp;&nbsp;&nbsp;<a href="#[9]">FaultISR</a><BR>
 <LI><a href="#[a]">IntDefaultHandler</a>&nbsp;&nbsp;&nbsp;&rArr;&nbsp;&nbsp;&nbsp;<a href="#[a]">IntDefaultHandler</a><BR>
</UL>
<P>
<H3>
Function Pointers
</H3><UL>
 <LI><a href="#[d]">ADC00IntHandler</a> from usb_dev_bulk.o(i.ADC00IntHandler) referenced from startup_rvmdk.o(RESET)
 <LI><a href="#[10]">ADC10IntHandler</a> from usb_dev_bulk.o(i.ADC10IntHandler) referenced from startup_rvmdk.o(RESET)
 <LI><a href="#[12]">BulkTickHandler</a> from usbdbulk.o(i.BulkTickHandler) referenced from usbdbulk.o(i.USBDBulkCompositeInit)
 <LI><a href="#[1b]">DMAUSBIntHandler</a> from usbdma.o(i.DMAUSBIntHandler) referenced from usbdma.o(i.USBLibDMAInit)
 <LI><a href="#[1d]">DMAUSBIntStatusClear</a> from usbdma.o(i.DMAUSBIntStatusClear) referenced from usbdma.o(i.USBLibDMAInit)
 <LI><a href="#[1e]">DMAUSBStatus</a> from usbdma.o(i.DMAUSBStatus) referenced from usbdma.o(i.USBLibDMAInit)
 <LI><a href="#[9]">FaultISR</a> from startup_rvmdk.o(RESET) referenced from startup_rvmdk.o(RESET)
 <LI><a href="#[2c]">HandleConfigChange</a> from usbdbulk.o(i.HandleConfigChange) referenced from usbdbulk.o(.constdata)
 <LI><a href="#[31]">HandleDevice</a> from usbdbulk.o(i.HandleDevice) referenced from usbdbulk.o(.constdata)
 <LI><a href="#[2f]">HandleDisconnect</a> from usbdbulk.o(i.HandleDisconnect) referenced from usbdbulk.o(.constdata)
 <LI><a href="#[30]">HandleEndpoints</a> from usbdbulk.o(i.HandleEndpoints) referenced from usbdbulk.o(.constdata)
 <LI><a href="#[2e]">HandleResume</a> from usbdbulk.o(i.HandleResume) referenced from usbdbulk.o(.constdata)
 <LI><a href="#[2d]">HandleSuspend</a> from usbdbulk.o(i.HandleSuspend) referenced from usbdbulk.o(.constdata)
 <LI><a href="#[a]">IntDefaultHandler</a> from startup_rvmdk.o(RESET) referenced 108 times from startup_rvmdk.o(RESET)
 <LI><a href="#[8]">NmiSR</a> from startup_rvmdk.o(RESET) referenced from startup_rvmdk.o(RESET)
 <LI><a href="#[3d]">Reset_Handler</a> from startup_rvmdk.o(RESET) referenced from startup_rvmdk.o(RESET)
 <LI><a href="#[1]">RxHandler</a> from usb_dev_bulk.o(i.RxHandler) referenced 2 times from usb_bulk_structs.o(.data)
 <LI><a href="#[b]">SysTickIntHandler</a> from usb_dev_bulk.o(i.SysTickIntHandler) referenced from startup_rvmdk.o(RESET)
 <LI><a href="#[4]">TxHandler</a> from usb_dev_bulk.o(i.TxHandler) referenced 2 times from usb_bulk_structs.o(.data)
 <LI><a href="#[c]">UARTStdioIntHandler</a> from uartstdio.o(i.UARTStdioIntHandler) referenced from startup_rvmdk.o(RESET)
 <LI><a href="#[e]">USB0DeviceIntHandler</a> from usbdhandler.o(i.USB0DeviceIntHandler) referenced from startup_rvmdk.o(RESET)
 <LI><a href="#[0]">USBBufferEventCallback</a> from usbbuffer.o(i.USBBufferEventCallback) referenced 4 times from usb_bulk_structs.o(.data)
 <LI><a href="#[2]">USBDBulkPacketRead</a> from usbdbulk.o(i.USBDBulkPacketRead) referenced 2 times from usb_bulk_structs.o(.data)
 <LI><a href="#[5]">USBDBulkPacketWrite</a> from usbdbulk.o(i.USBDBulkPacketWrite) referenced 2 times from usb_bulk_structs.o(.data)
 <LI><a href="#[3]">USBDBulkRxPacketAvailable</a> from usbdbulk.o(i.USBDBulkRxPacketAvailable) referenced 2 times from usb_bulk_structs.o(.data)
 <LI><a href="#[6]">USBDBulkTxPacketAvailable</a> from usbdbulk.o(i.USBDBulkTxPacketAvailable) referenced 2 times from usb_bulk_structs.o(.data)
 <LI><a href="#[33]">USBDClearFeature</a> from usbdenum.o(i.USBDClearFeature) referenced from usbdenum.o(.constdata)
 <LI><a href="#[38]">USBDGetConfiguration</a> from usbdenum.o(i.USBDGetConfiguration) referenced from usbdenum.o(.constdata)
 <LI><a href="#[36]">USBDGetDescriptor</a> from usbdenum.o(i.USBDGetDescriptor) referenced from usbdenum.o(.constdata)
 <LI><a href="#[3a]">USBDGetInterface</a> from usbdenum.o(i.USBDGetInterface) referenced from usbdenum.o(.constdata)
 <LI><a href="#[32]">USBDGetStatus</a> from usbdenum.o(i.USBDGetStatus) referenced from usbdenum.o(.constdata)
 <LI><a href="#[35]">USBDSetAddress</a> from usbdenum.o(i.USBDSetAddress) referenced from usbdenum.o(.constdata)
 <LI><a href="#[39]">USBDSetConfiguration</a> from usbdenum.o(i.USBDSetConfiguration) referenced from usbdenum.o(.constdata)
 <LI><a href="#[37]">USBDSetDescriptor</a> from usbdenum.o(i.USBDSetDescriptor) referenced from usbdenum.o(.constdata)
 <LI><a href="#[34]">USBDSetFeature</a> from usbdenum.o(i.USBDSetFeature) referenced from usbdenum.o(.constdata)
 <LI><a href="#[3b]">USBDSetInterface</a> from usbdenum.o(i.USBDSetInterface) referenced from usbdenum.o(.constdata)
 <LI><a href="#[3c]">USBDSyncFrame</a> from usbdenum.o(i.USBDSyncFrame) referenced from usbdenum.o(.constdata)
 <LI><a href="#[21]">iDMAUSBArbSizeSet</a> from usbdma.o(i.iDMAUSBArbSizeSet) referenced from usbdma.o(i.USBLibDMAInit)
 <LI><a href="#[22]">iDMAUSBChannelAllocate</a> from usbdma.o(i.iDMAUSBChannelAllocate) referenced from usbdma.o(i.USBLibDMAInit)
 <LI><a href="#[2a]">iDMAUSBChannelDisable</a> from usbdma.o(i.iDMAUSBChannelDisable) referenced from usbdma.o(i.USBLibDMAInit)
 <LI><a href="#[29]">iDMAUSBChannelEnable</a> from usbdma.o(i.iDMAUSBChannelEnable) referenced from usbdma.o(i.USBLibDMAInit)
 <LI><a href="#[26]">iDMAUSBChannelIntDisable</a> from usbdma.o(i.iDMAUSBChannelIntDisable) referenced from usbdma.o(i.USBLibDMAInit)
 <LI><a href="#[25]">iDMAUSBChannelIntEnable</a> from usbdma.o(i.iDMAUSBChannelIntEnable) referenced from usbdma.o(i.USBLibDMAInit)
 <LI><a href="#[28]">iDMAUSBChannelRelease</a> from usbdma.o(i.iDMAUSBChannelRelease) referenced from usbdma.o(i.USBLibDMAInit)
 <LI><a href="#[23]">iDMAUSBChannelStatus</a> from usbdma.o(i.iDMAUSBChannelStatus) referenced from usbdma.o(i.USBLibDMAInit)
 <LI><a href="#[24]">iDMAUSBIntStatus</a> from usbdma.o(i.iDMAUSBIntStatus) referenced from usbdma.o(i.USBLibDMAInit)
 <LI><a href="#[27]">iDMAUSBTransfer</a> from usbdma.o(i.iDMAUSBTransfer) referenced from usbdma.o(i.USBLibDMAInit)
 <LI><a href="#[2b]">iDMAUSBUnitSizeSet</a> from usbdma.o(i.iDMAUSBUnitSizeSet) referenced from usbdma.o(i.USBLibDMAInit)
 <LI><a href="#[11]">main</a> from usb_dev_bulk.o(i.main) referenced from entry9a.o(.ARM.Collect$$$$0000000B)
 <LI><a href="#[f]">uDMAErrorHandler</a> from usb_dev_bulk.o(i.uDMAErrorHandler) referenced from startup_rvmdk.o(RESET)
 <LI><a href="#[13]">uDMAUSBArbSizeSet</a> from usbdma.o(i.uDMAUSBArbSizeSet) referenced from usbdma.o(i.USBLibDMAInit)
 <LI><a href="#[14]">uDMAUSBChannelAllocate</a> from usbdma.o(i.uDMAUSBChannelAllocate) referenced from usbdma.o(i.USBLibDMAInit)
 <LI><a href="#[15]">uDMAUSBChannelDisable</a> from usbdma.o(i.uDMAUSBChannelDisable) referenced from usbdma.o(i.USBLibDMAInit)
 <LI><a href="#[16]">uDMAUSBChannelEnable</a> from usbdma.o(i.uDMAUSBChannelEnable) referenced from usbdma.o(i.USBLibDMAInit)
 <LI><a href="#[18]">uDMAUSBChannelIntDisable</a> from usbdma.o(i.uDMAUSBChannelIntDisable) referenced from usbdma.o(i.USBLibDMAInit)
 <LI><a href="#[17]">uDMAUSBChannelIntEnable</a> from usbdma.o(i.uDMAUSBChannelIntEnable) referenced from usbdma.o(i.USBLibDMAInit)
 <LI><a href="#[19]">uDMAUSBChannelRelease</a> from usbdma.o(i.uDMAUSBChannelRelease) referenced from usbdma.o(i.USBLibDMAInit)
 <LI><a href="#[1a]">uDMAUSBChannelStatus</a> from usbdma.o(i.uDMAUSBChannelStatus) referenced from usbdma.o(i.USBLibDMAInit)
 <LI><a href="#[1c]">uDMAUSBIntStatus</a> from usbdma.o(i.uDMAUSBIntStatus) referenced from usbdma.o(i.USBLibDMAInit)
 <LI><a href="#[1f]">uDMAUSBTransfer</a> from usbdma.o(i.uDMAUSBTransfer) referenced from usbdma.o(i.USBLibDMAInit)
 <LI><a href="#[20]">uDMAUSBUnitSizeSet</a> from usbdma.o(i.uDMAUSBUnitSizeSet) referenced from usbdma.o(i.USBLibDMAInit)
</UL>
<P>
<H3>
Global Symbols
</H3>
<P><STRONG><a name="[3d]"></a>Reset_Handler</STRONG> (Thumb, 0 bytes, Stack size unknown bytes, startup_rvmdk.o(RESET))
<BR><BR>[Calls]<UL><LI><a href="#[3e]">&gt;&gt;</a>&nbsp;&nbsp;&nbsp;__main
</UL>

<P><STRONG><a name="[3e]"></a>__main</STRONG> (Thumb, 0 bytes, Stack size unknown bytes, entry.o(.ARM.Collect$$$$00000000))
<BR><BR>[Called By]<UL><LI><a href="#[3d]">&gt;&gt;</a>&nbsp;&nbsp;&nbsp;Reset_Handler
</UL>

<P><STRONG><a name="[cb]"></a>_main_stk</STRONG> (Thumb, 0 bytes, Stack size unknown bytes, entry2.o(.ARM.Collect$$$$00000001))

<P><STRONG><a name="[3f]"></a>_main_scatterload</STRONG> (Thumb, 0 bytes, Stack size unknown bytes, entry5.o(.ARM.Collect$$$$00000004))
<BR><BR>[Calls]<UL><LI><a href="#[40]">&gt;&gt;</a>&nbsp;&nbsp;&nbsp;__scatterload
</UL>

<P><STRONG><a name="[42]"></a>__main_after_scatterload</STRONG> (Thumb, 0 bytes, Stack size unknown bytes, entry5.o(.ARM.Collect$$$$00000004))
<BR><BR>[Called By]<UL><LI><a href="#[40]">&gt;&gt;</a>&nbsp;&nbsp;&nbsp;__scatterload
</UL>

<P><STRONG><a name="[cc]"></a>_main_clock</STRONG> (Thumb, 0 bytes, Stack size unknown bytes, entry7b.o(.ARM.Collect$$$$00000008))

<P><STRONG><a name="[cd]"></a>_main_cpp_init</STRONG> (Thumb, 0 bytes, Stack size unknown bytes, entry8b.o(.ARM.Collect$$$$0000000A))

<P><STRONG><a name="[ce]"></a>_main_init</STRONG> (Thumb, 0 bytes, Stack size unknown bytes, entry9a.o(.ARM.Collect$$$$0000000B))

<P><STRONG><a name="[cf]"></a>__rt_final_cpp</STRONG> (Thumb, 0 bytes, Stack size unknown bytes, entry10a.o(.ARM.Collect$$$$0000000D))

<P><STRONG><a name="[d0]"></a>__rt_final_exit</STRONG> (Thumb, 0 bytes, Stack size unknown bytes, entry11a.o(.ARM.Collect$$$$0000000F))

<P><STRONG><a name="[41]"></a>SysCtlDelay</STRONG> (Thumb, 6 bytes, Stack size 0 bytes, sysctl.o(.emb_text))
<BR><BR>[Calls]<UL><LI><a href="#[41]">&gt;&gt;</a>&nbsp;&nbsp;&nbsp;SysCtlDelay
</UL>
<BR>[Called By]<UL><LI><a href="#[41]">&gt;&gt;</a>&nbsp;&nbsp;&nbsp;SysCtlDelay
<LI><a href="#[11]">&gt;&gt;</a>&nbsp;&nbsp;&nbsp;main
<LI><a href="#[49]">&gt;&gt;</a>&nbsp;&nbsp;&nbsp;ConfigureADC
</UL>

<P><STRONG><a name="[63]"></a>CPUcpsid</STRONG> (Thumb, 8 bytes, Stack size 0 bytes, cpu.o(.emb_text))
<BR><BR>[Called By]<UL><LI><a href="#[62]">&gt;&gt;</a>&nbsp;&nbsp;&nbsp;IntMasterDisable
</UL>

<P><STRONG><a name="[d1]"></a>CPUprimask</STRONG> (Thumb, 6 bytes, Stack size 0 bytes, cpu.o(.emb_text), UNUSED)

<P><STRONG><a name="[65]"></a>CPUcpsie</STRONG> (Thumb, 8 bytes, Stack size 0 bytes, cpu.o(.emb_text))
<BR><BR>[Called By]<UL><LI><a href="#[64]">&gt;&gt;</a>&nbsp;&nbsp;&nbsp;IntMasterEnable
</UL>

<P><STRONG><a name="[d2]"></a>CPUwfi</STRONG> (Thumb, 4 bytes, Stack size 0 bytes, cpu.o(.emb_text), UNUSED)

<P><STRONG><a name="[d3]"></a>CPUbasepriSet</STRONG> (Thumb, 6 bytes, Stack size 0 bytes, cpu.o(.emb_text), UNUSED)

<P><STRONG><a name="[d4]"></a>CPUbasepriGet</STRONG> (Thumb, 6 bytes, Stack size 0 bytes, cpu.o(.emb_text), UNUSED)

<P><STRONG><a name="[40]"></a>__scatterload</STRONG> (Thumb, 28 bytes, Stack size 0 bytes, init.o(.text))
<BR><BR>[Calls]<UL><LI><a href="#[42]">&gt;&gt;</a>&nbsp;&nbsp;&nbsp;__main_after_scatterload
</UL>
<BR>[Called By]<UL><LI><a href="#[3f]">&gt;&gt;</a>&nbsp;&nbsp;&nbsp;_main_scatterload
</UL>

<P><STRONG><a name="[d5]"></a>__scatterload_rt2</STRONG> (Thumb, 0 bytes, Stack size 0 bytes, init.o(.text), UNUSED)

<P><STRONG><a name="[d6]"></a>__decompress</STRONG> (Thumb, 0 bytes, Stack size unknown bytes, __dczerorl2.o(.text), UNUSED)

<P><STRONG><a name="[d7]"></a>__decompress1</STRONG> (Thumb, 86 bytes, Stack size unknown bytes, __dczerorl2.o(.text), UNUSED)

<P><STRONG><a name="[d]"></a>ADC00IntHandler</STRONG> (Thumb, 104 bytes, Stack size 24 bytes, usb_dev_bulk.o(i.ADC00IntHandler))
<BR><BR>[Stack]<UL><LI>Max Depth = 160<LI>Call Chain = ADC00IntHandler &rArr; UARTprintf &rArr; UARTvprintf &rArr; UARTwrite &rArr; UARTPrimeTransmit
</UL>
<BR>[Calls]<UL><LI><a href="#[45]">&gt;&gt;</a>&nbsp;&nbsp;&nbsp;uDMAChannelTransferSet
<LI><a href="#[44]">&gt;&gt;</a>&nbsp;&nbsp;&nbsp;uDMAChannelModeGet
<LI><a href="#[46]">&gt;&gt;</a>&nbsp;&nbsp;&nbsp;uDMAChannelEnable
<LI><a href="#[43]">&gt;&gt;</a>&nbsp;&nbsp;&nbsp;ADCIntClear
<LI><a href="#[47]">&gt;&gt;</a>&nbsp;&nbsp;&nbsp;UARTprintf
</UL>
<BR>[Address Reference Count : 1]<UL><LI> startup_rvmdk.o(RESET)
</UL>
<P><STRONG><a name="[10]"></a>ADC10IntHandler</STRONG> (Thumb, 104 bytes, Stack size 24 bytes, usb_dev_bulk.o(i.ADC10IntHandler))
<BR><BR>[Stack]<UL><LI>Max Depth = 160<LI>Call Chain = ADC10IntHandler &rArr; UARTprintf &rArr; UARTvprintf &rArr; UARTwrite &rArr; UARTPrimeTransmit
</UL>
<BR>[Calls]<UL><LI><a href="#[45]">&gt;&gt;</a>&nbsp;&nbsp;&nbsp;uDMAChannelTransferSet
<LI><a href="#[44]">&gt;&gt;</a>&nbsp;&nbsp;&nbsp;uDMAChannelModeGet
<LI><a href="#[46]">&gt;&gt;</a>&nbsp;&nbsp;&nbsp;uDMAChannelEnable
<LI><a href="#[43]">&gt;&gt;</a>&nbsp;&nbsp;&nbsp;ADCIntClear
<LI><a href="#[47]">&gt;&gt;</a>&nbsp;&nbsp;&nbsp;UARTprintf
</UL>
<BR>[Address Reference Count : 1]<UL><LI> startup_rvmdk.o(RESET)
</UL>
<P><STRONG><a name="[4c]"></a>ADCHardwareOversampleConfigure</STRONG> (Thumb, 18 bytes, Stack size 0 bytes, adc.o(i.ADCHardwareOversampleConfigure))
<BR><BR>[Called By]<UL><LI><a href="#[49]">&gt;&gt;</a>&nbsp;&nbsp;&nbsp;ConfigureADC
</UL>

<P><STRONG><a name="[43]"></a>ADCIntClear</STRONG> (Thumb, 10 bytes, Stack size 0 bytes, adc.o(i.ADCIntClear))
<BR><BR>[Called By]<UL><LI><a href="#[49]">&gt;&gt;</a>&nbsp;&nbsp;&nbsp;ConfigureADC
<LI><a href="#[10]">&gt;&gt;</a>&nbsp;&nbsp;&nbsp;ADC10IntHandler
<LI><a href="#[d]">&gt;&gt;</a>&nbsp;&nbsp;&nbsp;ADC00IntHandler
</UL>

<P><STRONG><a name="[54]"></a>ADCIntEnable</STRONG> (Thumb, 16 bytes, Stack size 0 bytes, adc.o(i.ADCIntEnable))
<BR><BR>[Called By]<UL><LI><a href="#[49]">&gt;&gt;</a>&nbsp;&nbsp;&nbsp;ConfigureADC
</UL>

<P><STRONG><a name="[52]"></a>ADCPhaseDelaySet</STRONG> (Thumb, 4 bytes, Stack size 0 bytes, adc.o(i.ADCPhaseDelaySet))
<BR><BR>[Called By]<UL><LI><a href="#[49]">&gt;&gt;</a>&nbsp;&nbsp;&nbsp;ConfigureADC
</UL>

<P><STRONG><a name="[4d]"></a>ADCSequenceConfigure</STRONG> (Thumb, 96 bytes, Stack size 8 bytes, adc.o(i.ADCSequenceConfigure))
<BR><BR>[Stack]<UL><LI>Max Depth = 8<LI>Call Chain = ADCSequenceConfigure
</UL>
<BR>[Called By]<UL><LI><a href="#[49]">&gt;&gt;</a>&nbsp;&nbsp;&nbsp;ConfigureADC
</UL>

<P><STRONG><a name="[4f]"></a>ADCSequenceDMAEnable</STRONG> (Thumb, 16 bytes, Stack size 0 bytes, adc.o(i.ADCSequenceDMAEnable))
<BR><BR>[Called By]<UL><LI><a href="#[49]">&gt;&gt;</a>&nbsp;&nbsp;&nbsp;ConfigureADC
</UL>

<P><STRONG><a name="[56]"></a>ADCSequenceEnable</STRONG> (Thumb, 14 bytes, Stack size 0 bytes, adc.o(i.ADCSequenceEnable))
<BR><BR>[Called By]<UL><LI><a href="#[49]">&gt;&gt;</a>&nbsp;&nbsp;&nbsp;ConfigureADC
</UL>

<P><STRONG><a name="[4e]"></a>ADCSequenceStepConfigure</STRONG> (Thumb, 154 bytes, Stack size 4 bytes, adc.o(i.ADCSequenceStepConfigure))
<BR><BR>[Stack]<UL><LI>Max Depth = 4<LI>Call Chain = ADCSequenceStepConfigure
</UL>
<BR>[Called By]<UL><LI><a href="#[49]">&gt;&gt;</a>&nbsp;&nbsp;&nbsp;ConfigureADC
</UL>

<P><STRONG><a name="[49]"></a>ConfigureADC</STRONG> (Thumb, 410 bytes, Stack size 32 bytes, usb_dev_bulk.o(i.ConfigureADC))
<BR><BR>[Stack]<UL><LI>Max Depth = 68<LI>Call Chain = ConfigureADC &rArr; GPIOPinTypeADC &rArr; GPIOPadConfigSet
</UL>
<BR>[Calls]<UL><LI><a href="#[45]">&gt;&gt;</a>&nbsp;&nbsp;&nbsp;uDMAChannelTransferSet
<LI><a href="#[46]">&gt;&gt;</a>&nbsp;&nbsp;&nbsp;uDMAChannelEnable
<LI><a href="#[51]">&gt;&gt;</a>&nbsp;&nbsp;&nbsp;uDMAChannelControlSet
<LI><a href="#[50]">&gt;&gt;</a>&nbsp;&nbsp;&nbsp;uDMAChannelAttributeDisable
<LI><a href="#[53]">&gt;&gt;</a>&nbsp;&nbsp;&nbsp;uDMAChannelAssign
<LI><a href="#[4a]">&gt;&gt;</a>&nbsp;&nbsp;&nbsp;SysCtlPeripheralEnable
<LI><a href="#[41]">&gt;&gt;</a>&nbsp;&nbsp;&nbsp;SysCtlDelay
<LI><a href="#[55]">&gt;&gt;</a>&nbsp;&nbsp;&nbsp;IntEnable
<LI><a href="#[4b]">&gt;&gt;</a>&nbsp;&nbsp;&nbsp;GPIOPinTypeADC
<LI><a href="#[4e]">&gt;&gt;</a>&nbsp;&nbsp;&nbsp;ADCSequenceStepConfigure
<LI><a href="#[56]">&gt;&gt;</a>&nbsp;&nbsp;&nbsp;ADCSequenceEnable
<LI><a href="#[4f]">&gt;&gt;</a>&nbsp;&nbsp;&nbsp;ADCSequenceDMAEnable
<LI><a href="#[4d]">&gt;&gt;</a>&nbsp;&nbsp;&nbsp;ADCSequenceConfigure
<LI><a href="#[52]">&gt;&gt;</a>&nbsp;&nbsp;&nbsp;ADCPhaseDelaySet
<LI><a href="#[54]">&gt;&gt;</a>&nbsp;&nbsp;&nbsp;ADCIntEnable
<LI><a href="#[43]">&gt;&gt;</a>&nbsp;&nbsp;&nbsp;ADCIntClear
<LI><a href="#[4c]">&gt;&gt;</a>&nbsp;&nbsp;&nbsp;ADCHardwareOversampleConfigure
</UL>
<BR>[Called By]<UL><LI><a href="#[11]">&gt;&gt;</a>&nbsp;&nbsp;&nbsp;main
</UL>

<P><STRONG><a name="[57]"></a>ConfigureUART</STRONG> (Thumb, 76 bytes, Stack size 8 bytes, usb_dev_bulk.o(i.ConfigureUART))
<BR><BR>[Stack]<UL><LI>Max Depth = 48<LI>Call Chain = ConfigureUART &rArr; UARTStdioConfig &rArr; UARTFlushTx
</UL>
<BR>[Calls]<UL><LI><a href="#[58]">&gt;&gt;</a>&nbsp;&nbsp;&nbsp;UARTClockSourceSet
<LI><a href="#[59]">&gt;&gt;</a>&nbsp;&nbsp;&nbsp;UARTStdioConfig
</UL>
<BR>[Called By]<UL><LI><a href="#[11]">&gt;&gt;</a>&nbsp;&nbsp;&nbsp;main
</UL>

<P><STRONG><a name="[5e]"></a>GPIODirModeSet</STRONG> (Thumb, 40 bytes, Stack size 0 bytes, gpio.o(i.GPIODirModeSet))
<BR><BR>[Called By]<UL><LI><a href="#[4b]">&gt;&gt;</a>&nbsp;&nbsp;&nbsp;GPIOPinTypeADC
</UL>

<P><STRONG><a name="[5f]"></a>GPIOPadConfigSet</STRONG> (Thumb, 312 bytes, Stack size 24 bytes, gpio.o(i.GPIOPadConfigSet))
<BR><BR>[Stack]<UL><LI>Max Depth = 24<LI>Call Chain = GPIOPadConfigSet
</UL>
<BR>[Called By]<UL><LI><a href="#[4b]">&gt;&gt;</a>&nbsp;&nbsp;&nbsp;GPIOPinTypeADC
</UL>

<P><STRONG><a name="[4b]"></a>GPIOPinTypeADC</STRONG> (Thumb, 28 bytes, Stack size 12 bytes, gpio.o(i.GPIOPinTypeADC))
<BR><BR>[Stack]<UL><LI>Max Depth = 36<LI>Call Chain = GPIOPinTypeADC &rArr; GPIOPadConfigSet
</UL>
<BR>[Calls]<UL><LI><a href="#[5f]">&gt;&gt;</a>&nbsp;&nbsp;&nbsp;GPIOPadConfigSet
<LI><a href="#[5e]">&gt;&gt;</a>&nbsp;&nbsp;&nbsp;GPIODirModeSet
</UL>
<BR>[Called By]<UL><LI><a href="#[49]">&gt;&gt;</a>&nbsp;&nbsp;&nbsp;ConfigureADC
</UL>

<P><STRONG><a name="[c0]"></a>GPIOPinWrite</STRONG> (Thumb, 6 bytes, Stack size 0 bytes, gpio.o(i.GPIOPinWrite))
<BR><BR>[Called By]<UL><LI><a href="#[11]">&gt;&gt;</a>&nbsp;&nbsp;&nbsp;main
</UL>

<P><STRONG><a name="[b4]"></a>IntDisable</STRONG> (Thumb, 92 bytes, Stack size 0 bytes, interrupt.o(i.IntDisable))
<BR><BR>[Called By]<UL><LI><a href="#[16]">&gt;&gt;</a>&nbsp;&nbsp;&nbsp;uDMAUSBChannelEnable
<LI><a href="#[29]">&gt;&gt;</a>&nbsp;&nbsp;&nbsp;iDMAUSBChannelEnable
</UL>

<P><STRONG><a name="[55]"></a>IntEnable</STRONG> (Thumb, 92 bytes, Stack size 0 bytes, interrupt.o(i.IntEnable))
<BR><BR>[Called By]<UL><LI><a href="#[11]">&gt;&gt;</a>&nbsp;&nbsp;&nbsp;main
<LI><a href="#[49]">&gt;&gt;</a>&nbsp;&nbsp;&nbsp;ConfigureADC
<LI><a href="#[84]">&gt;&gt;</a>&nbsp;&nbsp;&nbsp;USBDCDInit
<LI><a href="#[16]">&gt;&gt;</a>&nbsp;&nbsp;&nbsp;uDMAUSBChannelEnable
<LI><a href="#[29]">&gt;&gt;</a>&nbsp;&nbsp;&nbsp;iDMAUSBChannelEnable
</UL>

<P><STRONG><a name="[b3]"></a>IntIsEnabled</STRONG> (Thumb, 88 bytes, Stack size 0 bytes, interrupt.o(i.IntIsEnabled))
<BR><BR>[Called By]<UL><LI><a href="#[16]">&gt;&gt;</a>&nbsp;&nbsp;&nbsp;uDMAUSBChannelEnable
<LI><a href="#[29]">&gt;&gt;</a>&nbsp;&nbsp;&nbsp;iDMAUSBChannelEnable
</UL>

<P><STRONG><a name="[62]"></a>IntMasterDisable</STRONG> (Thumb, 14 bytes, Stack size 8 bytes, interrupt.o(i.IntMasterDisable))
<BR><BR>[Stack]<UL><LI>Max Depth = 8<LI>Call Chain = IntMasterDisable
</UL>
<BR>[Calls]<UL><LI><a href="#[63]">&gt;&gt;</a>&nbsp;&nbsp;&nbsp;CPUcpsid
</UL>
<BR>[Called By]<UL><LI><a href="#[78]">&gt;&gt;</a>&nbsp;&nbsp;&nbsp;USBRingBufWrite
<LI><a href="#[7b]">&gt;&gt;</a>&nbsp;&nbsp;&nbsp;USBRingBufFlush
<LI><a href="#[7a]">&gt;&gt;</a>&nbsp;&nbsp;&nbsp;USBRingBufAdvanceRead
</UL>

<P><STRONG><a name="[64]"></a>IntMasterEnable</STRONG> (Thumb, 14 bytes, Stack size 8 bytes, interrupt.o(i.IntMasterEnable))
<BR><BR>[Stack]<UL><LI>Max Depth = 8<LI>Call Chain = IntMasterEnable
</UL>
<BR>[Calls]<UL><LI><a href="#[65]">&gt;&gt;</a>&nbsp;&nbsp;&nbsp;CPUcpsie
</UL>
<BR>[Called By]<UL><LI><a href="#[11]">&gt;&gt;</a>&nbsp;&nbsp;&nbsp;main
<LI><a href="#[78]">&gt;&gt;</a>&nbsp;&nbsp;&nbsp;USBRingBufWrite
<LI><a href="#[7b]">&gt;&gt;</a>&nbsp;&nbsp;&nbsp;USBRingBufFlush
<LI><a href="#[7a]">&gt;&gt;</a>&nbsp;&nbsp;&nbsp;USBRingBufAdvanceRead
</UL>

<P><STRONG><a name="[82]"></a>InternalUSBRegisterTickHandler</STRONG> (Thumb, 44 bytes, Stack size 0 bytes, usbtick.o(i.InternalUSBRegisterTickHandler))
<BR><BR>[Called By]<UL><LI><a href="#[7e]">&gt;&gt;</a>&nbsp;&nbsp;&nbsp;USBDBulkCompositeInit
</UL>

<P><STRONG><a name="[ad]"></a>InternalUSBStartOfFrameTick</STRONG> (Thumb, 46 bytes, Stack size 24 bytes, usbtick.o(i.InternalUSBStartOfFrameTick))
<BR><BR>[Stack]<UL><LI>Max Depth = 24<LI>Call Chain = InternalUSBStartOfFrameTick
</UL>
<BR>[Called By]<UL><LI><a href="#[75]">&gt;&gt;</a>&nbsp;&nbsp;&nbsp;USBDeviceIntHandlerInternal
</UL>

<P><STRONG><a name="[81]"></a>InternalUSBTickInit</STRONG> (Thumb, 46 bytes, Stack size 0 bytes, usbtick.o(i.InternalUSBTickInit))
<BR><BR>[Called By]<UL><LI><a href="#[84]">&gt;&gt;</a>&nbsp;&nbsp;&nbsp;USBDCDInit
<LI><a href="#[7e]">&gt;&gt;</a>&nbsp;&nbsp;&nbsp;USBDBulkCompositeInit
</UL>

<P><STRONG><a name="[1]"></a>RxHandler</STRONG> (Thumb, 64 bytes, Stack size 16 bytes, usb_dev_bulk.o(i.RxHandler))
<BR><BR>[Stack]<UL><LI>Max Depth = 152<LI>Call Chain = RxHandler &rArr; UARTprintf &rArr; UARTvprintf &rArr; UARTwrite &rArr; UARTPrimeTransmit
</UL>
<BR>[Calls]<UL><LI><a href="#[66]">&gt;&gt;</a>&nbsp;&nbsp;&nbsp;USBBufferFlush
<LI><a href="#[5a]">&gt;&gt;</a>&nbsp;&nbsp;&nbsp;EchoNewDataToHost
<LI><a href="#[47]">&gt;&gt;</a>&nbsp;&nbsp;&nbsp;UARTprintf
</UL>
<BR>[Address Reference Count : 1]<UL><LI> usb_bulk_structs.o(.data)
</UL>
<P><STRONG><a name="[c2]"></a>SysCtlPeripheralClockGating</STRONG> (Thumb, 58 bytes, Stack size 0 bytes, sysctl.o(i.SysCtlPeripheralClockGating))
<BR><BR>[Called By]<UL><LI><a href="#[11]">&gt;&gt;</a>&nbsp;&nbsp;&nbsp;main
</UL>

<P><STRONG><a name="[4a]"></a>SysCtlPeripheralEnable</STRONG> (Thumb, 36 bytes, Stack size 0 bytes, sysctl.o(i.SysCtlPeripheralEnable))
<BR><BR>[Called By]<UL><LI><a href="#[11]">&gt;&gt;</a>&nbsp;&nbsp;&nbsp;main
<LI><a href="#[49]">&gt;&gt;</a>&nbsp;&nbsp;&nbsp;ConfigureADC
<LI><a href="#[84]">&gt;&gt;</a>&nbsp;&nbsp;&nbsp;USBDCDInit
</UL>

<P><STRONG><a name="[8f]"></a>SysCtlPeripheralReset</STRONG> (Thumb, 56 bytes, Stack size 4 bytes, sysctl.o(i.SysCtlPeripheralReset))
<BR><BR>[Stack]<UL><LI>Max Depth = 4<LI>Call Chain = SysCtlPeripheralReset
</UL>
<BR>[Called By]<UL><LI><a href="#[84]">&gt;&gt;</a>&nbsp;&nbsp;&nbsp;USBDCDInit
</UL>

<P><STRONG><a name="[c3]"></a>SysCtlPeripheralSleepEnable</STRONG> (Thumb, 36 bytes, Stack size 0 bytes, sysctl.o(i.SysCtlPeripheralSleepEnable))
<BR><BR>[Called By]<UL><LI><a href="#[11]">&gt;&gt;</a>&nbsp;&nbsp;&nbsp;main
</UL>

<P><STRONG><a name="[90]"></a>SysCtlUSBPLLEnable</STRONG> (Thumb, 12 bytes, Stack size 0 bytes, sysctl.o(i.SysCtlUSBPLLEnable))
<BR><BR>[Called By]<UL><LI><a href="#[84]">&gt;&gt;</a>&nbsp;&nbsp;&nbsp;USBDCDInit
</UL>

<P><STRONG><a name="[b]"></a>SysTickIntHandler</STRONG> (Thumb, 10 bytes, Stack size 0 bytes, usb_dev_bulk.o(i.SysTickIntHandler))
<BR>[Address Reference Count : 1]<UL><LI> startup_rvmdk.o(RESET)
</UL>
<P><STRONG><a name="[4]"></a>TxHandler</STRONG> (Thumb, 16 bytes, Stack size 0 bytes, usb_dev_bulk.o(i.TxHandler))
<BR>[Address Reference Count : 1]<UL><LI> usb_bulk_structs.o(.data)
</UL>
<P><STRONG><a name="[58]"></a>UARTClockSourceSet</STRONG> (Thumb, 6 bytes, Stack size 0 bytes, uart.o(i.UARTClockSourceSet))
<BR><BR>[Called By]<UL><LI><a href="#[57]">&gt;&gt;</a>&nbsp;&nbsp;&nbsp;ConfigureUART
</UL>

<P><STRONG><a name="[6d]"></a>UARTFlushRx</STRONG> (Thumb, 36 bytes, Stack size 8 bytes, uartstdio.o(i.UARTFlushRx))
<BR><BR>[Stack]<UL><LI>Max Depth = 8<LI>Call Chain = UARTFlushRx
</UL>
<BR>[Called By]<UL><LI><a href="#[59]">&gt;&gt;</a>&nbsp;&nbsp;&nbsp;UARTStdioConfig
</UL>

<P><STRONG><a name="[6a]"></a>UARTFlushTx</STRONG> (Thumb, 52 bytes, Stack size 8 bytes, uartstdio.o(i.UARTFlushTx))
<BR><BR>[Stack]<UL><LI>Max Depth = 8<LI>Call Chain = UARTFlushTx
</UL>
<BR>[Calls]<UL><LI><a href="#[6b]">&gt;&gt;</a>&nbsp;&nbsp;&nbsp;IsBufferEmpty
</UL>
<BR>[Called By]<UL><LI><a href="#[59]">&gt;&gt;</a>&nbsp;&nbsp;&nbsp;UARTStdioConfig
</UL>

<P><STRONG><a name="[59]"></a>UARTStdioConfig</STRONG> (Thumb, 142 bytes, Stack size 32 bytes, uartstdio.o(i.UARTStdioConfig))
<BR><BR>[Stack]<UL><LI>Max Depth = 40<LI>Call Chain = UARTStdioConfig &rArr; UARTFlushTx
</UL>
<BR>[Calls]<UL><LI><a href="#[6a]">&gt;&gt;</a>&nbsp;&nbsp;&nbsp;UARTFlushTx
<LI><a href="#[6d]">&gt;&gt;</a>&nbsp;&nbsp;&nbsp;UARTFlushRx
</UL>
<BR>[Called By]<UL><LI><a href="#[57]">&gt;&gt;</a>&nbsp;&nbsp;&nbsp;ConfigureUART
</UL>

<P><STRONG><a name="[c]"></a>UARTStdioIntHandler</STRONG> (Thumb, 248 bytes, Stack size 24 bytes, uartstdio.o(i.UARTStdioIntHandler))
<BR><BR>[Stack]<UL><LI>Max Depth = 80<LI>Call Chain = UARTStdioIntHandler &rArr; UARTwrite &rArr; UARTPrimeTransmit
</UL>
<BR>[Calls]<UL><LI><a href="#[6e]">&gt;&gt;</a>&nbsp;&nbsp;&nbsp;UARTwrite
<LI><a href="#[6c]">&gt;&gt;</a>&nbsp;&nbsp;&nbsp;UARTPrimeTransmit
<LI><a href="#[6f]">&gt;&gt;</a>&nbsp;&nbsp;&nbsp;IsBufferFull
<LI><a href="#[6b]">&gt;&gt;</a>&nbsp;&nbsp;&nbsp;IsBufferEmpty
</UL>
<BR>[Address Reference Count : 1]<UL><LI> startup_rvmdk.o(RESET)
</UL>
<P><STRONG><a name="[47]"></a>UARTprintf</STRONG> (Thumb, 18 bytes, Stack size 24 bytes, uartstdio.o(i.UARTprintf))
<BR><BR>[Stack]<UL><LI>Max Depth = 136<LI>Call Chain = UARTprintf &rArr; UARTvprintf &rArr; UARTwrite &rArr; UARTPrimeTransmit
</UL>
<BR>[Calls]<UL><LI><a href="#[70]">&gt;&gt;</a>&nbsp;&nbsp;&nbsp;UARTvprintf
</UL>
<BR>[Called By]<UL><LI><a href="#[11]">&gt;&gt;</a>&nbsp;&nbsp;&nbsp;main
<LI><a href="#[1]">&gt;&gt;</a>&nbsp;&nbsp;&nbsp;RxHandler
<LI><a href="#[f]">&gt;&gt;</a>&nbsp;&nbsp;&nbsp;uDMAErrorHandler
<LI><a href="#[10]">&gt;&gt;</a>&nbsp;&nbsp;&nbsp;ADC10IntHandler
<LI><a href="#[d]">&gt;&gt;</a>&nbsp;&nbsp;&nbsp;ADC00IntHandler
</UL>

<P><STRONG><a name="[70]"></a>UARTvprintf</STRONG> (Thumb, 420 bytes, Stack size 56 bytes, uartstdio.o(i.UARTvprintf))
<BR><BR>[Stack]<UL><LI>Max Depth = 112<LI>Call Chain = UARTvprintf &rArr; UARTwrite &rArr; UARTPrimeTransmit
</UL>
<BR>[Calls]<UL><LI><a href="#[6e]">&gt;&gt;</a>&nbsp;&nbsp;&nbsp;UARTwrite
</UL>
<BR>[Called By]<UL><LI><a href="#[47]">&gt;&gt;</a>&nbsp;&nbsp;&nbsp;UARTprintf
</UL>

<P><STRONG><a name="[6e]"></a>UARTwrite</STRONG> (Thumb, 134 bytes, Stack size 32 bytes, uartstdio.o(i.UARTwrite))
<BR><BR>[Stack]<UL><LI>Max Depth = 56<LI>Call Chain = UARTwrite &rArr; UARTPrimeTransmit
</UL>
<BR>[Calls]<UL><LI><a href="#[6c]">&gt;&gt;</a>&nbsp;&nbsp;&nbsp;UARTPrimeTransmit
<LI><a href="#[6f]">&gt;&gt;</a>&nbsp;&nbsp;&nbsp;IsBufferFull
<LI><a href="#[6b]">&gt;&gt;</a>&nbsp;&nbsp;&nbsp;IsBufferEmpty
</UL>
<BR>[Called By]<UL><LI><a href="#[70]">&gt;&gt;</a>&nbsp;&nbsp;&nbsp;UARTvprintf
<LI><a href="#[c]">&gt;&gt;</a>&nbsp;&nbsp;&nbsp;UARTStdioIntHandler
</UL>

<P><STRONG><a name="[71]"></a>ULPIConfigSet</STRONG> (Thumb, 90 bytes, Stack size 16 bytes, usbulpi.o(i.ULPIConfigSet))
<BR><BR>[Stack]<UL><LI>Max Depth = 16<LI>Call Chain = ULPIConfigSet
</UL>
<BR>[Calls]<UL><LI><a href="#[73]">&gt;&gt;</a>&nbsp;&nbsp;&nbsp;USBULPIRegWrite
<LI><a href="#[72]">&gt;&gt;</a>&nbsp;&nbsp;&nbsp;USBULPIRegRead
</UL>
<BR>[Called By]<UL><LI><a href="#[84]">&gt;&gt;</a>&nbsp;&nbsp;&nbsp;USBDCDInit
</UL>

<P><STRONG><a name="[e]"></a>USB0DeviceIntHandler</STRONG> (Thumb, 20 bytes, Stack size 8 bytes, usbdhandler.o(i.USB0DeviceIntHandler))
<BR><BR>[Stack]<UL><LI>Max Depth = 116<LI>Call Chain = USB0DeviceIntHandler &rArr; USBDeviceIntHandlerInternal &rArr; USBDeviceEnumHandler &rArr; USBDEP0StateTxConfig &rArr; USBEndpointDataPut
</UL>
<BR>[Calls]<UL><LI><a href="#[74]">&gt;&gt;</a>&nbsp;&nbsp;&nbsp;USBIntStatusControl
<LI><a href="#[75]">&gt;&gt;</a>&nbsp;&nbsp;&nbsp;USBDeviceIntHandlerInternal
</UL>
<BR>[Address Reference Count : 1]<UL><LI> startup_rvmdk.o(RESET)
</UL>
<P><STRONG><a name="[5d]"></a>USBBufferDataWritten</STRONG> (Thumb, 24 bytes, Stack size 8 bytes, usbbuffer.o(i.USBBufferDataWritten))
<BR><BR>[Stack]<UL><LI>Max Depth = 32<LI>Call Chain = USBBufferDataWritten &rArr; ScheduleNextTransmission
</UL>
<BR>[Calls]<UL><LI><a href="#[76]">&gt;&gt;</a>&nbsp;&nbsp;&nbsp;USBRingBufAdvanceWrite
<LI><a href="#[67]">&gt;&gt;</a>&nbsp;&nbsp;&nbsp;ScheduleNextTransmission
</UL>
<BR>[Called By]<UL><LI><a href="#[5a]">&gt;&gt;</a>&nbsp;&nbsp;&nbsp;EchoNewDataToHost
</UL>

<P><STRONG><a name="[0]"></a>USBBufferEventCallback</STRONG> (Thumb, 340 bytes, Stack size 24 bytes, usbbuffer.o(i.USBBufferEventCallback))
<BR><BR>[Stack]<UL><LI>Max Depth = 56<LI>Call Chain = USBBufferEventCallback &rArr; USBRingBufWrite &rArr; IntMasterEnable
</UL>
<BR>[Calls]<UL><LI><a href="#[78]">&gt;&gt;</a>&nbsp;&nbsp;&nbsp;USBRingBufWrite
<LI><a href="#[69]">&gt;&gt;</a>&nbsp;&nbsp;&nbsp;USBRingBufUsed
<LI><a href="#[77]">&gt;&gt;</a>&nbsp;&nbsp;&nbsp;USBRingBufFree
<LI><a href="#[79]">&gt;&gt;</a>&nbsp;&nbsp;&nbsp;USBRingBufContigFree
<LI><a href="#[76]">&gt;&gt;</a>&nbsp;&nbsp;&nbsp;USBRingBufAdvanceWrite
<LI><a href="#[7a]">&gt;&gt;</a>&nbsp;&nbsp;&nbsp;USBRingBufAdvanceRead
<LI><a href="#[67]">&gt;&gt;</a>&nbsp;&nbsp;&nbsp;ScheduleNextTransmission
</UL>
<BR>[Address Reference Count : 1]<UL><LI> usb_bulk_structs.o(.data)
</UL>
<P><STRONG><a name="[66]"></a>USBBufferFlush</STRONG> (Thumb, 6 bytes, Stack size 0 bytes, usbbuffer.o(i.USBBufferFlush))
<BR><BR>[Stack]<UL><LI>Max Depth = 16<LI>Call Chain = USBBufferFlush &rArr; USBRingBufFlush &rArr; IntMasterEnable
</UL>
<BR>[Calls]<UL><LI><a href="#[7b]">&gt;&gt;</a>&nbsp;&nbsp;&nbsp;USBRingBufFlush
</UL>
<BR>[Called By]<UL><LI><a href="#[1]">&gt;&gt;</a>&nbsp;&nbsp;&nbsp;RxHandler
</UL>

<P><STRONG><a name="[5b]"></a>USBBufferInfoGet</STRONG> (Thumb, 18 bytes, Stack size 0 bytes, usbbuffer.o(i.USBBufferInfoGet))
<BR><BR>[Called By]<UL><LI><a href="#[5a]">&gt;&gt;</a>&nbsp;&nbsp;&nbsp;EchoNewDataToHost
</UL>

<P><STRONG><a name="[7c]"></a>USBBufferInit</STRONG> (Thumb, 24 bytes, Stack size 8 bytes, usbbuffer.o(i.USBBufferInit))
<BR><BR>[Stack]<UL><LI>Max Depth = 8<LI>Call Chain = USBBufferInit
</UL>
<BR>[Calls]<UL><LI><a href="#[7d]">&gt;&gt;</a>&nbsp;&nbsp;&nbsp;USBRingBufInit
</UL>
<BR>[Called By]<UL><LI><a href="#[11]">&gt;&gt;</a>&nbsp;&nbsp;&nbsp;main
</UL>

<P><STRONG><a name="[5c]"></a>USBBufferSpaceAvailable</STRONG> (Thumb, 6 bytes, Stack size 0 bytes, usbbuffer.o(i.USBBufferSpaceAvailable))
<BR><BR>[Calls]<UL><LI><a href="#[77]">&gt;&gt;</a>&nbsp;&nbsp;&nbsp;USBRingBufFree
</UL>
<BR>[Called By]<UL><LI><a href="#[5a]">&gt;&gt;</a>&nbsp;&nbsp;&nbsp;EchoNewDataToHost
</UL>

<P><STRONG><a name="[91]"></a>USBClockEnable</STRONG> (Thumb, 10 bytes, Stack size 0 bytes, usb.o(i.USBClockEnable))
<BR><BR>[Called By]<UL><LI><a href="#[84]">&gt;&gt;</a>&nbsp;&nbsp;&nbsp;USBDCDInit
</UL>

<P><STRONG><a name="[b0]"></a>USBControllerVersion</STRONG> (Thumb, 10 bytes, Stack size 0 bytes, usb.o(i.USBControllerVersion))
<BR><BR>[Called By]<UL><LI><a href="#[9a]">&gt;&gt;</a>&nbsp;&nbsp;&nbsp;USBLibDMAInit
</UL>

<P><STRONG><a name="[7e]"></a>USBDBulkCompositeInit</STRONG> (Thumb, 126 bytes, Stack size 24 bytes, usbdbulk.o(i.USBDBulkCompositeInit))
<BR><BR>[Stack]<UL><LI>Max Depth = 24<LI>Call Chain = USBDBulkCompositeInit
</UL>
<BR>[Calls]<UL><LI><a href="#[7f]">&gt;&gt;</a>&nbsp;&nbsp;&nbsp;USBDCDFeatureGet
<LI><a href="#[80]">&gt;&gt;</a>&nbsp;&nbsp;&nbsp;USBDCDDeviceInfoInit
<LI><a href="#[81]">&gt;&gt;</a>&nbsp;&nbsp;&nbsp;InternalUSBTickInit
<LI><a href="#[82]">&gt;&gt;</a>&nbsp;&nbsp;&nbsp;InternalUSBRegisterTickHandler
</UL>
<BR>[Called By]<UL><LI><a href="#[83]">&gt;&gt;</a>&nbsp;&nbsp;&nbsp;USBDBulkInit
</UL>

<P><STRONG><a name="[83]"></a>USBDBulkInit</STRONG> (Thumb, 54 bytes, Stack size 16 bytes, usbdbulk.o(i.USBDBulkInit))
<BR><BR>[Stack]<UL><LI>Max Depth = 64<LI>Call Chain = USBDBulkInit &rArr; USBDCDInit &rArr; ULPIConfigSet
</UL>
<BR>[Calls]<UL><LI><a href="#[84]">&gt;&gt;</a>&nbsp;&nbsp;&nbsp;USBDCDInit
<LI><a href="#[7e]">&gt;&gt;</a>&nbsp;&nbsp;&nbsp;USBDBulkCompositeInit
</UL>
<BR>[Called By]<UL><LI><a href="#[11]">&gt;&gt;</a>&nbsp;&nbsp;&nbsp;main
</UL>

<P><STRONG><a name="[2]"></a>USBDBulkPacketRead</STRONG> (Thumb, 134 bytes, Stack size 32 bytes, usbdbulk.o(i.USBDBulkPacketRead))
<BR><BR>[Stack]<UL><LI>Max Depth = 36<LI>Call Chain = USBDBulkPacketRead &rArr; USBEndpointDataGet
</UL>
<BR>[Calls]<UL><LI><a href="#[60]">&gt;&gt;</a>&nbsp;&nbsp;&nbsp;USBEndpointStatus
<LI><a href="#[85]">&gt;&gt;</a>&nbsp;&nbsp;&nbsp;USBEndpointDataGet
<LI><a href="#[48]">&gt;&gt;</a>&nbsp;&nbsp;&nbsp;USBEndpointDataAvail
<LI><a href="#[61]">&gt;&gt;</a>&nbsp;&nbsp;&nbsp;USBDevEndpointStatusClear
<LI><a href="#[86]">&gt;&gt;</a>&nbsp;&nbsp;&nbsp;USBDevEndpointDataAck
</UL>
<BR>[Address Reference Count : 1]<UL><LI> usb_bulk_structs.o(.data)
</UL>
<P><STRONG><a name="[5]"></a>USBDBulkPacketWrite</STRONG> (Thumb, 80 bytes, Stack size 16 bytes, usbdbulk.o(i.USBDBulkPacketWrite))
<BR><BR>[Stack]<UL><LI>Max Depth = 20<LI>Call Chain = USBDBulkPacketWrite &rArr; USBEndpointDataPut
</UL>
<BR>[Calls]<UL><LI><a href="#[88]">&gt;&gt;</a>&nbsp;&nbsp;&nbsp;USBEndpointDataSend
<LI><a href="#[87]">&gt;&gt;</a>&nbsp;&nbsp;&nbsp;USBEndpointDataPut
</UL>
<BR>[Address Reference Count : 1]<UL><LI> usb_bulk_structs.o(.data)
</UL>
<P><STRONG><a name="[3]"></a>USBDBulkRxPacketAvailable</STRONG> (Thumb, 38 bytes, Stack size 8 bytes, usbdbulk.o(i.USBDBulkRxPacketAvailable))
<BR><BR>[Stack]<UL><LI>Max Depth = 8<LI>Call Chain = USBDBulkRxPacketAvailable
</UL>
<BR>[Calls]<UL><LI><a href="#[60]">&gt;&gt;</a>&nbsp;&nbsp;&nbsp;USBEndpointStatus
<LI><a href="#[48]">&gt;&gt;</a>&nbsp;&nbsp;&nbsp;USBEndpointDataAvail
</UL>
<BR>[Address Reference Count : 1]<UL><LI> usb_bulk_structs.o(.data)
</UL>
<P><STRONG><a name="[6]"></a>USBDBulkTxPacketAvailable</STRONG> (Thumb, 16 bytes, Stack size 0 bytes, usbdbulk.o(i.USBDBulkTxPacketAvailable))
<BR>[Address Reference Count : 1]<UL><LI> usb_bulk_structs.o(.data)
</UL>
<P><STRONG><a name="[89]"></a>USBDCDConfigDescGet</STRONG> (Thumb, 86 bytes, Stack size 32 bytes, usbdcdesc.o(i.USBDCDConfigDescGet))
<BR><BR>[Stack]<UL><LI>Max Depth = 44<LI>Call Chain = USBDCDConfigDescGet &rArr; USBDescGet
</UL>
<BR>[Calls]<UL><LI><a href="#[8a]">&gt;&gt;</a>&nbsp;&nbsp;&nbsp;USBDescGetNum
<LI><a href="#[8b]">&gt;&gt;</a>&nbsp;&nbsp;&nbsp;USBDescGet
</UL>
<BR>[Called By]<UL><LI><a href="#[a5]">&gt;&gt;</a>&nbsp;&nbsp;&nbsp;USBDeviceConfig
</UL>

<P><STRONG><a name="[8c]"></a>USBDCDConfigDescGetNum</STRONG> (Thumb, 54 bytes, Stack size 24 bytes, usbdcdesc.o(i.USBDCDConfigDescGetNum))
<BR><BR>[Stack]<UL><LI>Max Depth = 32<LI>Call Chain = USBDCDConfigDescGetNum &rArr; USBDescGetNum
</UL>
<BR>[Calls]<UL><LI><a href="#[8a]">&gt;&gt;</a>&nbsp;&nbsp;&nbsp;USBDescGetNum
</UL>
<BR>[Called By]<UL><LI><a href="#[a6]">&gt;&gt;</a>&nbsp;&nbsp;&nbsp;USBDeviceConfigAlternate
<LI><a href="#[a5]">&gt;&gt;</a>&nbsp;&nbsp;&nbsp;USBDeviceConfig
<LI><a href="#[3b]">&gt;&gt;</a>&nbsp;&nbsp;&nbsp;USBDSetInterface
</UL>

<P><STRONG><a name="[a3]"></a>USBDCDConfigDescGetSize</STRONG> (Thumb, 34 bytes, Stack size 0 bytes, usbdcdesc.o(i.USBDCDConfigDescGetSize))
<BR><BR>[Called By]<UL><LI><a href="#[36]">&gt;&gt;</a>&nbsp;&nbsp;&nbsp;USBDGetDescriptor
<LI><a href="#[a2]">&gt;&gt;</a>&nbsp;&nbsp;&nbsp;USBDEP0StateTxConfig
</UL>

<P><STRONG><a name="[8d]"></a>USBDCDConfigGetInterface</STRONG> (Thumb, 188 bytes, Stack size 32 bytes, usbdcdesc.o(i.USBDCDConfigGetInterface))
<BR><BR>[Stack]<UL><LI>Max Depth = 44<LI>Call Chain = USBDCDConfigGetInterface &rArr; USBDescGet
</UL>
<BR>[Calls]<UL><LI><a href="#[8a]">&gt;&gt;</a>&nbsp;&nbsp;&nbsp;USBDescGetNum
<LI><a href="#[8b]">&gt;&gt;</a>&nbsp;&nbsp;&nbsp;USBDescGet
</UL>
<BR>[Called By]<UL><LI><a href="#[8e]">&gt;&gt;</a>&nbsp;&nbsp;&nbsp;USBDCDConfigGetInterfaceEndpoint
<LI><a href="#[a6]">&gt;&gt;</a>&nbsp;&nbsp;&nbsp;USBDeviceConfigAlternate
<LI><a href="#[a5]">&gt;&gt;</a>&nbsp;&nbsp;&nbsp;USBDeviceConfig
<LI><a href="#[3b]">&gt;&gt;</a>&nbsp;&nbsp;&nbsp;USBDSetInterface
</UL>

<P><STRONG><a name="[8e]"></a>USBDCDConfigGetInterfaceEndpoint</STRONG> (Thumb, 94 bytes, Stack size 16 bytes, usbdcdesc.o(i.USBDCDConfigGetInterfaceEndpoint))
<BR><BR>[Stack]<UL><LI>Max Depth = 60<LI>Call Chain = USBDCDConfigGetInterfaceEndpoint &rArr; USBDCDConfigGetInterface &rArr; USBDescGet
</UL>
<BR>[Calls]<UL><LI><a href="#[8d]">&gt;&gt;</a>&nbsp;&nbsp;&nbsp;USBDCDConfigGetInterface
</UL>
<BR>[Called By]<UL><LI><a href="#[a6]">&gt;&gt;</a>&nbsp;&nbsp;&nbsp;USBDeviceConfigAlternate
<LI><a href="#[a5]">&gt;&gt;</a>&nbsp;&nbsp;&nbsp;USBDeviceConfig
</UL>

<P><STRONG><a name="[80]"></a>USBDCDDeviceInfoInit</STRONG> (Thumb, 54 bytes, Stack size 0 bytes, usbdenum.o(i.USBDCDDeviceInfoInit))
<BR><BR>[Called By]<UL><LI><a href="#[7e]">&gt;&gt;</a>&nbsp;&nbsp;&nbsp;USBDBulkCompositeInit
</UL>

<P><STRONG><a name="[7f]"></a>USBDCDFeatureGet</STRONG> (Thumb, 18 bytes, Stack size 0 bytes, usbdenum.o(i.USBDCDFeatureGet))
<BR><BR>[Called By]<UL><LI><a href="#[7e]">&gt;&gt;</a>&nbsp;&nbsp;&nbsp;USBDBulkCompositeInit
</UL>

<P><STRONG><a name="[84]"></a>USBDCDInit</STRONG> (Thumb, 392 bytes, Stack size 32 bytes, usbdenum.o(i.USBDCDInit))
<BR><BR>[Stack]<UL><LI>Max Depth = 48<LI>Call Chain = USBDCDInit &rArr; ULPIConfigSet
</UL>
<BR>[Calls]<UL><LI><a href="#[4a]">&gt;&gt;</a>&nbsp;&nbsp;&nbsp;SysCtlPeripheralEnable
<LI><a href="#[55]">&gt;&gt;</a>&nbsp;&nbsp;&nbsp;IntEnable
<LI><a href="#[90]">&gt;&gt;</a>&nbsp;&nbsp;&nbsp;SysCtlUSBPLLEnable
<LI><a href="#[8f]">&gt;&gt;</a>&nbsp;&nbsp;&nbsp;SysCtlPeripheralReset
<LI><a href="#[94]">&gt;&gt;</a>&nbsp;&nbsp;&nbsp;USBOTGMode
<LI><a href="#[9d]">&gt;&gt;</a>&nbsp;&nbsp;&nbsp;USBIntEnableEndpoint
<LI><a href="#[9c]">&gt;&gt;</a>&nbsp;&nbsp;&nbsp;USBIntEnableControl
<LI><a href="#[74]">&gt;&gt;</a>&nbsp;&nbsp;&nbsp;USBIntStatusControl
<LI><a href="#[81]">&gt;&gt;</a>&nbsp;&nbsp;&nbsp;InternalUSBTickInit
<LI><a href="#[9a]">&gt;&gt;</a>&nbsp;&nbsp;&nbsp;USBLibDMAInit
<LI><a href="#[71]">&gt;&gt;</a>&nbsp;&nbsp;&nbsp;ULPIConfigSet
<LI><a href="#[92]">&gt;&gt;</a>&nbsp;&nbsp;&nbsp;USBULPIEnable
<LI><a href="#[93]">&gt;&gt;</a>&nbsp;&nbsp;&nbsp;USBULPIDisable
<LI><a href="#[97]">&gt;&gt;</a>&nbsp;&nbsp;&nbsp;USBLPMIntEnable
<LI><a href="#[9b]">&gt;&gt;</a>&nbsp;&nbsp;&nbsp;USBIntStatusEndpoint
<LI><a href="#[95]">&gt;&gt;</a>&nbsp;&nbsp;&nbsp;USBDevMode
<LI><a href="#[98]">&gt;&gt;</a>&nbsp;&nbsp;&nbsp;USBDevLPMEnable
<LI><a href="#[99]">&gt;&gt;</a>&nbsp;&nbsp;&nbsp;USBDevLPMDisable
<LI><a href="#[96]">&gt;&gt;</a>&nbsp;&nbsp;&nbsp;USBDevLPMConfig
<LI><a href="#[9e]">&gt;&gt;</a>&nbsp;&nbsp;&nbsp;USBDevConnect
<LI><a href="#[91]">&gt;&gt;</a>&nbsp;&nbsp;&nbsp;USBClockEnable
</UL>
<BR>[Called By]<UL><LI><a href="#[83]">&gt;&gt;</a>&nbsp;&nbsp;&nbsp;USBDBulkInit
</UL>

<P><STRONG><a name="[b9]"></a>USBDMAChannelAddressSet</STRONG> (Thumb, 10 bytes, Stack size 0 bytes, usb.o(i.USBDMAChannelAddressSet))
<BR><BR>[Called By]<UL><LI><a href="#[27]">&gt;&gt;</a>&nbsp;&nbsp;&nbsp;iDMAUSBTransfer
</UL>

<P><STRONG><a name="[bd]"></a>USBDMAChannelConfigSet</STRONG> (Thumb, 22 bytes, Stack size 0 bytes, usb.o(i.USBDMAChannelConfigSet))
<BR><BR>[Called By]<UL><LI><a href="#[27]">&gt;&gt;</a>&nbsp;&nbsp;&nbsp;iDMAUSBTransfer
</UL>

<P><STRONG><a name="[ba]"></a>USBDMAChannelCountSet</STRONG> (Thumb, 10 bytes, Stack size 0 bytes, usb.o(i.USBDMAChannelCountSet))
<BR><BR>[Called By]<UL><LI><a href="#[27]">&gt;&gt;</a>&nbsp;&nbsp;&nbsp;iDMAUSBTransfer
</UL>

<P><STRONG><a name="[b1]"></a>USBDMAChannelDisable</STRONG> (Thumb, 18 bytes, Stack size 0 bytes, usb.o(i.USBDMAChannelDisable))
<BR><BR>[Called By]<UL><LI><a href="#[28]">&gt;&gt;</a>&nbsp;&nbsp;&nbsp;iDMAUSBChannelRelease
<LI><a href="#[2a]">&gt;&gt;</a>&nbsp;&nbsp;&nbsp;iDMAUSBChannelDisable
<LI><a href="#[22]">&gt;&gt;</a>&nbsp;&nbsp;&nbsp;iDMAUSBChannelAllocate
</UL>

<P><STRONG><a name="[b6]"></a>USBDMAChannelEnable</STRONG> (Thumb, 18 bytes, Stack size 0 bytes, usb.o(i.USBDMAChannelEnable))
<BR><BR>[Called By]<UL><LI><a href="#[27]">&gt;&gt;</a>&nbsp;&nbsp;&nbsp;iDMAUSBTransfer
<LI><a href="#[29]">&gt;&gt;</a>&nbsp;&nbsp;&nbsp;iDMAUSBChannelEnable
</UL>

<P><STRONG><a name="[b2]"></a>USBDMAChannelIntDisable</STRONG> (Thumb, 18 bytes, Stack size 0 bytes, usb.o(i.USBDMAChannelIntDisable))
<BR><BR>[Called By]<UL><LI><a href="#[26]">&gt;&gt;</a>&nbsp;&nbsp;&nbsp;iDMAUSBChannelIntDisable
<LI><a href="#[2a]">&gt;&gt;</a>&nbsp;&nbsp;&nbsp;iDMAUSBChannelDisable
</UL>

<P><STRONG><a name="[b5]"></a>USBDMAChannelIntEnable</STRONG> (Thumb, 18 bytes, Stack size 0 bytes, usb.o(i.USBDMAChannelIntEnable))
<BR><BR>[Called By]<UL><LI><a href="#[25]">&gt;&gt;</a>&nbsp;&nbsp;&nbsp;iDMAUSBChannelIntEnable
<LI><a href="#[29]">&gt;&gt;</a>&nbsp;&nbsp;&nbsp;iDMAUSBChannelEnable
</UL>

<P><STRONG><a name="[b8]"></a>USBDMAChannelIntStatus</STRONG> (Thumb, 6 bytes, Stack size 0 bytes, usb.o(i.USBDMAChannelIntStatus))
<BR><BR>[Called By]<UL><LI><a href="#[24]">&gt;&gt;</a>&nbsp;&nbsp;&nbsp;iDMAUSBIntStatus
</UL>

<P><STRONG><a name="[b7]"></a>USBDMAChannelStatus</STRONG> (Thumb, 14 bytes, Stack size 0 bytes, usb.o(i.USBDMAChannelStatus))
<BR><BR>[Called By]<UL><LI><a href="#[23]">&gt;&gt;</a>&nbsp;&nbsp;&nbsp;iDMAUSBChannelStatus
</UL>

<P><STRONG><a name="[8b]"></a>USBDescGet</STRONG> (Thumb, 54 bytes, Stack size 12 bytes, usbdesc.o(i.USBDescGet))
<BR><BR>[Stack]<UL><LI>Max Depth = 12<LI>Call Chain = USBDescGet
</UL>
<BR>[Called By]<UL><LI><a href="#[89]">&gt;&gt;</a>&nbsp;&nbsp;&nbsp;USBDCDConfigDescGet
<LI><a href="#[8d]">&gt;&gt;</a>&nbsp;&nbsp;&nbsp;USBDCDConfigGetInterface
</UL>

<P><STRONG><a name="[8a]"></a>USBDescGetNum</STRONG> (Thumb, 46 bytes, Stack size 8 bytes, usbdesc.o(i.USBDescGetNum))
<BR><BR>[Stack]<UL><LI>Max Depth = 8<LI>Call Chain = USBDescGetNum
</UL>
<BR>[Called By]<UL><LI><a href="#[89]">&gt;&gt;</a>&nbsp;&nbsp;&nbsp;USBDCDConfigDescGet
<LI><a href="#[8d]">&gt;&gt;</a>&nbsp;&nbsp;&nbsp;USBDCDConfigGetInterface
<LI><a href="#[8c]">&gt;&gt;</a>&nbsp;&nbsp;&nbsp;USBDCDConfigDescGetNum
</UL>

<P><STRONG><a name="[aa]"></a>USBDevAddrSet</STRONG> (Thumb, 4 bytes, Stack size 0 bytes, usb.o(i.USBDevAddrSet))
<BR><BR>[Called By]<UL><LI><a href="#[a9]">&gt;&gt;</a>&nbsp;&nbsp;&nbsp;USBDeviceEnumHandler
</UL>

<P><STRONG><a name="[9e]"></a>USBDevConnect</STRONG> (Thumb, 10 bytes, Stack size 0 bytes, usb.o(i.USBDevConnect))
<BR><BR>[Called By]<UL><LI><a href="#[84]">&gt;&gt;</a>&nbsp;&nbsp;&nbsp;USBDCDInit
</UL>

<P><STRONG><a name="[ac]"></a>USBDevDisconnect</STRONG> (Thumb, 10 bytes, Stack size 0 bytes, usb.o(i.USBDevDisconnect))
<BR><BR>[Called By]<UL><LI><a href="#[75]">&gt;&gt;</a>&nbsp;&nbsp;&nbsp;USBDeviceIntHandlerInternal
</UL>

<P><STRONG><a name="[a7]"></a>USBDevEndpointConfigSet</STRONG> (Thumb, 136 bytes, Stack size 0 bytes, usb.o(i.USBDevEndpointConfigSet))
<BR><BR>[Called By]<UL><LI><a href="#[a6]">&gt;&gt;</a>&nbsp;&nbsp;&nbsp;USBDeviceConfigAlternate
<LI><a href="#[a5]">&gt;&gt;</a>&nbsp;&nbsp;&nbsp;USBDeviceConfig
</UL>

<P><STRONG><a name="[86]"></a>USBDevEndpointDataAck</STRONG> (Thumb, 36 bytes, Stack size 0 bytes, usb.o(i.USBDevEndpointDataAck))
<BR><BR>[Called By]<UL><LI><a href="#[2]">&gt;&gt;</a>&nbsp;&nbsp;&nbsp;USBDBulkPacketRead
<LI><a href="#[a9]">&gt;&gt;</a>&nbsp;&nbsp;&nbsp;USBDeviceEnumHandler
<LI><a href="#[3c]">&gt;&gt;</a>&nbsp;&nbsp;&nbsp;USBDSyncFrame
<LI><a href="#[3b]">&gt;&gt;</a>&nbsp;&nbsp;&nbsp;USBDSetInterface
<LI><a href="#[34]">&gt;&gt;</a>&nbsp;&nbsp;&nbsp;USBDSetFeature
<LI><a href="#[37]">&gt;&gt;</a>&nbsp;&nbsp;&nbsp;USBDSetDescriptor
<LI><a href="#[39]">&gt;&gt;</a>&nbsp;&nbsp;&nbsp;USBDSetConfiguration
<LI><a href="#[35]">&gt;&gt;</a>&nbsp;&nbsp;&nbsp;USBDSetAddress
<LI><a href="#[32]">&gt;&gt;</a>&nbsp;&nbsp;&nbsp;USBDGetStatus
<LI><a href="#[3a]">&gt;&gt;</a>&nbsp;&nbsp;&nbsp;USBDGetInterface
<LI><a href="#[36]">&gt;&gt;</a>&nbsp;&nbsp;&nbsp;USBDGetDescriptor
<LI><a href="#[38]">&gt;&gt;</a>&nbsp;&nbsp;&nbsp;USBDGetConfiguration
<LI><a href="#[33]">&gt;&gt;</a>&nbsp;&nbsp;&nbsp;USBDClearFeature
</UL>

<P><STRONG><a name="[9f]"></a>USBDevEndpointStall</STRONG> (Thumb, 52 bytes, Stack size 0 bytes, usb.o(i.USBDevEndpointStall))
<BR><BR>[Called By]<UL><LI><a href="#[3c]">&gt;&gt;</a>&nbsp;&nbsp;&nbsp;USBDSyncFrame
<LI><a href="#[3b]">&gt;&gt;</a>&nbsp;&nbsp;&nbsp;USBDSetInterface
<LI><a href="#[34]">&gt;&gt;</a>&nbsp;&nbsp;&nbsp;USBDSetFeature
<LI><a href="#[37]">&gt;&gt;</a>&nbsp;&nbsp;&nbsp;USBDSetDescriptor
<LI><a href="#[39]">&gt;&gt;</a>&nbsp;&nbsp;&nbsp;USBDSetConfiguration
<LI><a href="#[a4]">&gt;&gt;</a>&nbsp;&nbsp;&nbsp;USBDReadAndDispatchRequest
<LI><a href="#[32]">&gt;&gt;</a>&nbsp;&nbsp;&nbsp;USBDGetStatus
<LI><a href="#[3a]">&gt;&gt;</a>&nbsp;&nbsp;&nbsp;USBDGetInterface
<LI><a href="#[36]">&gt;&gt;</a>&nbsp;&nbsp;&nbsp;USBDGetDescriptor
<LI><a href="#[33]">&gt;&gt;</a>&nbsp;&nbsp;&nbsp;USBDClearFeature
</UL>

<P><STRONG><a name="[a0]"></a>USBDevEndpointStallClear</STRONG> (Thumb, 74 bytes, Stack size 0 bytes, usb.o(i.USBDevEndpointStallClear))
<BR><BR>[Called By]<UL><LI><a href="#[33]">&gt;&gt;</a>&nbsp;&nbsp;&nbsp;USBDClearFeature
</UL>

<P><STRONG><a name="[61]"></a>USBDevEndpointStatusClear</STRONG> (Thumb, 94 bytes, Stack size 0 bytes, usb.o(i.USBDevEndpointStatusClear))
<BR><BR>[Called By]<UL><LI><a href="#[2]">&gt;&gt;</a>&nbsp;&nbsp;&nbsp;USBDBulkPacketRead
<LI><a href="#[30]">&gt;&gt;</a>&nbsp;&nbsp;&nbsp;HandleEndpoints
<LI><a href="#[a9]">&gt;&gt;</a>&nbsp;&nbsp;&nbsp;USBDeviceEnumHandler
</UL>

<P><STRONG><a name="[96]"></a>USBDevLPMConfig</STRONG> (Thumb, 6 bytes, Stack size 0 bytes, usb.o(i.USBDevLPMConfig))
<BR><BR>[Called By]<UL><LI><a href="#[84]">&gt;&gt;</a>&nbsp;&nbsp;&nbsp;USBDCDInit
</UL>

<P><STRONG><a name="[99]"></a>USBDevLPMDisable</STRONG> (Thumb, 14 bytes, Stack size 0 bytes, usb.o(i.USBDevLPMDisable))
<BR><BR>[Called By]<UL><LI><a href="#[84]">&gt;&gt;</a>&nbsp;&nbsp;&nbsp;USBDCDInit
</UL>

<P><STRONG><a name="[98]"></a>USBDevLPMEnable</STRONG> (Thumb, 14 bytes, Stack size 0 bytes, usb.o(i.USBDevLPMEnable))
<BR><BR>[Called By]<UL><LI><a href="#[75]">&gt;&gt;</a>&nbsp;&nbsp;&nbsp;USBDeviceIntHandlerInternal
<LI><a href="#[84]">&gt;&gt;</a>&nbsp;&nbsp;&nbsp;USBDCDInit
</UL>

<P><STRONG><a name="[95]"></a>USBDevMode</STRONG> (Thumb, 8 bytes, Stack size 0 bytes, usb.o(i.USBDevMode))
<BR><BR>[Called By]<UL><LI><a href="#[84]">&gt;&gt;</a>&nbsp;&nbsp;&nbsp;USBDCDInit
</UL>

<P><STRONG><a name="[a5]"></a>USBDeviceConfig</STRONG> (Thumb, 410 bytes, Stack size 112 bytes, usbdconfig.o(i.USBDeviceConfig))
<BR><BR>[Stack]<UL><LI>Max Depth = 172<LI>Call Chain = USBDeviceConfig &rArr; USBDCDConfigGetInterfaceEndpoint &rArr; USBDCDConfigGetInterface &rArr; USBDescGet
</UL>
<BR>[Calls]<UL><LI><a href="#[8e]">&gt;&gt;</a>&nbsp;&nbsp;&nbsp;USBDCDConfigGetInterfaceEndpoint
<LI><a href="#[89]">&gt;&gt;</a>&nbsp;&nbsp;&nbsp;USBDCDConfigDescGet
<LI><a href="#[8d]">&gt;&gt;</a>&nbsp;&nbsp;&nbsp;USBDCDConfigGetInterface
<LI><a href="#[8c]">&gt;&gt;</a>&nbsp;&nbsp;&nbsp;USBDCDConfigDescGetNum
<LI><a href="#[a8]">&gt;&gt;</a>&nbsp;&nbsp;&nbsp;USBFIFOConfigSet
<LI><a href="#[a7]">&gt;&gt;</a>&nbsp;&nbsp;&nbsp;USBDevEndpointConfigSet
</UL>
<BR>[Called By]<UL><LI><a href="#[39]">&gt;&gt;</a>&nbsp;&nbsp;&nbsp;USBDSetConfiguration
</UL>

<P><STRONG><a name="[a6]"></a>USBDeviceConfigAlternate</STRONG> (Thumb, 194 bytes, Stack size 40 bytes, usbdconfig.o(i.USBDeviceConfigAlternate))
<BR><BR>[Stack]<UL><LI>Max Depth = 100<LI>Call Chain = USBDeviceConfigAlternate &rArr; USBDCDConfigGetInterfaceEndpoint &rArr; USBDCDConfigGetInterface &rArr; USBDescGet
</UL>
<BR>[Calls]<UL><LI><a href="#[8e]">&gt;&gt;</a>&nbsp;&nbsp;&nbsp;USBDCDConfigGetInterfaceEndpoint
<LI><a href="#[8d]">&gt;&gt;</a>&nbsp;&nbsp;&nbsp;USBDCDConfigGetInterface
<LI><a href="#[8c]">&gt;&gt;</a>&nbsp;&nbsp;&nbsp;USBDCDConfigDescGetNum
<LI><a href="#[a7]">&gt;&gt;</a>&nbsp;&nbsp;&nbsp;USBDevEndpointConfigSet
</UL>
<BR>[Called By]<UL><LI><a href="#[3b]">&gt;&gt;</a>&nbsp;&nbsp;&nbsp;USBDSetInterface
</UL>

<P><STRONG><a name="[a9]"></a>USBDeviceEnumHandler</STRONG> (Thumb, 224 bytes, Stack size 24 bytes, usbdenum.o(i.USBDeviceEnumHandler))
<BR><BR>[Stack]<UL><LI>Max Depth = 76<LI>Call Chain = USBDeviceEnumHandler &rArr; USBDEP0StateTxConfig &rArr; USBEndpointDataPut
</UL>
<BR>[Calls]<UL><LI><a href="#[60]">&gt;&gt;</a>&nbsp;&nbsp;&nbsp;USBEndpointStatus
<LI><a href="#[85]">&gt;&gt;</a>&nbsp;&nbsp;&nbsp;USBEndpointDataGet
<LI><a href="#[61]">&gt;&gt;</a>&nbsp;&nbsp;&nbsp;USBDevEndpointStatusClear
<LI><a href="#[86]">&gt;&gt;</a>&nbsp;&nbsp;&nbsp;USBDevEndpointDataAck
<LI><a href="#[a4]">&gt;&gt;</a>&nbsp;&nbsp;&nbsp;USBDReadAndDispatchRequest
<LI><a href="#[a2]">&gt;&gt;</a>&nbsp;&nbsp;&nbsp;USBDEP0StateTxConfig
<LI><a href="#[a1]">&gt;&gt;</a>&nbsp;&nbsp;&nbsp;USBDEP0StateTx
<LI><a href="#[aa]">&gt;&gt;</a>&nbsp;&nbsp;&nbsp;USBDevAddrSet
</UL>
<BR>[Called By]<UL><LI><a href="#[75]">&gt;&gt;</a>&nbsp;&nbsp;&nbsp;USBDeviceIntHandlerInternal
</UL>

<P><STRONG><a name="[75]"></a>USBDeviceIntHandlerInternal</STRONG> (Thumb, 388 bytes, Stack size 32 bytes, usbdenum.o(i.USBDeviceIntHandlerInternal))
<BR><BR>[Stack]<UL><LI>Max Depth = 108<LI>Call Chain = USBDeviceIntHandlerInternal &rArr; USBDeviceEnumHandler &rArr; USBDEP0StateTxConfig &rArr; USBEndpointDataPut
</UL>
<BR>[Calls]<UL><LI><a href="#[ad]">&gt;&gt;</a>&nbsp;&nbsp;&nbsp;InternalUSBStartOfFrameTick
<LI><a href="#[ab]">&gt;&gt;</a>&nbsp;&nbsp;&nbsp;USBDeviceResumeTickHandler
<LI><a href="#[a9]">&gt;&gt;</a>&nbsp;&nbsp;&nbsp;USBDeviceEnumHandler
<LI><a href="#[ae]">&gt;&gt;</a>&nbsp;&nbsp;&nbsp;USBLPMIntStatus
<LI><a href="#[9b]">&gt;&gt;</a>&nbsp;&nbsp;&nbsp;USBIntStatusEndpoint
<LI><a href="#[98]">&gt;&gt;</a>&nbsp;&nbsp;&nbsp;USBDevLPMEnable
<LI><a href="#[ac]">&gt;&gt;</a>&nbsp;&nbsp;&nbsp;USBDevDisconnect
</UL>
<BR>[Called By]<UL><LI><a href="#[e]">&gt;&gt;</a>&nbsp;&nbsp;&nbsp;USB0DeviceIntHandler
</UL>

<P><STRONG><a name="[ab]"></a>USBDeviceResumeTickHandler</STRONG> (Thumb, 76 bytes, Stack size 8 bytes, usbdenum.o(i.USBDeviceResumeTickHandler))
<BR><BR>[Stack]<UL><LI>Max Depth = 8<LI>Call Chain = USBDeviceResumeTickHandler
</UL>
<BR>[Calls]<UL><LI><a href="#[af]">&gt;&gt;</a>&nbsp;&nbsp;&nbsp;USBHostResume
</UL>
<BR>[Called By]<UL><LI><a href="#[75]">&gt;&gt;</a>&nbsp;&nbsp;&nbsp;USBDeviceIntHandlerInternal
</UL>

<P><STRONG><a name="[c8]"></a>USBEndpointDMAChannel</STRONG> (Thumb, 26 bytes, Stack size 0 bytes, usb.o(i.USBEndpointDMAChannel))
<BR><BR>[Called By]<UL><LI><a href="#[14]">&gt;&gt;</a>&nbsp;&nbsp;&nbsp;uDMAUSBChannelAllocate
</UL>

<P><STRONG><a name="[bc]"></a>USBEndpointDMAConfigSet</STRONG> (Thumb, 86 bytes, Stack size 0 bytes, usb.o(i.USBEndpointDMAConfigSet))
<BR><BR>[Called By]<UL><LI><a href="#[1f]">&gt;&gt;</a>&nbsp;&nbsp;&nbsp;uDMAUSBTransfer
<LI><a href="#[27]">&gt;&gt;</a>&nbsp;&nbsp;&nbsp;iDMAUSBTransfer
</UL>

<P><STRONG><a name="[bf]"></a>USBEndpointDMADisable</STRONG> (Thumb, 36 bytes, Stack size 0 bytes, usb.o(i.USBEndpointDMADisable))
<BR><BR>[Called By]<UL><LI><a href="#[19]">&gt;&gt;</a>&nbsp;&nbsp;&nbsp;uDMAUSBChannelRelease
<LI><a href="#[15]">&gt;&gt;</a>&nbsp;&nbsp;&nbsp;uDMAUSBChannelDisable
<LI><a href="#[14]">&gt;&gt;</a>&nbsp;&nbsp;&nbsp;uDMAUSBChannelAllocate
<LI><a href="#[27]">&gt;&gt;</a>&nbsp;&nbsp;&nbsp;iDMAUSBTransfer
</UL>

<P><STRONG><a name="[be]"></a>USBEndpointDMAEnable</STRONG> (Thumb, 36 bytes, Stack size 0 bytes, usb.o(i.USBEndpointDMAEnable))
<BR><BR>[Called By]<UL><LI><a href="#[16]">&gt;&gt;</a>&nbsp;&nbsp;&nbsp;uDMAUSBChannelEnable
<LI><a href="#[27]">&gt;&gt;</a>&nbsp;&nbsp;&nbsp;iDMAUSBTransfer
</UL>

<P><STRONG><a name="[48]"></a>USBEndpointDataAvail</STRONG> (Thumb, 30 bytes, Stack size 0 bytes, usb.o(i.USBEndpointDataAvail))
<BR><BR>[Called By]<UL><LI><a href="#[3]">&gt;&gt;</a>&nbsp;&nbsp;&nbsp;USBDBulkRxPacketAvailable
<LI><a href="#[2]">&gt;&gt;</a>&nbsp;&nbsp;&nbsp;USBDBulkPacketRead
<LI><a href="#[30]">&gt;&gt;</a>&nbsp;&nbsp;&nbsp;HandleEndpoints
<LI><a href="#[12]">&gt;&gt;</a>&nbsp;&nbsp;&nbsp;BulkTickHandler
</UL>

<P><STRONG><a name="[85]"></a>USBEndpointDataGet</STRONG> (Thumb, 84 bytes, Stack size 4 bytes, usb.o(i.USBEndpointDataGet))
<BR><BR>[Stack]<UL><LI>Max Depth = 4<LI>Call Chain = USBEndpointDataGet
</UL>
<BR>[Called By]<UL><LI><a href="#[2]">&gt;&gt;</a>&nbsp;&nbsp;&nbsp;USBDBulkPacketRead
<LI><a href="#[a9]">&gt;&gt;</a>&nbsp;&nbsp;&nbsp;USBDeviceEnumHandler
<LI><a href="#[a4]">&gt;&gt;</a>&nbsp;&nbsp;&nbsp;USBDReadAndDispatchRequest
</UL>

<P><STRONG><a name="[87]"></a>USBEndpointDataPut</STRONG> (Thumb, 58 bytes, Stack size 4 bytes, usb.o(i.USBEndpointDataPut))
<BR><BR>[Stack]<UL><LI>Max Depth = 4<LI>Call Chain = USBEndpointDataPut
</UL>
<BR>[Called By]<UL><LI><a href="#[5]">&gt;&gt;</a>&nbsp;&nbsp;&nbsp;USBDBulkPacketWrite
<LI><a href="#[a2]">&gt;&gt;</a>&nbsp;&nbsp;&nbsp;USBDEP0StateTxConfig
<LI><a href="#[a1]">&gt;&gt;</a>&nbsp;&nbsp;&nbsp;USBDEP0StateTx
</UL>

<P><STRONG><a name="[88]"></a>USBEndpointDataSend</STRONG> (Thumb, 48 bytes, Stack size 0 bytes, usb.o(i.USBEndpointDataSend))
<BR><BR>[Called By]<UL><LI><a href="#[5]">&gt;&gt;</a>&nbsp;&nbsp;&nbsp;USBDBulkPacketWrite
<LI><a href="#[a2]">&gt;&gt;</a>&nbsp;&nbsp;&nbsp;USBDEP0StateTxConfig
<LI><a href="#[a1]">&gt;&gt;</a>&nbsp;&nbsp;&nbsp;USBDEP0StateTx
</UL>

<P><STRONG><a name="[bb]"></a>USBEndpointPacketCountSet</STRONG> (Thumb, 12 bytes, Stack size 0 bytes, usb.o(i.USBEndpointPacketCountSet))
<BR><BR>[Called By]<UL><LI><a href="#[1f]">&gt;&gt;</a>&nbsp;&nbsp;&nbsp;uDMAUSBTransfer
<LI><a href="#[27]">&gt;&gt;</a>&nbsp;&nbsp;&nbsp;iDMAUSBTransfer
</UL>

<P><STRONG><a name="[60]"></a>USBEndpointStatus</STRONG> (Thumb, 16 bytes, Stack size 0 bytes, usb.o(i.USBEndpointStatus))
<BR><BR>[Called By]<UL><LI><a href="#[3]">&gt;&gt;</a>&nbsp;&nbsp;&nbsp;USBDBulkRxPacketAvailable
<LI><a href="#[2]">&gt;&gt;</a>&nbsp;&nbsp;&nbsp;USBDBulkPacketRead
<LI><a href="#[30]">&gt;&gt;</a>&nbsp;&nbsp;&nbsp;HandleEndpoints
<LI><a href="#[a9]">&gt;&gt;</a>&nbsp;&nbsp;&nbsp;USBDeviceEnumHandler
</UL>

<P><STRONG><a name="[ca]"></a>USBFIFOAddrGet</STRONG> (Thumb, 8 bytes, Stack size 0 bytes, usb.o(i.USBFIFOAddrGet))
<BR><BR>[Called By]<UL><LI><a href="#[1f]">&gt;&gt;</a>&nbsp;&nbsp;&nbsp;uDMAUSBTransfer
</UL>

<P><STRONG><a name="[a8]"></a>USBFIFOConfigSet</STRONG> (Thumb, 64 bytes, Stack size 0 bytes, usb.o(i.USBFIFOConfigSet))
<BR><BR>[Called By]<UL><LI><a href="#[a5]">&gt;&gt;</a>&nbsp;&nbsp;&nbsp;USBDeviceConfig
</UL>

<P><STRONG><a name="[af]"></a>USBHostResume</STRONG> (Thumb, 18 bytes, Stack size 0 bytes, usb.o(i.USBHostResume))
<BR><BR>[Called By]<UL><LI><a href="#[ab]">&gt;&gt;</a>&nbsp;&nbsp;&nbsp;USBDeviceResumeTickHandler
</UL>

<P><STRONG><a name="[9c]"></a>USBIntEnableControl</STRONG> (Thumb, 38 bytes, Stack size 0 bytes, usb.o(i.USBIntEnableControl))
<BR><BR>[Called By]<UL><LI><a href="#[84]">&gt;&gt;</a>&nbsp;&nbsp;&nbsp;USBDCDInit
</UL>

<P><STRONG><a name="[9d]"></a>USBIntEnableEndpoint</STRONG> (Thumb, 22 bytes, Stack size 0 bytes, usb.o(i.USBIntEnableEndpoint))
<BR><BR>[Called By]<UL><LI><a href="#[84]">&gt;&gt;</a>&nbsp;&nbsp;&nbsp;USBDCDInit
</UL>

<P><STRONG><a name="[74]"></a>USBIntStatusControl</STRONG> (Thumb, 56 bytes, Stack size 0 bytes, usb.o(i.USBIntStatusControl))
<BR><BR>[Called By]<UL><LI><a href="#[e]">&gt;&gt;</a>&nbsp;&nbsp;&nbsp;USB0DeviceIntHandler
<LI><a href="#[84]">&gt;&gt;</a>&nbsp;&nbsp;&nbsp;USBDCDInit
</UL>

<P><STRONG><a name="[9b]"></a>USBIntStatusEndpoint</STRONG> (Thumb, 10 bytes, Stack size 0 bytes, usb.o(i.USBIntStatusEndpoint))
<BR><BR>[Called By]<UL><LI><a href="#[75]">&gt;&gt;</a>&nbsp;&nbsp;&nbsp;USBDeviceIntHandlerInternal
<LI><a href="#[84]">&gt;&gt;</a>&nbsp;&nbsp;&nbsp;USBDCDInit
</UL>

<P><STRONG><a name="[97]"></a>USBLPMIntEnable</STRONG> (Thumb, 12 bytes, Stack size 0 bytes, usb.o(i.USBLPMIntEnable))
<BR><BR>[Called By]<UL><LI><a href="#[84]">&gt;&gt;</a>&nbsp;&nbsp;&nbsp;USBDCDInit
</UL>

<P><STRONG><a name="[ae]"></a>USBLPMIntStatus</STRONG> (Thumb, 6 bytes, Stack size 0 bytes, usb.o(i.USBLPMIntStatus))
<BR><BR>[Called By]<UL><LI><a href="#[75]">&gt;&gt;</a>&nbsp;&nbsp;&nbsp;USBDeviceIntHandlerInternal
</UL>

<P><STRONG><a name="[9a]"></a>USBLibDMAInit</STRONG> (Thumb, 232 bytes, Stack size 8 bytes, usbdma.o(i.USBLibDMAInit))
<BR><BR>[Stack]<UL><LI>Max Depth = 8<LI>Call Chain = USBLibDMAInit
</UL>
<BR>[Calls]<UL><LI><a href="#[b0]">&gt;&gt;</a>&nbsp;&nbsp;&nbsp;USBControllerVersion
</UL>
<BR>[Called By]<UL><LI><a href="#[84]">&gt;&gt;</a>&nbsp;&nbsp;&nbsp;USBDCDInit
</UL>

<P><STRONG><a name="[94]"></a>USBOTGMode</STRONG> (Thumb, 8 bytes, Stack size 0 bytes, usb.o(i.USBOTGMode))
<BR><BR>[Called By]<UL><LI><a href="#[84]">&gt;&gt;</a>&nbsp;&nbsp;&nbsp;USBDCDInit
</UL>

<P><STRONG><a name="[7a]"></a>USBRingBufAdvanceRead</STRONG> (Thumb, 70 bytes, Stack size 16 bytes, usbringbuf.o(i.USBRingBufAdvanceRead))
<BR><BR>[Stack]<UL><LI>Max Depth = 24<LI>Call Chain = USBRingBufAdvanceRead &rArr; IntMasterEnable
</UL>
<BR>[Calls]<UL><LI><a href="#[64]">&gt;&gt;</a>&nbsp;&nbsp;&nbsp;IntMasterEnable
<LI><a href="#[62]">&gt;&gt;</a>&nbsp;&nbsp;&nbsp;IntMasterDisable
</UL>
<BR>[Called By]<UL><LI><a href="#[0]">&gt;&gt;</a>&nbsp;&nbsp;&nbsp;USBBufferEventCallback
</UL>

<P><STRONG><a name="[76]"></a>USBRingBufAdvanceWrite</STRONG> (Thumb, 84 bytes, Stack size 0 bytes, usbringbuf.o(i.USBRingBufAdvanceWrite))
<BR><BR>[Called By]<UL><LI><a href="#[5d]">&gt;&gt;</a>&nbsp;&nbsp;&nbsp;USBBufferDataWritten
<LI><a href="#[0]">&gt;&gt;</a>&nbsp;&nbsp;&nbsp;USBBufferEventCallback
</UL>

<P><STRONG><a name="[79]"></a>USBRingBufContigFree</STRONG> (Thumb, 30 bytes, Stack size 0 bytes, usbringbuf.o(i.USBRingBufContigFree))
<BR><BR>[Called By]<UL><LI><a href="#[0]">&gt;&gt;</a>&nbsp;&nbsp;&nbsp;USBBufferEventCallback
</UL>

<P><STRONG><a name="[68]"></a>USBRingBufContigUsed</STRONG> (Thumb, 16 bytes, Stack size 0 bytes, usbringbuf.o(i.USBRingBufContigUsed))
<BR><BR>[Called By]<UL><LI><a href="#[67]">&gt;&gt;</a>&nbsp;&nbsp;&nbsp;ScheduleNextTransmission
</UL>

<P><STRONG><a name="[7b]"></a>USBRingBufFlush</STRONG> (Thumb, 26 bytes, Stack size 8 bytes, usbringbuf.o(i.USBRingBufFlush))
<BR><BR>[Stack]<UL><LI>Max Depth = 16<LI>Call Chain = USBRingBufFlush &rArr; IntMasterEnable
</UL>
<BR>[Calls]<UL><LI><a href="#[64]">&gt;&gt;</a>&nbsp;&nbsp;&nbsp;IntMasterEnable
<LI><a href="#[62]">&gt;&gt;</a>&nbsp;&nbsp;&nbsp;IntMasterDisable
</UL>
<BR>[Called By]<UL><LI><a href="#[66]">&gt;&gt;</a>&nbsp;&nbsp;&nbsp;USBBufferFlush
</UL>

<P><STRONG><a name="[77]"></a>USBRingBufFree</STRONG> (Thumb, 22 bytes, Stack size 0 bytes, usbringbuf.o(i.USBRingBufFree))
<BR><BR>[Called By]<UL><LI><a href="#[5c]">&gt;&gt;</a>&nbsp;&nbsp;&nbsp;USBBufferSpaceAvailable
<LI><a href="#[0]">&gt;&gt;</a>&nbsp;&nbsp;&nbsp;USBBufferEventCallback
</UL>

<P><STRONG><a name="[7d]"></a>USBRingBufInit</STRONG> (Thumb, 12 bytes, Stack size 0 bytes, usbringbuf.o(i.USBRingBufInit))
<BR><BR>[Called By]<UL><LI><a href="#[7c]">&gt;&gt;</a>&nbsp;&nbsp;&nbsp;USBBufferInit
</UL>

<P><STRONG><a name="[69]"></a>USBRingBufUsed</STRONG> (Thumb, 20 bytes, Stack size 0 bytes, usbringbuf.o(i.USBRingBufUsed))
<BR><BR>[Called By]<UL><LI><a href="#[0]">&gt;&gt;</a>&nbsp;&nbsp;&nbsp;USBBufferEventCallback
<LI><a href="#[67]">&gt;&gt;</a>&nbsp;&nbsp;&nbsp;ScheduleNextTransmission
</UL>

<P><STRONG><a name="[78]"></a>USBRingBufWrite</STRONG> (Thumb, 80 bytes, Stack size 24 bytes, usbringbuf.o(i.USBRingBufWrite))
<BR><BR>[Stack]<UL><LI>Max Depth = 32<LI>Call Chain = USBRingBufWrite &rArr; IntMasterEnable
</UL>
<BR>[Calls]<UL><LI><a href="#[64]">&gt;&gt;</a>&nbsp;&nbsp;&nbsp;IntMasterEnable
<LI><a href="#[62]">&gt;&gt;</a>&nbsp;&nbsp;&nbsp;IntMasterDisable
</UL>
<BR>[Called By]<UL><LI><a href="#[0]">&gt;&gt;</a>&nbsp;&nbsp;&nbsp;USBBufferEventCallback
</UL>

<P><STRONG><a name="[c1]"></a>USBStackModeSet</STRONG> (Thumb, 24 bytes, Stack size 0 bytes, usbmode.o(i.USBStackModeSet))
<BR><BR>[Called By]<UL><LI><a href="#[11]">&gt;&gt;</a>&nbsp;&nbsp;&nbsp;main
</UL>

<P><STRONG><a name="[93]"></a>USBULPIDisable</STRONG> (Thumb, 14 bytes, Stack size 0 bytes, usb.o(i.USBULPIDisable))
<BR><BR>[Called By]<UL><LI><a href="#[84]">&gt;&gt;</a>&nbsp;&nbsp;&nbsp;USBDCDInit
</UL>

<P><STRONG><a name="[92]"></a>USBULPIEnable</STRONG> (Thumb, 14 bytes, Stack size 0 bytes, usb.o(i.USBULPIEnable))
<BR><BR>[Called By]<UL><LI><a href="#[84]">&gt;&gt;</a>&nbsp;&nbsp;&nbsp;USBDCDInit
</UL>

<P><STRONG><a name="[72]"></a>USBULPIRegRead</STRONG> (Thumb, 32 bytes, Stack size 0 bytes, usb.o(i.USBULPIRegRead))
<BR><BR>[Called By]<UL><LI><a href="#[71]">&gt;&gt;</a>&nbsp;&nbsp;&nbsp;ULPIConfigSet
</UL>

<P><STRONG><a name="[73]"></a>USBULPIRegWrite</STRONG> (Thumb, 32 bytes, Stack size 0 bytes, usb.o(i.USBULPIRegWrite))
<BR><BR>[Called By]<UL><LI><a href="#[71]">&gt;&gt;</a>&nbsp;&nbsp;&nbsp;ULPIConfigSet
</UL>

<P><STRONG><a name="[d8]"></a>__scatterload_copy</STRONG> (Thumb, 14 bytes, Stack size unknown bytes, handlers.o(i.__scatterload_copy), UNUSED)

<P><STRONG><a name="[d9]"></a>__scatterload_null</STRONG> (Thumb, 2 bytes, Stack size unknown bytes, handlers.o(i.__scatterload_null), UNUSED)

<P><STRONG><a name="[da]"></a>__scatterload_zeroinit</STRONG> (Thumb, 14 bytes, Stack size unknown bytes, handlers.o(i.__scatterload_zeroinit), UNUSED)

<P><STRONG><a name="[11]"></a>main</STRONG> (Thumb, 346 bytes, Stack size 8 bytes, usb_dev_bulk.o(i.main))
<BR><BR>[Stack]<UL><LI>Max Depth = 144<LI>Call Chain = main &rArr; UARTprintf &rArr; UARTvprintf &rArr; UARTwrite &rArr; UARTPrimeTransmit
</UL>
<BR>[Calls]<UL><LI><a href="#[c4]">&gt;&gt;</a>&nbsp;&nbsp;&nbsp;uDMAEnable
<LI><a href="#[c5]">&gt;&gt;</a>&nbsp;&nbsp;&nbsp;uDMAControlBaseSet
<LI><a href="#[c1]">&gt;&gt;</a>&nbsp;&nbsp;&nbsp;USBStackModeSet
<LI><a href="#[83]">&gt;&gt;</a>&nbsp;&nbsp;&nbsp;USBDBulkInit
<LI><a href="#[7c]">&gt;&gt;</a>&nbsp;&nbsp;&nbsp;USBBufferInit
<LI><a href="#[c3]">&gt;&gt;</a>&nbsp;&nbsp;&nbsp;SysCtlPeripheralSleepEnable
<LI><a href="#[4a]">&gt;&gt;</a>&nbsp;&nbsp;&nbsp;SysCtlPeripheralEnable
<LI><a href="#[c2]">&gt;&gt;</a>&nbsp;&nbsp;&nbsp;SysCtlPeripheralClockGating
<LI><a href="#[41]">&gt;&gt;</a>&nbsp;&nbsp;&nbsp;SysCtlDelay
<LI><a href="#[64]">&gt;&gt;</a>&nbsp;&nbsp;&nbsp;IntMasterEnable
<LI><a href="#[55]">&gt;&gt;</a>&nbsp;&nbsp;&nbsp;IntEnable
<LI><a href="#[c0]">&gt;&gt;</a>&nbsp;&nbsp;&nbsp;GPIOPinWrite
<LI><a href="#[57]">&gt;&gt;</a>&nbsp;&nbsp;&nbsp;ConfigureUART
<LI><a href="#[49]">&gt;&gt;</a>&nbsp;&nbsp;&nbsp;ConfigureADC
<LI><a href="#[47]">&gt;&gt;</a>&nbsp;&nbsp;&nbsp;UARTprintf
</UL>
<BR>[Address Reference Count : 1]<UL><LI> entry9a.o(.ARM.Collect$$$$0000000B)
</UL>
<P><STRONG><a name="[53]"></a>uDMAChannelAssign</STRONG> (Thumb, 40 bytes, Stack size 0 bytes, udma.o(i.uDMAChannelAssign))
<BR><BR>[Called By]<UL><LI><a href="#[49]">&gt;&gt;</a>&nbsp;&nbsp;&nbsp;ConfigureADC
</UL>

<P><STRONG><a name="[50]"></a>uDMAChannelAttributeDisable</STRONG> (Thumb, 66 bytes, Stack size 0 bytes, udma.o(i.uDMAChannelAttributeDisable))
<BR><BR>[Called By]<UL><LI><a href="#[49]">&gt;&gt;</a>&nbsp;&nbsp;&nbsp;ConfigureADC
<LI><a href="#[19]">&gt;&gt;</a>&nbsp;&nbsp;&nbsp;uDMAUSBChannelRelease
<LI><a href="#[14]">&gt;&gt;</a>&nbsp;&nbsp;&nbsp;uDMAUSBChannelAllocate
</UL>

<P><STRONG><a name="[51]"></a>uDMAChannelControlSet</STRONG> (Thumb, 24 bytes, Stack size 0 bytes, udma.o(i.uDMAChannelControlSet))
<BR><BR>[Called By]<UL><LI><a href="#[49]">&gt;&gt;</a>&nbsp;&nbsp;&nbsp;ConfigureADC
<LI><a href="#[20]">&gt;&gt;</a>&nbsp;&nbsp;&nbsp;uDMAUSBUnitSizeSet
<LI><a href="#[14]">&gt;&gt;</a>&nbsp;&nbsp;&nbsp;uDMAUSBChannelAllocate
<LI><a href="#[13]">&gt;&gt;</a>&nbsp;&nbsp;&nbsp;uDMAUSBArbSizeSet
</UL>

<P><STRONG><a name="[c9]"></a>uDMAChannelDisable</STRONG> (Thumb, 16 bytes, Stack size 0 bytes, udma.o(i.uDMAChannelDisable))
<BR><BR>[Called By]<UL><LI><a href="#[15]">&gt;&gt;</a>&nbsp;&nbsp;&nbsp;uDMAUSBChannelDisable
</UL>

<P><STRONG><a name="[46]"></a>uDMAChannelEnable</STRONG> (Thumb, 16 bytes, Stack size 0 bytes, udma.o(i.uDMAChannelEnable))
<BR><BR>[Called By]<UL><LI><a href="#[49]">&gt;&gt;</a>&nbsp;&nbsp;&nbsp;ConfigureADC
<LI><a href="#[10]">&gt;&gt;</a>&nbsp;&nbsp;&nbsp;ADC10IntHandler
<LI><a href="#[d]">&gt;&gt;</a>&nbsp;&nbsp;&nbsp;ADC00IntHandler
<LI><a href="#[16]">&gt;&gt;</a>&nbsp;&nbsp;&nbsp;uDMAUSBChannelEnable
</UL>

<P><STRONG><a name="[44]"></a>uDMAChannelModeGet</STRONG> (Thumb, 34 bytes, Stack size 0 bytes, udma.o(i.uDMAChannelModeGet))
<BR><BR>[Called By]<UL><LI><a href="#[10]">&gt;&gt;</a>&nbsp;&nbsp;&nbsp;ADC10IntHandler
<LI><a href="#[d]">&gt;&gt;</a>&nbsp;&nbsp;&nbsp;ADC00IntHandler
<LI><a href="#[1c]">&gt;&gt;</a>&nbsp;&nbsp;&nbsp;uDMAUSBIntStatus
</UL>

<P><STRONG><a name="[45]"></a>uDMAChannelTransferSet</STRONG> (Thumb, 124 bytes, Stack size 16 bytes, udma.o(i.uDMAChannelTransferSet))
<BR><BR>[Stack]<UL><LI>Max Depth = 16<LI>Call Chain = uDMAChannelTransferSet
</UL>
<BR>[Called By]<UL><LI><a href="#[49]">&gt;&gt;</a>&nbsp;&nbsp;&nbsp;ConfigureADC
<LI><a href="#[10]">&gt;&gt;</a>&nbsp;&nbsp;&nbsp;ADC10IntHandler
<LI><a href="#[d]">&gt;&gt;</a>&nbsp;&nbsp;&nbsp;ADC00IntHandler
<LI><a href="#[1f]">&gt;&gt;</a>&nbsp;&nbsp;&nbsp;uDMAUSBTransfer
</UL>

<P><STRONG><a name="[c5]"></a>uDMAControlBaseSet</STRONG> (Thumb, 6 bytes, Stack size 0 bytes, udma.o(i.uDMAControlBaseSet))
<BR><BR>[Called By]<UL><LI><a href="#[11]">&gt;&gt;</a>&nbsp;&nbsp;&nbsp;main
</UL>

<P><STRONG><a name="[c4]"></a>uDMAEnable</STRONG> (Thumb, 8 bytes, Stack size 0 bytes, udma.o(i.uDMAEnable))
<BR><BR>[Called By]<UL><LI><a href="#[11]">&gt;&gt;</a>&nbsp;&nbsp;&nbsp;main
</UL>

<P><STRONG><a name="[f]"></a>uDMAErrorHandler</STRONG> (Thumb, 38 bytes, Stack size 8 bytes, usb_dev_bulk.o(i.uDMAErrorHandler))
<BR><BR>[Stack]<UL><LI>Max Depth = 144<LI>Call Chain = uDMAErrorHandler &rArr; UARTprintf &rArr; UARTvprintf &rArr; UARTwrite &rArr; UARTPrimeTransmit
</UL>
<BR>[Calls]<UL><LI><a href="#[c6]">&gt;&gt;</a>&nbsp;&nbsp;&nbsp;uDMAErrorStatusGet
<LI><a href="#[c7]">&gt;&gt;</a>&nbsp;&nbsp;&nbsp;uDMAErrorStatusClear
<LI><a href="#[47]">&gt;&gt;</a>&nbsp;&nbsp;&nbsp;UARTprintf
</UL>
<BR>[Address Reference Count : 1]<UL><LI> startup_rvmdk.o(RESET)
</UL>
<P><STRONG><a name="[c7]"></a>uDMAErrorStatusClear</STRONG> (Thumb, 8 bytes, Stack size 0 bytes, udma.o(i.uDMAErrorStatusClear))
<BR><BR>[Called By]<UL><LI><a href="#[f]">&gt;&gt;</a>&nbsp;&nbsp;&nbsp;uDMAErrorHandler
</UL>

<P><STRONG><a name="[c6]"></a>uDMAErrorStatusGet</STRONG> (Thumb, 6 bytes, Stack size 0 bytes, udma.o(i.uDMAErrorStatusGet))
<BR><BR>[Called By]<UL><LI><a href="#[f]">&gt;&gt;</a>&nbsp;&nbsp;&nbsp;uDMAErrorHandler
</UL>
<P>
<H3>
Local Symbols
</H3>
<P><STRONG><a name="[8]"></a>NmiSR</STRONG> (Thumb, 0 bytes, Stack size unknown bytes, startup_rvmdk.o(RESET))
<BR><BR>[Calls]<UL><LI><a href="#[8]">&gt;&gt;</a>&nbsp;&nbsp;&nbsp;NmiSR
</UL>
<BR>[Called By]<UL><LI><a href="#[8]">&gt;&gt;</a>&nbsp;&nbsp;&nbsp;NmiSR
</UL>
<BR>[Address Reference Count : 1]<UL><LI> startup_rvmdk.o(RESET)
</UL>
<P><STRONG><a name="[9]"></a>FaultISR</STRONG> (Thumb, 0 bytes, Stack size unknown bytes, startup_rvmdk.o(RESET))
<BR><BR>[Calls]<UL><LI><a href="#[9]">&gt;&gt;</a>&nbsp;&nbsp;&nbsp;FaultISR
</UL>
<BR>[Called By]<UL><LI><a href="#[9]">&gt;&gt;</a>&nbsp;&nbsp;&nbsp;FaultISR
</UL>
<BR>[Address Reference Count : 1]<UL><LI> startup_rvmdk.o(RESET)
</UL>
<P><STRONG><a name="[a]"></a>IntDefaultHandler</STRONG> (Thumb, 0 bytes, Stack size unknown bytes, startup_rvmdk.o(RESET))
<BR><BR>[Calls]<UL><LI><a href="#[a]">&gt;&gt;</a>&nbsp;&nbsp;&nbsp;IntDefaultHandler
</UL>
<BR>[Called By]<UL><LI><a href="#[a]">&gt;&gt;</a>&nbsp;&nbsp;&nbsp;IntDefaultHandler
</UL>
<BR>[Address Reference Count : 1]<UL><LI> startup_rvmdk.o(RESET)
</UL>
<P><STRONG><a name="[6b]"></a>IsBufferEmpty</STRONG> (Thumb, 16 bytes, Stack size 0 bytes, uartstdio.o(i.IsBufferEmpty))
<BR><BR>[Called By]<UL><LI><a href="#[6e]">&gt;&gt;</a>&nbsp;&nbsp;&nbsp;UARTwrite
<LI><a href="#[6a]">&gt;&gt;</a>&nbsp;&nbsp;&nbsp;UARTFlushTx
<LI><a href="#[6c]">&gt;&gt;</a>&nbsp;&nbsp;&nbsp;UARTPrimeTransmit
<LI><a href="#[c]">&gt;&gt;</a>&nbsp;&nbsp;&nbsp;UARTStdioIntHandler
</UL>

<P><STRONG><a name="[6f]"></a>IsBufferFull</STRONG> (Thumb, 26 bytes, Stack size 0 bytes, uartstdio.o(i.IsBufferFull))
<BR><BR>[Called By]<UL><LI><a href="#[6e]">&gt;&gt;</a>&nbsp;&nbsp;&nbsp;UARTwrite
<LI><a href="#[c]">&gt;&gt;</a>&nbsp;&nbsp;&nbsp;UARTStdioIntHandler
</UL>

<P><STRONG><a name="[6c]"></a>UARTPrimeTransmit</STRONG> (Thumb, 108 bytes, Stack size 24 bytes, uartstdio.o(i.UARTPrimeTransmit))
<BR><BR>[Stack]<UL><LI>Max Depth = 24<LI>Call Chain = UARTPrimeTransmit
</UL>
<BR>[Calls]<UL><LI><a href="#[6b]">&gt;&gt;</a>&nbsp;&nbsp;&nbsp;IsBufferEmpty
</UL>
<BR>[Called By]<UL><LI><a href="#[6e]">&gt;&gt;</a>&nbsp;&nbsp;&nbsp;UARTwrite
<LI><a href="#[c]">&gt;&gt;</a>&nbsp;&nbsp;&nbsp;UARTStdioIntHandler
</UL>

<P><STRONG><a name="[5a]"></a>EchoNewDataToHost</STRONG> (Thumb, 122 bytes, Stack size 40 bytes, usb_dev_bulk.o(i.EchoNewDataToHost))
<BR><BR>[Stack]<UL><LI>Max Depth = 72<LI>Call Chain = EchoNewDataToHost &rArr; USBBufferDataWritten &rArr; ScheduleNextTransmission
</UL>
<BR>[Calls]<UL><LI><a href="#[5c]">&gt;&gt;</a>&nbsp;&nbsp;&nbsp;USBBufferSpaceAvailable
<LI><a href="#[5b]">&gt;&gt;</a>&nbsp;&nbsp;&nbsp;USBBufferInfoGet
<LI><a href="#[5d]">&gt;&gt;</a>&nbsp;&nbsp;&nbsp;USBBufferDataWritten
</UL>
<BR>[Called By]<UL><LI><a href="#[1]">&gt;&gt;</a>&nbsp;&nbsp;&nbsp;RxHandler
</UL>

<P><STRONG><a name="[67]"></a>ScheduleNextTransmission</STRONG> (Thumb, 166 bytes, Stack size 24 bytes, usbbuffer.o(i.ScheduleNextTransmission))
<BR><BR>[Stack]<UL><LI>Max Depth = 24<LI>Call Chain = ScheduleNextTransmission
</UL>
<BR>[Calls]<UL><LI><a href="#[69]">&gt;&gt;</a>&nbsp;&nbsp;&nbsp;USBRingBufUsed
<LI><a href="#[68]">&gt;&gt;</a>&nbsp;&nbsp;&nbsp;USBRingBufContigUsed
</UL>
<BR>[Called By]<UL><LI><a href="#[5d]">&gt;&gt;</a>&nbsp;&nbsp;&nbsp;USBBufferDataWritten
<LI><a href="#[0]">&gt;&gt;</a>&nbsp;&nbsp;&nbsp;USBBufferEventCallback
</UL>

<P><STRONG><a name="[12]"></a>BulkTickHandler</STRONG> (Thumb, 44 bytes, Stack size 16 bytes, usbdbulk.o(i.BulkTickHandler))
<BR><BR>[Stack]<UL><LI>Max Depth = 16<LI>Call Chain = BulkTickHandler
</UL>
<BR>[Calls]<UL><LI><a href="#[48]">&gt;&gt;</a>&nbsp;&nbsp;&nbsp;USBEndpointDataAvail
</UL>
<BR>[Address Reference Count : 1]<UL><LI> usbdbulk.o(i.USBDBulkCompositeInit)
</UL>
<P><STRONG><a name="[2c]"></a>HandleConfigChange</STRONG> (Thumb, 40 bytes, Stack size 16 bytes, usbdbulk.o(i.HandleConfigChange))
<BR><BR>[Stack]<UL><LI>Max Depth = 16<LI>Call Chain = HandleConfigChange
</UL>
<BR>[Address Reference Count : 1]<UL><LI> usbdbulk.o(.constdata)
</UL>
<P><STRONG><a name="[31]"></a>HandleDevice</STRONG> (Thumb, 126 bytes, Stack size 0 bytes, usbdbulk.o(i.HandleDevice))
<BR>[Address Reference Count : 1]<UL><LI> usbdbulk.o(.constdata)
</UL>
<P><STRONG><a name="[2f]"></a>HandleDisconnect</STRONG> (Thumb, 32 bytes, Stack size 8 bytes, usbdbulk.o(i.HandleDisconnect))
<BR><BR>[Stack]<UL><LI>Max Depth = 8<LI>Call Chain = HandleDisconnect
</UL>
<BR>[Address Reference Count : 1]<UL><LI> usbdbulk.o(.constdata)
</UL>
<P><STRONG><a name="[30]"></a>HandleEndpoints</STRONG> (Thumb, 200 bytes, Stack size 32 bytes, usbdbulk.o(i.HandleEndpoints))
<BR><BR>[Stack]<UL><LI>Max Depth = 32<LI>Call Chain = HandleEndpoints
</UL>
<BR>[Calls]<UL><LI><a href="#[60]">&gt;&gt;</a>&nbsp;&nbsp;&nbsp;USBEndpointStatus
<LI><a href="#[48]">&gt;&gt;</a>&nbsp;&nbsp;&nbsp;USBEndpointDataAvail
<LI><a href="#[61]">&gt;&gt;</a>&nbsp;&nbsp;&nbsp;USBDevEndpointStatusClear
</UL>
<BR>[Address Reference Count : 1]<UL><LI> usbdbulk.o(.constdata)
</UL>
<P><STRONG><a name="[2e]"></a>HandleResume</STRONG> (Thumb, 12 bytes, Stack size 0 bytes, usbdbulk.o(i.HandleResume))
<BR>[Address Reference Count : 1]<UL><LI> usbdbulk.o(.constdata)
</UL>
<P><STRONG><a name="[2d]"></a>HandleSuspend</STRONG> (Thumb, 12 bytes, Stack size 0 bytes, usbdbulk.o(i.HandleSuspend))
<BR>[Address Reference Count : 1]<UL><LI> usbdbulk.o(.constdata)
</UL>
<P><STRONG><a name="[33]"></a>USBDClearFeature</STRONG> (Thumb, 156 bytes, Stack size 24 bytes, usbdenum.o(i.USBDClearFeature))
<BR><BR>[Stack]<UL><LI>Max Depth = 24<LI>Call Chain = USBDClearFeature
</UL>
<BR>[Calls]<UL><LI><a href="#[86]">&gt;&gt;</a>&nbsp;&nbsp;&nbsp;USBDevEndpointDataAck
<LI><a href="#[a0]">&gt;&gt;</a>&nbsp;&nbsp;&nbsp;USBDevEndpointStallClear
<LI><a href="#[9f]">&gt;&gt;</a>&nbsp;&nbsp;&nbsp;USBDevEndpointStall
</UL>
<BR>[Address Reference Count : 1]<UL><LI> usbdenum.o(.constdata)
</UL>
<P><STRONG><a name="[a1]"></a>USBDEP0StateTx</STRONG> (Thumb, 104 bytes, Stack size 16 bytes, usbdenum.o(i.USBDEP0StateTx))
<BR><BR>[Stack]<UL><LI>Max Depth = 20<LI>Call Chain = USBDEP0StateTx &rArr; USBEndpointDataPut
</UL>
<BR>[Calls]<UL><LI><a href="#[88]">&gt;&gt;</a>&nbsp;&nbsp;&nbsp;USBEndpointDataSend
<LI><a href="#[87]">&gt;&gt;</a>&nbsp;&nbsp;&nbsp;USBEndpointDataPut
</UL>
<BR>[Called By]<UL><LI><a href="#[a9]">&gt;&gt;</a>&nbsp;&nbsp;&nbsp;USBDeviceEnumHandler
<LI><a href="#[32]">&gt;&gt;</a>&nbsp;&nbsp;&nbsp;USBDGetStatus
<LI><a href="#[3a]">&gt;&gt;</a>&nbsp;&nbsp;&nbsp;USBDGetInterface
<LI><a href="#[36]">&gt;&gt;</a>&nbsp;&nbsp;&nbsp;USBDGetDescriptor
<LI><a href="#[38]">&gt;&gt;</a>&nbsp;&nbsp;&nbsp;USBDGetConfiguration
</UL>

<P><STRONG><a name="[a2]"></a>USBDEP0StateTxConfig</STRONG> (Thumb, 358 bytes, Stack size 48 bytes, usbdenum.o(i.USBDEP0StateTxConfig))
<BR><BR>[Stack]<UL><LI>Max Depth = 52<LI>Call Chain = USBDEP0StateTxConfig &rArr; USBEndpointDataPut
</UL>
<BR>[Calls]<UL><LI><a href="#[88]">&gt;&gt;</a>&nbsp;&nbsp;&nbsp;USBEndpointDataSend
<LI><a href="#[87]">&gt;&gt;</a>&nbsp;&nbsp;&nbsp;USBEndpointDataPut
<LI><a href="#[a3]">&gt;&gt;</a>&nbsp;&nbsp;&nbsp;USBDCDConfigDescGetSize
</UL>
<BR>[Called By]<UL><LI><a href="#[a9]">&gt;&gt;</a>&nbsp;&nbsp;&nbsp;USBDeviceEnumHandler
<LI><a href="#[36]">&gt;&gt;</a>&nbsp;&nbsp;&nbsp;USBDGetDescriptor
</UL>

<P><STRONG><a name="[38]"></a>USBDGetConfiguration</STRONG> (Thumb, 46 bytes, Stack size 16 bytes, usbdenum.o(i.USBDGetConfiguration))
<BR><BR>[Stack]<UL><LI>Max Depth = 36<LI>Call Chain = USBDGetConfiguration &rArr; USBDEP0StateTx &rArr; USBEndpointDataPut
</UL>
<BR>[Calls]<UL><LI><a href="#[86]">&gt;&gt;</a>&nbsp;&nbsp;&nbsp;USBDevEndpointDataAck
<LI><a href="#[a1]">&gt;&gt;</a>&nbsp;&nbsp;&nbsp;USBDEP0StateTx
</UL>
<BR>[Address Reference Count : 1]<UL><LI> usbdenum.o(.constdata)
</UL>
<P><STRONG><a name="[36]"></a>USBDGetDescriptor</STRONG> (Thumb, 354 bytes, Stack size 40 bytes, usbdenum.o(i.USBDGetDescriptor))
<BR><BR>[Stack]<UL><LI>Max Depth = 92<LI>Call Chain = USBDGetDescriptor &rArr; USBDEP0StateTxConfig &rArr; USBEndpointDataPut
</UL>
<BR>[Calls]<UL><LI><a href="#[86]">&gt;&gt;</a>&nbsp;&nbsp;&nbsp;USBDevEndpointDataAck
<LI><a href="#[a3]">&gt;&gt;</a>&nbsp;&nbsp;&nbsp;USBDCDConfigDescGetSize
<LI><a href="#[a2]">&gt;&gt;</a>&nbsp;&nbsp;&nbsp;USBDEP0StateTxConfig
<LI><a href="#[a1]">&gt;&gt;</a>&nbsp;&nbsp;&nbsp;USBDEP0StateTx
<LI><a href="#[9f]">&gt;&gt;</a>&nbsp;&nbsp;&nbsp;USBDevEndpointStall
</UL>
<BR>[Address Reference Count : 1]<UL><LI> usbdenum.o(.constdata)
</UL>
<P><STRONG><a name="[3a]"></a>USBDGetInterface</STRONG> (Thumb, 82 bytes, Stack size 24 bytes, usbdenum.o(i.USBDGetInterface))
<BR><BR>[Stack]<UL><LI>Max Depth = 44<LI>Call Chain = USBDGetInterface &rArr; USBDEP0StateTx &rArr; USBEndpointDataPut
</UL>
<BR>[Calls]<UL><LI><a href="#[86]">&gt;&gt;</a>&nbsp;&nbsp;&nbsp;USBDevEndpointDataAck
<LI><a href="#[a1]">&gt;&gt;</a>&nbsp;&nbsp;&nbsp;USBDEP0StateTx
<LI><a href="#[9f]">&gt;&gt;</a>&nbsp;&nbsp;&nbsp;USBDevEndpointStall
</UL>
<BR>[Address Reference Count : 1]<UL><LI> usbdenum.o(.constdata)
</UL>
<P><STRONG><a name="[32]"></a>USBDGetStatus</STRONG> (Thumb, 124 bytes, Stack size 32 bytes, usbdenum.o(i.USBDGetStatus))
<BR><BR>[Stack]<UL><LI>Max Depth = 52<LI>Call Chain = USBDGetStatus &rArr; USBDEP0StateTx &rArr; USBEndpointDataPut
</UL>
<BR>[Calls]<UL><LI><a href="#[86]">&gt;&gt;</a>&nbsp;&nbsp;&nbsp;USBDevEndpointDataAck
<LI><a href="#[a1]">&gt;&gt;</a>&nbsp;&nbsp;&nbsp;USBDEP0StateTx
<LI><a href="#[9f]">&gt;&gt;</a>&nbsp;&nbsp;&nbsp;USBDevEndpointStall
</UL>
<BR>[Address Reference Count : 1]<UL><LI> usbdenum.o(.constdata)
</UL>
<P><STRONG><a name="[a4]"></a>USBDReadAndDispatchRequest</STRONG> (Thumb, 104 bytes, Stack size 24 bytes, usbdenum.o(i.USBDReadAndDispatchRequest))
<BR><BR>[Stack]<UL><LI>Max Depth = 28<LI>Call Chain = USBDReadAndDispatchRequest &rArr; USBEndpointDataGet
</UL>
<BR>[Calls]<UL><LI><a href="#[85]">&gt;&gt;</a>&nbsp;&nbsp;&nbsp;USBEndpointDataGet
<LI><a href="#[9f]">&gt;&gt;</a>&nbsp;&nbsp;&nbsp;USBDevEndpointStall
</UL>
<BR>[Called By]<UL><LI><a href="#[a9]">&gt;&gt;</a>&nbsp;&nbsp;&nbsp;USBDeviceEnumHandler
</UL>

<P><STRONG><a name="[35]"></a>USBDSetAddress</STRONG> (Thumb, 30 bytes, Stack size 16 bytes, usbdenum.o(i.USBDSetAddress))
<BR><BR>[Stack]<UL><LI>Max Depth = 16<LI>Call Chain = USBDSetAddress
</UL>
<BR>[Calls]<UL><LI><a href="#[86]">&gt;&gt;</a>&nbsp;&nbsp;&nbsp;USBDevEndpointDataAck
</UL>
<BR>[Address Reference Count : 1]<UL><LI> usbdenum.o(.constdata)
</UL>
<P><STRONG><a name="[39]"></a>USBDSetConfiguration</STRONG> (Thumb, 152 bytes, Stack size 24 bytes, usbdenum.o(i.USBDSetConfiguration))
<BR><BR>[Stack]<UL><LI>Max Depth = 196<LI>Call Chain = USBDSetConfiguration &rArr; USBDeviceConfig &rArr; USBDCDConfigGetInterfaceEndpoint &rArr; USBDCDConfigGetInterface &rArr; USBDescGet
</UL>
<BR>[Calls]<UL><LI><a href="#[86]">&gt;&gt;</a>&nbsp;&nbsp;&nbsp;USBDevEndpointDataAck
<LI><a href="#[a5]">&gt;&gt;</a>&nbsp;&nbsp;&nbsp;USBDeviceConfig
<LI><a href="#[9f]">&gt;&gt;</a>&nbsp;&nbsp;&nbsp;USBDevEndpointStall
</UL>
<BR>[Address Reference Count : 1]<UL><LI> usbdenum.o(.constdata)
</UL>
<P><STRONG><a name="[37]"></a>USBDSetDescriptor</STRONG> (Thumb, 32 bytes, Stack size 8 bytes, usbdenum.o(i.USBDSetDescriptor))
<BR><BR>[Stack]<UL><LI>Max Depth = 8<LI>Call Chain = USBDSetDescriptor
</UL>
<BR>[Calls]<UL><LI><a href="#[86]">&gt;&gt;</a>&nbsp;&nbsp;&nbsp;USBDevEndpointDataAck
<LI><a href="#[9f]">&gt;&gt;</a>&nbsp;&nbsp;&nbsp;USBDevEndpointStall
</UL>
<BR>[Address Reference Count : 1]<UL><LI> usbdenum.o(.constdata)
</UL>
<P><STRONG><a name="[34]"></a>USBDSetFeature</STRONG> (Thumb, 122 bytes, Stack size 24 bytes, usbdenum.o(i.USBDSetFeature))
<BR><BR>[Stack]<UL><LI>Max Depth = 24<LI>Call Chain = USBDSetFeature
</UL>
<BR>[Calls]<UL><LI><a href="#[86]">&gt;&gt;</a>&nbsp;&nbsp;&nbsp;USBDevEndpointDataAck
<LI><a href="#[9f]">&gt;&gt;</a>&nbsp;&nbsp;&nbsp;USBDevEndpointStall
</UL>
<BR>[Address Reference Count : 1]<UL><LI> usbdenum.o(.constdata)
</UL>
<P><STRONG><a name="[3b]"></a>USBDSetInterface</STRONG> (Thumb, 176 bytes, Stack size 40 bytes, usbdenum.o(i.USBDSetInterface))
<BR><BR>[Stack]<UL><LI>Max Depth = 140<LI>Call Chain = USBDSetInterface &rArr; USBDeviceConfigAlternate &rArr; USBDCDConfigGetInterfaceEndpoint &rArr; USBDCDConfigGetInterface &rArr; USBDescGet
</UL>
<BR>[Calls]<UL><LI><a href="#[86]">&gt;&gt;</a>&nbsp;&nbsp;&nbsp;USBDevEndpointDataAck
<LI><a href="#[a6]">&gt;&gt;</a>&nbsp;&nbsp;&nbsp;USBDeviceConfigAlternate
<LI><a href="#[8d]">&gt;&gt;</a>&nbsp;&nbsp;&nbsp;USBDCDConfigGetInterface
<LI><a href="#[8c]">&gt;&gt;</a>&nbsp;&nbsp;&nbsp;USBDCDConfigDescGetNum
<LI><a href="#[9f]">&gt;&gt;</a>&nbsp;&nbsp;&nbsp;USBDevEndpointStall
</UL>
<BR>[Address Reference Count : 1]<UL><LI> usbdenum.o(.constdata)
</UL>
<P><STRONG><a name="[3c]"></a>USBDSyncFrame</STRONG> (Thumb, 32 bytes, Stack size 8 bytes, usbdenum.o(i.USBDSyncFrame))
<BR><BR>[Stack]<UL><LI>Max Depth = 8<LI>Call Chain = USBDSyncFrame
</UL>
<BR>[Calls]<UL><LI><a href="#[86]">&gt;&gt;</a>&nbsp;&nbsp;&nbsp;USBDevEndpointDataAck
<LI><a href="#[9f]">&gt;&gt;</a>&nbsp;&nbsp;&nbsp;USBDevEndpointStall
</UL>
<BR>[Address Reference Count : 1]<UL><LI> usbdenum.o(.constdata)
</UL>
<P><STRONG><a name="[1b]"></a>DMAUSBIntHandler</STRONG> (Thumb, 64 bytes, Stack size 4 bytes, usbdma.o(i.DMAUSBIntHandler))
<BR><BR>[Stack]<UL><LI>Max Depth = 4<LI>Call Chain = DMAUSBIntHandler
</UL>
<BR>[Address Reference Count : 1]<UL><LI> usbdma.o(i.USBLibDMAInit)
</UL>
<P><STRONG><a name="[1d]"></a>DMAUSBIntStatusClear</STRONG> (Thumb, 14 bytes, Stack size 0 bytes, usbdma.o(i.DMAUSBIntStatusClear))
<BR>[Address Reference Count : 1]<UL><LI> usbdma.o(i.USBLibDMAInit)
</UL>
<P><STRONG><a name="[1e]"></a>DMAUSBStatus</STRONG> (Thumb, 4 bytes, Stack size 0 bytes, usbdma.o(i.DMAUSBStatus))
<BR>[Address Reference Count : 1]<UL><LI> usbdma.o(i.USBLibDMAInit)
</UL>
<P><STRONG><a name="[21]"></a>iDMAUSBArbSizeSet</STRONG> (Thumb, 2 bytes, Stack size 0 bytes, usbdma.o(i.iDMAUSBArbSizeSet))
<BR>[Address Reference Count : 1]<UL><LI> usbdma.o(i.USBLibDMAInit)
</UL>
<P><STRONG><a name="[22]"></a>iDMAUSBChannelAllocate</STRONG> (Thumb, 132 bytes, Stack size 24 bytes, usbdma.o(i.iDMAUSBChannelAllocate))
<BR><BR>[Stack]<UL><LI>Max Depth = 24<LI>Call Chain = iDMAUSBChannelAllocate
</UL>
<BR>[Calls]<UL><LI><a href="#[b1]">&gt;&gt;</a>&nbsp;&nbsp;&nbsp;USBDMAChannelDisable
</UL>
<BR>[Address Reference Count : 1]<UL><LI> usbdma.o(i.USBLibDMAInit)
</UL>
<P><STRONG><a name="[2a]"></a>iDMAUSBChannelDisable</STRONG> (Thumb, 52 bytes, Stack size 16 bytes, usbdma.o(i.iDMAUSBChannelDisable))
<BR><BR>[Stack]<UL><LI>Max Depth = 16<LI>Call Chain = iDMAUSBChannelDisable
</UL>
<BR>[Calls]<UL><LI><a href="#[b2]">&gt;&gt;</a>&nbsp;&nbsp;&nbsp;USBDMAChannelIntDisable
<LI><a href="#[b1]">&gt;&gt;</a>&nbsp;&nbsp;&nbsp;USBDMAChannelDisable
</UL>
<BR>[Address Reference Count : 1]<UL><LI> usbdma.o(i.USBLibDMAInit)
</UL>
<P><STRONG><a name="[29]"></a>iDMAUSBChannelEnable</STRONG> (Thumb, 82 bytes, Stack size 16 bytes, usbdma.o(i.iDMAUSBChannelEnable))
<BR><BR>[Stack]<UL><LI>Max Depth = 16<LI>Call Chain = iDMAUSBChannelEnable
</UL>
<BR>[Calls]<UL><LI><a href="#[b4]">&gt;&gt;</a>&nbsp;&nbsp;&nbsp;IntDisable
<LI><a href="#[55]">&gt;&gt;</a>&nbsp;&nbsp;&nbsp;IntEnable
<LI><a href="#[b3]">&gt;&gt;</a>&nbsp;&nbsp;&nbsp;IntIsEnabled
<LI><a href="#[b5]">&gt;&gt;</a>&nbsp;&nbsp;&nbsp;USBDMAChannelIntEnable
<LI><a href="#[b6]">&gt;&gt;</a>&nbsp;&nbsp;&nbsp;USBDMAChannelEnable
</UL>
<BR>[Address Reference Count : 1]<UL><LI> usbdma.o(i.USBLibDMAInit)
</UL>
<P><STRONG><a name="[26]"></a>iDMAUSBChannelIntDisable</STRONG> (Thumb, 8 bytes, Stack size 0 bytes, usbdma.o(i.iDMAUSBChannelIntDisable))
<BR><BR>[Calls]<UL><LI><a href="#[b2]">&gt;&gt;</a>&nbsp;&nbsp;&nbsp;USBDMAChannelIntDisable
</UL>
<BR>[Address Reference Count : 1]<UL><LI> usbdma.o(i.USBLibDMAInit)
</UL>
<P><STRONG><a name="[25]"></a>iDMAUSBChannelIntEnable</STRONG> (Thumb, 8 bytes, Stack size 0 bytes, usbdma.o(i.iDMAUSBChannelIntEnable))
<BR><BR>[Calls]<UL><LI><a href="#[b5]">&gt;&gt;</a>&nbsp;&nbsp;&nbsp;USBDMAChannelIntEnable
</UL>
<BR>[Address Reference Count : 1]<UL><LI> usbdma.o(i.USBLibDMAInit)
</UL>
<P><STRONG><a name="[28]"></a>iDMAUSBChannelRelease</STRONG> (Thumb, 62 bytes, Stack size 16 bytes, usbdma.o(i.iDMAUSBChannelRelease))
<BR><BR>[Stack]<UL><LI>Max Depth = 16<LI>Call Chain = iDMAUSBChannelRelease
</UL>
<BR>[Calls]<UL><LI><a href="#[b1]">&gt;&gt;</a>&nbsp;&nbsp;&nbsp;USBDMAChannelDisable
</UL>
<BR>[Address Reference Count : 1]<UL><LI> usbdma.o(i.USBLibDMAInit)
</UL>
<P><STRONG><a name="[23]"></a>iDMAUSBChannelStatus</STRONG> (Thumb, 56 bytes, Stack size 16 bytes, usbdma.o(i.iDMAUSBChannelStatus))
<BR><BR>[Stack]<UL><LI>Max Depth = 16<LI>Call Chain = iDMAUSBChannelStatus
</UL>
<BR>[Calls]<UL><LI><a href="#[b7]">&gt;&gt;</a>&nbsp;&nbsp;&nbsp;USBDMAChannelStatus
</UL>
<BR>[Address Reference Count : 1]<UL><LI> usbdma.o(i.USBLibDMAInit)
</UL>
<P><STRONG><a name="[24]"></a>iDMAUSBIntStatus</STRONG> (Thumb, 6 bytes, Stack size 0 bytes, usbdma.o(i.iDMAUSBIntStatus))
<BR><BR>[Calls]<UL><LI><a href="#[b8]">&gt;&gt;</a>&nbsp;&nbsp;&nbsp;USBDMAChannelIntStatus
</UL>
<BR>[Address Reference Count : 1]<UL><LI> usbdma.o(i.USBLibDMAInit)
</UL>
<P><STRONG><a name="[27]"></a>iDMAUSBTransfer</STRONG> (Thumb, 244 bytes, Stack size 24 bytes, usbdma.o(i.iDMAUSBTransfer))
<BR><BR>[Stack]<UL><LI>Max Depth = 24<LI>Call Chain = iDMAUSBTransfer
</UL>
<BR>[Calls]<UL><LI><a href="#[bb]">&gt;&gt;</a>&nbsp;&nbsp;&nbsp;USBEndpointPacketCountSet
<LI><a href="#[be]">&gt;&gt;</a>&nbsp;&nbsp;&nbsp;USBEndpointDMAEnable
<LI><a href="#[bf]">&gt;&gt;</a>&nbsp;&nbsp;&nbsp;USBEndpointDMADisable
<LI><a href="#[bc]">&gt;&gt;</a>&nbsp;&nbsp;&nbsp;USBEndpointDMAConfigSet
<LI><a href="#[b6]">&gt;&gt;</a>&nbsp;&nbsp;&nbsp;USBDMAChannelEnable
<LI><a href="#[ba]">&gt;&gt;</a>&nbsp;&nbsp;&nbsp;USBDMAChannelCountSet
<LI><a href="#[bd]">&gt;&gt;</a>&nbsp;&nbsp;&nbsp;USBDMAChannelConfigSet
<LI><a href="#[b9]">&gt;&gt;</a>&nbsp;&nbsp;&nbsp;USBDMAChannelAddressSet
</UL>
<BR>[Address Reference Count : 1]<UL><LI> usbdma.o(i.USBLibDMAInit)
</UL>
<P><STRONG><a name="[2b]"></a>iDMAUSBUnitSizeSet</STRONG> (Thumb, 2 bytes, Stack size 0 bytes, usbdma.o(i.iDMAUSBUnitSizeSet))
<BR>[Address Reference Count : 1]<UL><LI> usbdma.o(i.USBLibDMAInit)
</UL>
<P><STRONG><a name="[13]"></a>uDMAUSBArbSizeSet</STRONG> (Thumb, 104 bytes, Stack size 0 bytes, usbdma.o(i.uDMAUSBArbSizeSet))
<BR><BR>[Calls]<UL><LI><a href="#[51]">&gt;&gt;</a>&nbsp;&nbsp;&nbsp;uDMAChannelControlSet
</UL>
<BR>[Address Reference Count : 1]<UL><LI> usbdma.o(i.USBLibDMAInit)
</UL>
<P><STRONG><a name="[14]"></a>uDMAUSBChannelAllocate</STRONG> (Thumb, 184 bytes, Stack size 24 bytes, usbdma.o(i.uDMAUSBChannelAllocate))
<BR><BR>[Stack]<UL><LI>Max Depth = 24<LI>Call Chain = uDMAUSBChannelAllocate
</UL>
<BR>[Calls]<UL><LI><a href="#[51]">&gt;&gt;</a>&nbsp;&nbsp;&nbsp;uDMAChannelControlSet
<LI><a href="#[50]">&gt;&gt;</a>&nbsp;&nbsp;&nbsp;uDMAChannelAttributeDisable
<LI><a href="#[bf]">&gt;&gt;</a>&nbsp;&nbsp;&nbsp;USBEndpointDMADisable
<LI><a href="#[c8]">&gt;&gt;</a>&nbsp;&nbsp;&nbsp;USBEndpointDMAChannel
</UL>
<BR>[Address Reference Count : 1]<UL><LI> usbdma.o(i.USBLibDMAInit)
</UL>
<P><STRONG><a name="[15]"></a>uDMAUSBChannelDisable</STRONG> (Thumb, 88 bytes, Stack size 16 bytes, usbdma.o(i.uDMAUSBChannelDisable))
<BR><BR>[Stack]<UL><LI>Max Depth = 16<LI>Call Chain = uDMAUSBChannelDisable
</UL>
<BR>[Calls]<UL><LI><a href="#[c9]">&gt;&gt;</a>&nbsp;&nbsp;&nbsp;uDMAChannelDisable
<LI><a href="#[bf]">&gt;&gt;</a>&nbsp;&nbsp;&nbsp;USBEndpointDMADisable
</UL>
<BR>[Address Reference Count : 1]<UL><LI> usbdma.o(i.USBLibDMAInit)
</UL>
<P><STRONG><a name="[16]"></a>uDMAUSBChannelEnable</STRONG> (Thumb, 106 bytes, Stack size 16 bytes, usbdma.o(i.uDMAUSBChannelEnable))
<BR><BR>[Stack]<UL><LI>Max Depth = 16<LI>Call Chain = uDMAUSBChannelEnable
</UL>
<BR>[Calls]<UL><LI><a href="#[b4]">&gt;&gt;</a>&nbsp;&nbsp;&nbsp;IntDisable
<LI><a href="#[46]">&gt;&gt;</a>&nbsp;&nbsp;&nbsp;uDMAChannelEnable
<LI><a href="#[55]">&gt;&gt;</a>&nbsp;&nbsp;&nbsp;IntEnable
<LI><a href="#[b3]">&gt;&gt;</a>&nbsp;&nbsp;&nbsp;IntIsEnabled
<LI><a href="#[be]">&gt;&gt;</a>&nbsp;&nbsp;&nbsp;USBEndpointDMAEnable
</UL>
<BR>[Called By]<UL><LI><a href="#[1f]">&gt;&gt;</a>&nbsp;&nbsp;&nbsp;uDMAUSBTransfer
</UL>
<BR>[Address Reference Count : 1]<UL><LI> usbdma.o(i.USBLibDMAInit)
</UL>
<P><STRONG><a name="[18]"></a>uDMAUSBChannelIntDisable</STRONG> (Thumb, 2 bytes, Stack size 0 bytes, usbdma.o(i.uDMAUSBChannelIntDisable))
<BR>[Address Reference Count : 1]<UL><LI> usbdma.o(i.USBLibDMAInit)
</UL>
<P><STRONG><a name="[17]"></a>uDMAUSBChannelIntEnable</STRONG> (Thumb, 2 bytes, Stack size 0 bytes, usbdma.o(i.uDMAUSBChannelIntEnable))
<BR>[Address Reference Count : 1]<UL><LI> usbdma.o(i.USBLibDMAInit)
</UL>
<P><STRONG><a name="[19]"></a>uDMAUSBChannelRelease</STRONG> (Thumb, 90 bytes, Stack size 16 bytes, usbdma.o(i.uDMAUSBChannelRelease))
<BR><BR>[Stack]<UL><LI>Max Depth = 16<LI>Call Chain = uDMAUSBChannelRelease
</UL>
<BR>[Calls]<UL><LI><a href="#[50]">&gt;&gt;</a>&nbsp;&nbsp;&nbsp;uDMAChannelAttributeDisable
<LI><a href="#[bf]">&gt;&gt;</a>&nbsp;&nbsp;&nbsp;USBEndpointDMADisable
</UL>
<BR>[Address Reference Count : 1]<UL><LI> usbdma.o(i.USBLibDMAInit)
</UL>
<P><STRONG><a name="[1a]"></a>uDMAUSBChannelStatus</STRONG> (Thumb, 38 bytes, Stack size 0 bytes, usbdma.o(i.uDMAUSBChannelStatus))
<BR>[Address Reference Count : 1]<UL><LI> usbdma.o(i.USBLibDMAInit)
</UL>
<P><STRONG><a name="[1c]"></a>uDMAUSBIntStatus</STRONG> (Thumb, 52 bytes, Stack size 24 bytes, usbdma.o(i.uDMAUSBIntStatus))
<BR><BR>[Stack]<UL><LI>Max Depth = 24<LI>Call Chain = uDMAUSBIntStatus
</UL>
<BR>[Calls]<UL><LI><a href="#[44]">&gt;&gt;</a>&nbsp;&nbsp;&nbsp;uDMAChannelModeGet
</UL>
<BR>[Address Reference Count : 1]<UL><LI> usbdma.o(i.USBLibDMAInit)
</UL>
<P><STRONG><a name="[1f]"></a>uDMAUSBTransfer</STRONG> (Thumb, 200 bytes, Stack size 32 bytes, usbdma.o(i.uDMAUSBTransfer))
<BR><BR>[Stack]<UL><LI>Max Depth = 48<LI>Call Chain = uDMAUSBTransfer &rArr; uDMAChannelTransferSet
</UL>
<BR>[Calls]<UL><LI><a href="#[45]">&gt;&gt;</a>&nbsp;&nbsp;&nbsp;uDMAChannelTransferSet
<LI><a href="#[16]">&gt;&gt;</a>&nbsp;&nbsp;&nbsp;uDMAUSBChannelEnable
<LI><a href="#[ca]">&gt;&gt;</a>&nbsp;&nbsp;&nbsp;USBFIFOAddrGet
<LI><a href="#[bb]">&gt;&gt;</a>&nbsp;&nbsp;&nbsp;USBEndpointPacketCountSet
<LI><a href="#[bc]">&gt;&gt;</a>&nbsp;&nbsp;&nbsp;USBEndpointDMAConfigSet
</UL>
<BR>[Address Reference Count : 1]<UL><LI> usbdma.o(i.USBLibDMAInit)
</UL>
<P><STRONG><a name="[20]"></a>uDMAUSBUnitSizeSet</STRONG> (Thumb, 84 bytes, Stack size 8 bytes, usbdma.o(i.uDMAUSBUnitSizeSet))
<BR><BR>[Stack]<UL><LI>Max Depth = 8<LI>Call Chain = uDMAUSBUnitSizeSet
</UL>
<BR>[Calls]<UL><LI><a href="#[51]">&gt;&gt;</a>&nbsp;&nbsp;&nbsp;uDMAChannelControlSet
</UL>
<BR>[Address Reference Count : 1]<UL><LI> usbdma.o(i.USBLibDMAInit)
</UL><P>
<H3>
Undefined Global Symbols
</H3><HR></body></html>
