Component: ARM Compiler 5.06 update 6 (build 750) Tool: armlink [4d35ed]

==============================================================================

Section Cross References

    startup_rvmdk.o(RESET) refers to startup_rvmdk.o(STACK) for StackMem
    startup_rvmdk.o(RESET) refers to usb_dev_bulk.o(i.SysTickIntHandler) for SysTickIntHandler
    startup_rvmdk.o(RESET) refers to uartstdio.o(i.UARTStdioIntHandler) for UARTStdioIntHandler
    startup_rvmdk.o(RESET) refers to usb_dev_bulk.o(i.ADC00IntHandler) for ADC00IntHandler
    startup_rvmdk.o(RESET) refers to usbdhandler.o(i.USB0DeviceIntHandler) for USB0DeviceIntHandler
    startup_rvmdk.o(RESET) refers to usb_dev_bulk.o(i.uDMAErrorHandler) for uDMAErrorHandler
    startup_rvmdk.o(RESET) refers to usb_dev_bulk.o(i.ADC10IntHandler) for ADC10IntHandler
    startup_rvmdk.o(RESET) refers to entry.o(.ARM.Collect$$$$00000000) for __main
    uartstdio.o(i.UARTEchoSet) refers to uartstdio.o(.data) for .data
    uartstdio.o(i.UARTFlushRx) refers to uartstdio.o(.data) for .data
    uartstdio.o(i.UARTFlushTx) refers to uartstdio.o(i.IsBufferEmpty) for IsBufferEmpty
    uartstdio.o(i.UARTFlushTx) refers to uartstdio.o(.data) for .data
    uartstdio.o(i.UARTPeek) refers to uartstdio.o(i.GetBufferCount) for GetBufferCount
    uartstdio.o(i.UARTPeek) refers to uartstdio.o(.data) for .data
    uartstdio.o(i.UARTPeek) refers to uartstdio.o(.bss) for .bss
    uartstdio.o(i.UARTPrimeTransmit) refers to uartstdio.o(i.IsBufferEmpty) for IsBufferEmpty
    uartstdio.o(i.UARTPrimeTransmit) refers to uartstdio.o(.data) for .data
    uartstdio.o(i.UARTPrimeTransmit) refers to uartstdio.o(.constdata) for .constdata
    uartstdio.o(i.UARTPrimeTransmit) refers to uartstdio.o(.bss) for .bss
    uartstdio.o(i.UARTRxBytesAvail) refers to uartstdio.o(i.GetBufferCount) for GetBufferCount
    uartstdio.o(i.UARTRxBytesAvail) refers to uartstdio.o(.data) for .data
    uartstdio.o(i.UARTStdioConfig) refers to uartstdio.o(i.UARTFlushRx) for UARTFlushRx
    uartstdio.o(i.UARTStdioConfig) refers to uartstdio.o(i.UARTFlushTx) for UARTFlushTx
    uartstdio.o(i.UARTStdioConfig) refers to uartstdio.o(.constdata) for .constdata
    uartstdio.o(i.UARTStdioConfig) refers to uartstdio.o(.data) for .data
    uartstdio.o(i.UARTStdioIntHandler) refers to uartstdio.o(i.UARTPrimeTransmit) for UARTPrimeTransmit
    uartstdio.o(i.UARTStdioIntHandler) refers to uartstdio.o(i.IsBufferEmpty) for IsBufferEmpty
    uartstdio.o(i.UARTStdioIntHandler) refers to uartstdio.o(i.UARTwrite) for UARTwrite
    uartstdio.o(i.UARTStdioIntHandler) refers to uartstdio.o(i.IsBufferFull) for IsBufferFull
    uartstdio.o(i.UARTStdioIntHandler) refers to uartstdio.o(.data) for .data
    uartstdio.o(i.UARTStdioIntHandler) refers to uartstdio.o(.bss) for .bss
    uartstdio.o(i.UARTTxBytesFree) refers to uartstdio.o(i.GetBufferCount) for GetBufferCount
    uartstdio.o(i.UARTTxBytesFree) refers to uartstdio.o(.data) for .data
    uartstdio.o(i.UARTgetc) refers to uartstdio.o(i.IsBufferEmpty) for IsBufferEmpty
    uartstdio.o(i.UARTgetc) refers to uartstdio.o(.data) for .data
    uartstdio.o(i.UARTgetc) refers to uartstdio.o(.bss) for .bss
    uartstdio.o(i.UARTgets) refers to uartstdio.o(i.IsBufferEmpty) for IsBufferEmpty
    uartstdio.o(i.UARTgets) refers to uartstdio.o(.bss) for .bss
    uartstdio.o(i.UARTgets) refers to uartstdio.o(.data) for .data
    uartstdio.o(i.UARTprintf) refers to uartstdio.o(i.UARTvprintf) for UARTvprintf
    uartstdio.o(i.UARTvprintf) refers to uartstdio.o(i.UARTwrite) for UARTwrite
    uartstdio.o(i.UARTvprintf) refers to uartstdio.o(.constdata) for .constdata
    uartstdio.o(i.UARTwrite) refers to uartstdio.o(i.IsBufferFull) for IsBufferFull
    uartstdio.o(i.UARTwrite) refers to uartstdio.o(i.IsBufferEmpty) for IsBufferEmpty
    uartstdio.o(i.UARTwrite) refers to uartstdio.o(i.UARTPrimeTransmit) for UARTPrimeTransmit
    uartstdio.o(i.UARTwrite) refers to uartstdio.o(.bss) for .bss
    uartstdio.o(i.UARTwrite) refers to uartstdio.o(.data) for .data
    uartstdio.o(.constdata) refers to uartstdio.o(.conststring) for .conststring
    usb_bulk_structs.o(.constdata) refers to usb_bulk_structs.o(.constdata) for g_pui8LangDescriptor
    usb_bulk_structs.o(.constdata) refers to usb_bulk_structs.o(.constdata) for g_pui8ManufacturerString
    usb_bulk_structs.o(.constdata) refers to usb_bulk_structs.o(.constdata) for g_pui8ProductString
    usb_bulk_structs.o(.constdata) refers to usb_bulk_structs.o(.constdata) for g_pui8SerialNumberString
    usb_bulk_structs.o(.constdata) refers to usb_bulk_structs.o(.constdata) for g_pui8DataInterfaceString
    usb_bulk_structs.o(.constdata) refers to usb_bulk_structs.o(.constdata) for g_pui8ConfigString
    usb_bulk_structs.o(.data) refers to usbbuffer.o(i.USBBufferEventCallback) for USBBufferEventCallback
    usb_bulk_structs.o(.data) refers to usb_bulk_structs.o(.data) for g_sRxBuffer
    usb_bulk_structs.o(.data) refers to usb_bulk_structs.o(.data) for g_sTxBuffer
[...]
    handlers.s                               0x00000000   Number         0  handlers.o ABSOLUTE
    host\usbhhub.c                           0x00000000   Number         0  usbhhub.o ABSOLUTE
    host\usbhostenum.c                       0x00000000   Number         0  usbhostenum.o ABSOLUTE
    init.s                                   0x00000000   Number         0  init.o ABSOLUTE
    interrupt.c                              0x00000000   Number         0  interrupt.o ABSOLUTE
    startup_rvmdk.S                          0x00000000   Number         0  startup_rvmdk.o ABSOLUTE
    sysctl.c                                 0x00000000   Number         0  sysctl.o ABSOLUTE
    sysctl.c                                 0x00000000   Number         0  sysctl.o ABSOLUTE
    uart.c                                   0x00000000   Number         0  uart.o ABSOLUTE
    udma.c                                   0x00000000   Number         0  udma.o ABSOLUTE
    usb.c                                    0x00000000   Number         0  usb.o ABSOLUTE
    usb_bulk_structs.c                       0x00000000   Number         0  usb_bulk_structs.o ABSOLUTE
    usb_dev_bulk.c                           0x00000000   Number         0  usb_dev_bulk.o ABSOLUTE
    usbbuffer.c                              0x00000000   Number         0  usbbuffer.o ABSOLUTE
    usbdesc.c                                0x00000000   Number         0  usbdesc.o ABSOLUTE
    usbdma.c                                 0x00000000   Number         0  usbdma.o ABSOLUTE
    usbmode.c                                0x00000000   Number         0  usbmode.o ABSOLUTE
    usbringbuf.c                             0x00000000   Number         0  usbringbuf.o ABSOLUTE
    usbtick.c                                0x00000000   Number         0  usbtick.o ABSOLUTE
    usbulpi.c                                0x00000000   Number         0  usbulpi.o ABSOLUTE
    $v0                                      0x0000026c   Number         0  startup_rvmdk.o(RESET)
    NmiSR                                    0x00000281   Thumb Code     0  startup_rvmdk.o(RESET)
    FaultISR                                 0x00000283   Thumb Code     0  startup_rvmdk.o(RESET)
    IntDefaultHandler                        0x00000285   Thumb Code     0  startup_rvmdk.o(RESET)
    .ARM.Collect$$$$00000000                 0x00000288   Section        0  entry.o(.ARM.Collect$$$$00000000)
    .ARM.Collect$$$$00000001                 0x00000288   Section        4  entry2.o(.ARM.Collect$$$$00000001)
    .ARM.Collect$$$$00000004                 0x0000028c   Section        4  entry5.o(.ARM.Collect$$$$00000004)
    .ARM.Collect$$$$00000008                 0x00000290   Section        0  entry7b.o(.ARM.Collect$$$$00000008)
    .ARM.Collect$$$$0000000A                 0x00000290   Section        0  entry8b.o(.ARM.Collect$$$$0000000A)
    .ARM.Collect$$$$0000000B                 0x00000290   Section        8  entry9a.o(.ARM.Collect$$$$0000000B)
    .ARM.Collect$$$$0000000D                 0x00000298   Section        0  entry10a.o(.ARM.Collect$$$$0000000D)
    .ARM.Collect$$$$0000000F                 0x00000298   Section        0  entry11a.o(.ARM.Collect$$$$0000000F)
    .ARM.Collect$$$$00002712                 0x00000298   Section        4  entry2.o(.ARM.Collect$$$$00002712)
    __lit__00000000                          0x00000298   Data           4  entry2.o(.ARM.Collect$$$$00002712)
    .emb_text                                0x0000029c   Section        6  sysctl.o(.emb_text)
    $v0                                      0x0000029c   Number         0  sysctl.o(.emb_text)
    .emb_text                                0x000002a4   Section       38  cpu.o(.emb_text)
    $v0                                      0x000002a4   Number         0  cpu.o(.emb_text)
    .text                                    0x000002cc   Section       36  init.o(.text)
    .text                                    0x000002f0   Section        0  __dczerorl2.o(.text)
    i.ADC00IntHandler                        0x00000348   Section        0  usb_dev_bulk.o(i.ADC00IntHandler)
    i.ADC10IntHandler                        0x000003c0   Section        0  usb_dev_bulk.o(i.ADC10IntHandler)
    i.ADCHardwareOversampleConfigure         0x00000438   Section        0  adc.o(i.ADCHardwareOversampleConfigure)
    i.ADCIntClear                            0x0000044a   Section        0  adc.o(i.ADCIntClear)
    i.ADCIntEnable                           0x00000454   Section        0  adc.o(i.ADCIntEnable)
    i.ADCPhaseDelaySet                       0x00000464   Section        0  adc.o(i.ADCPhaseDelaySet)
    i.ADCSequenceConfigure                   0x00000468   Section        0  adc.o(i.ADCSequenceConfigure)
    i.ADCSequenceDMAEnable                   0x000004c8   Section        0  adc.o(i.ADCSequenceDMAEnable)
    i.ADCSequenceEnable                      0x000004d8   Section        0  adc.o(i.ADCSequenceEnable)
    i.ADCSequenceStepConfigure               0x000004e6   Section        0  adc.o(i.ADCSequenceStepConfigure)
    i.BulkTickHandler                        0x00000580   Section        0  usbdbulk.o(i.BulkTickHandler)
    BulkTickHandler                          0x00000581   Thumb Code    44  usbdbulk.o(i.BulkTickHandler)
    i.ConfigureADC                           0x000005ac   Section        0  usb_dev_bulk.o(i.ConfigureADC)
    i.ConfigureUART                          0x0000076c   Section        0  usb_dev_bulk.o(i.ConfigureUART)
    i.DMAUSBIntHandler                       0x000007c8   Section        0  usbdma.o(i.DMAUSBIntHandler)
    DMAUSBIntHandler                         0x000007c9   Thumb Code    64  usbdma.o(i.DMAUSBIntHandler)
    i.DMAUSBIntStatusClear                   0x00000808   Section        0  usbdma.o(i.DMAUSBIntStatusClear)
    DMAUSBIntStatusClear                     0x00000809   Thumb Code    14  usbdma.o(i.DMAUSBIntStatusClear)
    i.DMAUSBStatus                           0x00000816   Section        0  usbdma.o(i.DMAUSBStatus)
    DMAUSBStatus                             0x00000817   Thumb Code     4  usbdma.o(i.DMAUSBStatus)
    i.EchoNewDataToHost                      0x0000081c   Section        0  usb_dev_bulk.o(i.EchoNewDataToHost)
    EchoNewDataToHost                        0x0000081d   Thumb Code   122  usb_dev_bulk.o(i.EchoNewDataToHost)
    i.GPIODirModeSet                         0x000008a8   Section        0  gpio.o(i.GPIODirModeSet)
    i.GPIOPadConfigSet                       0x000008d0   Section        0  gpio.o(i.GPIOPadConfigSet)
    i.GPIOPinTypeADC                         0x00000a08   Section        0  gpio.o(i.GPIOPinTypeADC)
    i.GPIOPinWrite                           0x00000a24   Section        0  gpio.o(i.GPIOPinWrite)
    i.HandleConfigChange                     0x00000a2a   Section        0  usbdbulk.o(i.HandleConfigChange)
    HandleConfigChange                       0x00000a2b   Thumb Code    40  usbdbulk.o(i.HandleConfigChange)
    i.HandleDevice                           0x00000a52   Section        0  usbdbulk.o(i.HandleDevice)
    HandleDevice                             0x00000a53   Thumb Code   126  usbdbulk.o(i.HandleDevice)
    i.HandleDisconnect                       0x00000ad0   Section        0  usbdbulk.o(i.HandleDisconnect)
    HandleDisconnect                         0x00000ad1   Thumb Code    32  usbdbulk.o(i.HandleDisconnect)
    i.HandleEndpoints                        0x00000af0   Section        0  usbdbulk.o(i.HandleEndpoints)
    HandleEndpoints                          0x00000af1   Thumb Code   200  usbdbulk.o(i.HandleEndpoints)
    i.HandleResume                           0x00000bbc   Section        0  usbdbulk.o(i.HandleResume)
    HandleResume                             0x00000bbd   Thumb Code    12  usbdbulk.o(i.HandleResume)
    i.HandleSuspend                          0x00000bc8   Section        0  usbdbulk.o(i.HandleSuspend)
    HandleSuspend                            0x00000bc9   Thumb Code    12  usbdbulk.o(i.HandleSuspend)
    i.IntDisable                             0x00000bd4   Section        0  interrupt.o(i.IntDisable)
    i.IntEnable                              0x00000c38   Section        0  interrupt.o(i.IntEnable)
    i.IntIsEnabled                           0x00000c9c   Section        0  interrupt.o(i.IntIsEnabled)
    i.IntMasterDisable                       0x00000cfc   Section        0  interrupt.o(i.IntMasterDisable)
    i.IntMasterEnable                        0x00000d0a   Section        0  interrupt.o(i.IntMasterEnable)
    i.InternalUSBRegisterTickHandler         0x00000d18   Section        0  usbtick.o(i.InternalUSBRegisterTickHandler)
    i.InternalUSBStartOfFrameTick            0x00000d4c   Section        0  usbtick.o(i.InternalUSBStartOfFrameTick)
    i.InternalUSBTickInit                    0x00000d84   Section        0  usbtick.o(i.InternalUSBTickInit)
    i.IsBufferEmpty                          0x00000dbc   Section        0  uartstdio.o(i.IsBufferEmpty)
    IsBufferEmpty                            0x00000dbd   Thumb Code    16  uartstdio.o(i.IsBufferEmpty)
    i.IsBufferFull                           0x00000dcc   Section        0  uartstdio.o(i.IsBufferFull)
    IsBufferFull                             0x00000dcd   Thumb Code    26  uartstdio.o(i.IsBufferFull)
    i.RxHandler                              0x00000de8   Section        0  usb_dev_bulk.o(i.RxHandler)
    i.ScheduleNextTransmission               0x00000e5c   Section        0  usbbuffer.o(i.ScheduleNextTransmission)
    ScheduleNextTransmission                 0x00000e5d   Thumb Code   166  usbbuffer.o(i.ScheduleNextTransmission)
    i.SysCtlPeripheralClockGating            0x00000f04   Section        0  sysctl.o(i.SysCtlPeripheralClockGating)
    i.SysCtlPeripheralEnable                 0x00000f48   Section        0  sysctl.o(i.SysCtlPeripheralEnable)
    i.SysCtlPeripheralReset                  0x00000f70   Section        0  sysctl.o(i.SysCtlPeripheralReset)
    i.SysCtlPeripheralSleepEnable            0x00000fac   Section        0  sysctl.o(i.SysCtlPeripheralSleepEnable)
    i.SysCtlUSBPLLEnable                     0x00000fd4   Section        0  sysctl.o(i.SysCtlUSBPLLEnable)
    i.SysTickIntHandler                      0x00000fe4   Section        0  usb_dev_bulk.o(i.SysTickIntHandler)
    i.TxHandler                              0x00000ff4   Section        0  usb_dev_bulk.o(i.TxHandler)
    i.UARTClockSourceSet                     0x00001008   Section        0  uart.o(i.UARTClockSourceSet)
    i.UARTFlushRx                            0x00001010   Section        0  uartstdio.o(i.UARTFlushRx)
    i.UARTFlushTx                            0x00001038   Section        0  uartstdio.o(i.UARTFlushTx)
    i.UARTPrimeTransmit                      0x00001070   Section        0  uartstdio.o(i.UARTPrimeTransmit)
    UARTPrimeTransmit                        0x00001071   Thumb Code   108  uartstdio.o(i.UARTPrimeTransmit)
    i.UARTStdioConfig                        0x000010e8   Section        0  uartstdio.o(i.UARTStdioConfig)
    i.UARTStdioIntHandler                    0x00001180   Section        0  uartstdio.o(i.UARTStdioIntHandler)
    i.UARTprintf                             0x00001288   Section        0  uartstdio.o(i.UARTprintf)
    i.UARTvprintf                            0x0000129c   Section        0  uartstdio.o(i.UARTvprintf)
    i.UARTwrite                              0x00001450   Section        0  uartstdio.o(i.UARTwrite)
    i.ULPIConfigSet                          0x000014e0   Section        0  usbulpi.o(i.ULPIConfigSet)
    i.USB0DeviceIntHandler                   0x0000153c   Section        0  usbdhandler.o(i.USB0DeviceIntHandler)
    i.USBBufferDataWritten                   0x00001554   Section        0  usbbuffer.o(i.USBBufferDataWritten)
    i.USBBufferEventCallback                 0x0000156c   Section        0  usbbuffer.o(i.USBBufferEventCallback)
    i.USBBufferFlush                         0x000016c0   Section        0  usbbuffer.o(i.USBBufferFlush)
    i.USBBufferInfoGet                       0x000016c6   Section        0  usbbuffer.o(i.USBBufferInfoGet)
    i.USBBufferInit                          0x000016d8   Section        0  usbbuffer.o(i.USBBufferInit)
    i.USBBufferSpaceAvailable                0x000016f0   Section        0  usbbuffer.o(i.USBBufferSpaceAvailable)
    i.USBClockEnable                         0x000016f6   Section        0  usb.o(i.USBClockEnable)
    i.USBControllerVersion                   0x00001700   Section        0  usb.o(i.USBControllerVersion)
    i.USBDBulkCompositeInit                  0x0000170c   Section        0  usbdbulk.o(i.USBDBulkCompositeInit)
    i.USBDBulkInit                           0x000017a4   Section        0  usbdbulk.o(i.USBDBulkInit)
    i.USBDBulkPacketRead                     0x000017e0   Section        0  usbdbulk.o(i.USBDBulkPacketRead)
    i.USBDBulkPacketWrite                    0x00001868   Section        0  usbdbulk.o(i.USBDBulkPacketWrite)
    i.USBDBulkRxPacketAvailable              0x000018bc   Section        0  usbdbulk.o(i.USBDBulkRxPacketAvailable)
    i.USBDBulkTxPacketAvailable              0x000018e4   Section        0  usbdbulk.o(i.USBDBulkTxPacketAvailable)
    i.USBDCDConfigDescGet                    0x000018f8   Section        0  usbdcdesc.o(i.USBDCDConfigDescGet)
    i.USBDCDConfigDescGetNum                 0x0000194e   Section        0  usbdcdesc.o(i.USBDCDConfigDescGetNum)
    i.USBDCDConfigDescGetSize                0x00001984   Section        0  usbdcdesc.o(i.USBDCDConfigDescGetSize)
    i.USBDCDConfigGetInterface               0x000019a6   Section        0  usbdcdesc.o(i.USBDCDConfigGetInterface)
    i.USBDCDConfigGetInterfaceEndpoint       0x00001a62   Section        0  usbdcdesc.o(i.USBDCDConfigGetInterfaceEndpoint)
    i.USBDCDDeviceInfoInit                   0x00001ac0   Section        0  usbdenum.o(i.USBDCDDeviceInfoInit)
    i.USBDCDFeatureGet                       0x00001b04   Section        0  usbdenum.o(i.USBDCDFeatureGet)
    i.USBDCDInit                             0x00001b1c   Section        0  usbdenum.o(i.USBDCDInit)
    i.USBDClearFeature                       0x00001cc4   Section        0  usbdenum.o(i.USBDClearFeature)
    USBDClearFeature                         0x00001cc5   Thumb Code   156  usbdenum.o(i.USBDClearFeature)
    i.USBDEP0StateTx                         0x00001d68   Section        0  usbdenum.o(i.USBDEP0StateTx)
    USBDEP0StateTx                           0x00001d69   Thumb Code   104  usbdenum.o(i.USBDEP0StateTx)
    i.USBDEP0StateTxConfig                   0x00001ddc   Section        0  usbdenum.o(i.USBDEP0StateTxConfig)
    USBDEP0StateTxConfig                     0x00001ddd   Thumb Code   358  usbdenum.o(i.USBDEP0StateTxConfig)
    i.USBDGetConfiguration                   0x00001f50   Section        0  usbdenum.o(i.USBDGetConfiguration)
    USBDGetConfiguration                     0x00001f51   Thumb Code    46  usbdenum.o(i.USBDGetConfiguration)
    i.USBDGetDescriptor                      0x00001f84   Section        0  usbdenum.o(i.USBDGetDescriptor)
    USBDGetDescriptor                        0x00001f85   Thumb Code   354  usbdenum.o(i.USBDGetDescriptor)
    i.USBDGetInterface                       0x000020f4   Section        0  usbdenum.o(i.USBDGetInterface)
    USBDGetInterface                         0x000020f5   Thumb Code    82  usbdenum.o(i.USBDGetInterface)
    i.USBDGetStatus                          0x00002150   Section        0  usbdenum.o(i.USBDGetStatus)
    USBDGetStatus                            0x00002151   Thumb Code   124  usbdenum.o(i.USBDGetStatus)
    i.USBDMAChannelAddressSet                0x000021d4   Section        0  usb.o(i.USBDMAChannelAddressSet)
    i.USBDMAChannelConfigSet                 0x000021de   Section        0  usb.o(i.USBDMAChannelConfigSet)
    i.USBDMAChannelCountSet                  0x000021f4   Section        0  usb.o(i.USBDMAChannelCountSet)
    i.USBDMAChannelDisable                   0x000021fe   Section        0  usb.o(i.USBDMAChannelDisable)
    i.USBDMAChannelEnable                    0x00002210   Section        0  usb.o(i.USBDMAChannelEnable)
    i.USBDMAChannelIntDisable                0x00002222   Section        0  usb.o(i.USBDMAChannelIntDisable)
    i.USBDMAChannelIntEnable                 0x00002234   Section        0  usb.o(i.USBDMAChannelIntEnable)
    i.USBDMAChannelIntStatus                 0x00002246   Section        0  usb.o(i.USBDMAChannelIntStatus)
    i.USBDMAChannelStatus                    0x0000224c   Section        0  usb.o(i.USBDMAChannelStatus)
    i.USBDReadAndDispatchRequest             0x0000225c   Section        0  usbdenum.o(i.USBDReadAndDispatchRequest)
    USBDReadAndDispatchRequest               0x0000225d   Thumb Code   104  usbdenum.o(i.USBDReadAndDispatchRequest)
    i.USBDSetAddress                         0x000022d8   Section        0  usbdenum.o(i.USBDSetAddress)
    USBDSetAddress                           0x000022d9   Thumb Code    30  usbdenum.o(i.USBDSetAddress)
    i.USBDSetConfiguration                   0x000022fc   Section        0  usbdenum.o(i.USBDSetConfiguration)
    USBDSetConfiguration                     0x000022fd   Thumb Code   152  usbdenum.o(i.USBDSetConfiguration)
    i.USBDSetDescriptor                      0x000023a0   Section        0  usbdenum.o(i.USBDSetDescriptor)
    USBDSetDescriptor                        0x000023a1   Thumb Code    32  usbdenum.o(i.USBDSetDescriptor)
    i.USBDSetFeature                         0x000023c8   Section        0  usbdenum.o(i.USBDSetFeature)
    USBDSetFeature                           0x000023c9   Thumb Code   122  usbdenum.o(i.USBDSetFeature)
    i.USBDSetInterface                       0x0000244c   Section        0  usbdenum.o(i.USBDSetInterface)
    USBDSetInterface                         0x0000244d   Thumb Code   176  usbdenum.o(i.USBDSetInterface)
    i.USBDSyncFrame                          0x00002508   Section        0  usbdenum.o(i.USBDSyncFrame)
    USBDSyncFrame                            0x00002509   Thumb Code    32  usbdenum.o(i.USBDSyncFrame)
    i.USBDescGet                             0x00002530   Section        0  usbdesc.o(i.USBDescGet)
    i.USBDescGetNum                          0x00002566   Section        0  usbdesc.o(i.USBDescGetNum)
    i.USBDevAddrSet                          0x00002594   Section        0  usb.o(i.USBDevAddrSet)
    i.USBDevConnect                          0x00002598   Section        0  usb.o(i.USBDevConnect)
    i.USBDevDisconnect                       0x000025a2   Section        0  usb.o(i.USBDevDisconnect)
    i.USBDevEndpointConfigSet                0x000025ac   Section        0  usb.o(i.USBDevEndpointConfigSet)
    i.USBDevEndpointDataAck                  0x00002634   Section        0  usb.o(i.USBDevEndpointDataAck)
    i.USBDevEndpointStall                    0x00002658   Section        0  usb.o(i.USBDevEndpointStall)
    i.USBDevEndpointStallClear               0x0000268c   Section        0  usb.o(i.USBDevEndpointStallClear)
    i.USBDevEndpointStatusClear              0x000026d6   Section        0  usb.o(i.USBDevEndpointStatusClear)
    i.USBDevLPMConfig                        0x00002734   Section        0  usb.o(i.USBDevLPMConfig)
    i.USBDevLPMDisable                       0x0000273a   Section        0  usb.o(i.USBDevLPMDisable)
    i.USBDevLPMEnable                        0x00002748   Section        0  usb.o(i.USBDevLPMEnable)
    i.USBDevMode                             0x00002756   Section        0  usb.o(i.USBDevMode)
    i.USBDeviceConfig                        0x00002760   Section        0  usbdconfig.o(i.USBDeviceConfig)
    i.USBDeviceConfigAlternate               0x00002900   Section        0  usbdconfig.o(i.USBDeviceConfigAlternate)
    i.USBDeviceEnumHandler                   0x000029c8   Section        0  usbdenum.o(i.USBDeviceEnumHandler)
    i.USBDeviceIntHandlerInternal            0x00002ab4   Section        0  usbdenum.o(i.USBDeviceIntHandlerInternal)
    i.USBDeviceResumeTickHandler             0x00002c4c   Section        0  usbdenum.o(i.USBDeviceResumeTickHandler)
    i.USBEndpointDMAChannel                  0x00002ca4   Section        0  usb.o(i.USBEndpointDMAChannel)
    i.USBEndpointDMAConfigSet                0x00002cbe   Section        0  usb.o(i.USBEndpointDMAConfigSet)
    i.USBEndpointDMADisable                  0x00002d14   Section        0  usb.o(i.USBEndpointDMADisable)
    i.USBEndpointDMAEnable                   0x00002d38   Section        0  usb.o(i.USBEndpointDMAEnable)
    i.USBEndpointDataAvail                   0x00002d5c   Section        0  usb.o(i.USBEndpointDataAvail)
    i.USBEndpointDataGet                     0x00002d7a   Section        0  usb.o(i.USBEndpointDataGet)
    i.USBEndpointDataPut                     0x00002dce   Section        0  usb.o(i.USBEndpointDataPut)
    i.USBEndpointDataSend                    0x00002e08   Section        0  usb.o(i.USBEndpointDataSend)
    i.USBEndpointPacketCountSet              0x00002e38   Section        0  usb.o(i.USBEndpointPacketCountSet)
    i.USBEndpointStatus                      0x00002e44   Section        0  usb.o(i.USBEndpointStatus)
    i.USBFIFOAddrGet                         0x00002e54   Section        0  usb.o(i.USBFIFOAddrGet)
    i.USBFIFOConfigSet                       0x00002e5c   Section        0  usb.o(i.USBFIFOConfigSet)
    i.USBHostResume                          0x00002e9c   Section        0  usb.o(i.USBHostResume)
    i.USBIntEnableControl                    0x00002eb0   Section        0  usb.o(i.USBIntEnableControl)
    i.USBIntEnableEndpoint                   0x00002edc   Section        0  usb.o(i.USBIntEnableEndpoint)
    i.USBIntStatusControl                    0x00002ef4   Section        0  usb.o(i.USBIntStatusControl)
    i.USBIntStatusEndpoint                   0x00002f30   Section        0  usb.o(i.USBIntStatusEndpoint)
    i.USBLPMIntEnable                        0x00002f3a   Section        0  usb.o(i.USBLPMIntEnable)
    i.USBLPMIntStatus                        0x00002f46   Section        0  usb.o(i.USBLPMIntStatus)
    i.USBLibDMAInit                          0x00002f4c   Section        0  usbdma.o(i.USBLibDMAInit)
    i.USBOTGMode                             0x000030a8   Section        0  usb.o(i.USBOTGMode)
    i.USBRingBufAdvanceRead                  0x000030b0   Section        0  usbringbuf.o(i.USBRingBufAdvanceRead)
    i.USBRingBufAdvanceWrite                 0x000030f6   Section        0  usbringbuf.o(i.USBRingBufAdvanceWrite)
    i.USBRingBufContigFree                   0x0000314a   Section        0  usbringbuf.o(i.USBRingBufContigFree)
    i.USBRingBufContigUsed                   0x00003168   Section        0  usbringbuf.o(i.USBRingBufContigUsed)
    i.USBRingBufFlush                        0x00003178   Section        0  usbringbuf.o(i.USBRingBufFlush)
    i.USBRingBufFree                         0x00003192   Section        0  usbringbuf.o(i.USBRingBufFree)
    i.USBRingBufInit                         0x000031a8   Section        0  usbringbuf.o(i.USBRingBufInit)
    i.USBRingBufUsed                         0x000031b4   Section        0  usbringbuf.o(i.USBRingBufUsed)
    i.USBRingBufWrite                        0x000031c8   Section        0  usbringbuf.o(i.USBRingBufWrite)
    i.USBStackModeSet                        0x00003218   Section        0  usbmode.o(i.USBStackModeSet)
    i.USBULPIDisable                         0x00003234   Section        0  usb.o(i.USBULPIDisable)
    i.USBULPIEnable                          0x00003242   Section        0  usb.o(i.USBULPIEnable)
    i.USBULPIRegRead                         0x00003250   Section        0  usb.o(i.USBULPIRegRead)
    i.USBULPIRegWrite                        0x00003270   Section        0  usb.o(i.USBULPIRegWrite)
    i.__scatterload_copy                     0x00003290   Section       14  handlers.o(i.__scatterload_copy)
    i.__scatterload_null                     0x0000329e   Section        2  handlers.o(i.__scatterload_null)
    i.__scatterload_zeroinit                 0x000032a0   Section       14  handlers.o(i.__scatterload_zeroinit)
    i.iDMAUSBArbSizeSet                      0x000032ae   Section        0  usbdma.o(i.iDMAUSBArbSizeSet)
    iDMAUSBArbSizeSet                        0x000032af   Thumb Code     2  usbdma.o(i.iDMAUSBArbSizeSet)
    i.iDMAUSBChannelAllocate                 0x000032b0   Section        0  usbdma.o(i.iDMAUSBChannelAllocate)
    iDMAUSBChannelAllocate                   0x000032b1   Thumb Code   132  usbdma.o(i.iDMAUSBChannelAllocate)
    i.iDMAUSBChannelDisable                  0x00003334   Section        0  usbdma.o(i.iDMAUSBChannelDisable)
    iDMAUSBChannelDisable                    0x00003335   Thumb Code    52  usbdma.o(i.iDMAUSBChannelDisable)
    i.iDMAUSBChannelEnable                   0x00003368   Section        0  usbdma.o(i.iDMAUSBChannelEnable)
    iDMAUSBChannelEnable                     0x00003369   Thumb Code    82  usbdma.o(i.iDMAUSBChannelEnable)
    i.iDMAUSBChannelIntDisable               0x000033ba   Section        0  usbdma.o(i.iDMAUSBChannelIntDisable)
    iDMAUSBChannelIntDisable                 0x000033bb   Thumb Code     8  usbdma.o(i.iDMAUSBChannelIntDisable)
    i.iDMAUSBChannelIntEnable                0x000033c2   Section        0  usbdma.o(i.iDMAUSBChannelIntEnable)
    iDMAUSBChannelIntEnable                  0x000033c3   Thumb Code     8  usbdma.o(i.iDMAUSBChannelIntEnable)
    i.iDMAUSBChannelRelease                  0x000033ca   Section        0  usbdma.o(i.iDMAUSBChannelRelease)
    iDMAUSBChannelRelease                    0x000033cb   Thumb Code    62  usbdma.o(i.iDMAUSBChannelRelease)
    i.iDMAUSBChannelStatus                   0x00003408   Section        0  usbdma.o(i.iDMAUSBChannelStatus)
    iDMAUSBChannelStatus                     0x00003409   Thumb Code    56  usbdma.o(i.iDMAUSBChannelStatus)
    i.iDMAUSBIntStatus                       0x00003440   Section        0  usbdma.o(i.iDMAUSBIntStatus)
    iDMAUSBIntStatus                         0x00003441   Thumb Code     6  usbdma.o(i.iDMAUSBIntStatus)
    i.iDMAUSBTransfer                        0x00003446   Section        0  usbdma.o(i.iDMAUSBTransfer)
    iDMAUSBTransfer                          0x00003447   Thumb Code   244  usbdma.o(i.iDMAUSBTransfer)
    i.iDMAUSBUnitSizeSet                     0x0000353a   Section        0  usbdma.o(i.iDMAUSBUnitSizeSet)
    iDMAUSBUnitSizeSet                       0x0000353b   Thumb Code     2  usbdma.o(i.iDMAUSBUnitSizeSet)
    i.main                                   0x0000353c   Section        0  usb_dev_bulk.o(i.main)
    i.uDMAChannelAssign                      0x000036f8   Section        0  udma.o(i.uDMAChannelAssign)
    i.uDMAChannelAttributeDisable            0x00003724   Section        0  udma.o(i.uDMAChannelAttributeDisable)
    i.uDMAChannelControlSet                  0x0000376c   Section        0  udma.o(i.uDMAChannelControlSet)
    i.uDMAChannelDisable                     0x0000378c   Section        0  udma.o(i.uDMAChannelDisable)
    i.uDMAChannelEnable                      0x000037a0   Section        0  udma.o(i.uDMAChannelEnable)
    i.uDMAChannelModeGet                     0x000037b4   Section        0  udma.o(i.uDMAChannelModeGet)
    i.uDMAChannelTransferSet                 0x000037dc   Section        0  udma.o(i.uDMAChannelTransferSet)
    i.uDMAControlBaseSet                     0x0000385c   Section        0  udma.o(i.uDMAControlBaseSet)
    i.uDMAEnable                             0x00003868   Section        0  udma.o(i.uDMAEnable)
    i.uDMAErrorHandler                       0x00003874   Section        0  usb_dev_bulk.o(i.uDMAErrorHandler)
    i.uDMAErrorStatusClear                   0x000038b4   Section        0  udma.o(i.uDMAErrorStatusClear)
    i.uDMAErrorStatusGet                     0x000038c0   Section        0  udma.o(i.uDMAErrorStatusGet)
    i.uDMAUSBArbSizeSet                      0x000038cc   Section        0  usbdma.o(i.uDMAUSBArbSizeSet)
    uDMAUSBArbSizeSet                        0x000038cd   Thumb Code   104  usbdma.o(i.uDMAUSBArbSizeSet)
    i.uDMAUSBChannelAllocate                 0x00003934   Section        0  usbdma.o(i.uDMAUSBChannelAllocate)
    uDMAUSBChannelAllocate                   0x00003935   Thumb Code   184  usbdma.o(i.uDMAUSBChannelAllocate)
    i.uDMAUSBChannelDisable                  0x000039f4   Section        0  usbdma.o(i.uDMAUSBChannelDisable)
    uDMAUSBChannelDisable                    0x000039f5   Thumb Code    88  usbdma.o(i.uDMAUSBChannelDisable)
    i.uDMAUSBChannelEnable                   0x00003a4c   Section        0  usbdma.o(i.uDMAUSBChannelEnable)
    uDMAUSBChannelEnable                     0x00003a4d   Thumb Code   106  usbdma.o(i.uDMAUSBChannelEnable)
    i.uDMAUSBChannelIntDisable               0x00003ab6   Section        0  usbdma.o(i.uDMAUSBChannelIntDisable)
    uDMAUSBChannelIntDisable                 0x00003ab7   Thumb Code     2  usbdma.o(i.uDMAUSBChannelIntDisable)
    i.uDMAUSBChannelIntEnable                0x00003ab8   Section        0  usbdma.o(i.uDMAUSBChannelIntEnable)
    uDMAUSBChannelIntEnable                  0x00003ab9   Thumb Code     2  usbdma.o(i.uDMAUSBChannelIntEnable)
    i.uDMAUSBChannelRelease                  0x00003aba   Section        0  usbdma.o(i.uDMAUSBChannelRelease)
    uDMAUSBChannelRelease                    0x00003abb   Thumb Code    90  usbdma.o(i.uDMAUSBChannelRelease)
    i.uDMAUSBChannelStatus                   0x00003b14   Section        0  usbdma.o(i.uDMAUSBChannelStatus)
    uDMAUSBChannelStatus                     0x00003b15   Thumb Code    38  usbdma.o(i.uDMAUSBChannelStatus)
    i.uDMAUSBIntStatus                       0x00003b3a   Section        0  usbdma.o(i.uDMAUSBIntStatus)
    uDMAUSBIntStatus                         0x00003b3b   Thumb Code    52  usbdma.o(i.uDMAUSBIntStatus)
    i.uDMAUSBTransfer                        0x00003b6e   Section        0  usbdma.o(i.uDMAUSBTransfer)
    uDMAUSBTransfer                          0x00003b6f   Thumb Code   200  usbdma.o(i.uDMAUSBTransfer)
    i.uDMAUSBUnitSizeSet                     0x00003c36   Section        0  usbdma.o(i.uDMAUSBUnitSizeSet)
    uDMAUSBUnitSizeSet                       0x00003c37   Thumb Code    84  usbdma.o(i.uDMAUSBUnitSizeSet)
    .constdata                               0x00003c8c   Section       40  uartstdio.o(.constdata)
    g_pcHex                                  0x00003c8c   Data           4  uartstdio.o(.constdata)
    g_ui32UARTBase                           0x00003c90   Data          12  uartstdio.o(.constdata)
    g_ui32UARTInt                            0x00003c9c   Data          12  uartstdio.o(.constdata)
    g_ui32UARTPeriph                         0x00003ca8   Data          12  uartstdio.o(.constdata)
    .constdata                               0x00003cb4   Section        4  usb_bulk_structs.o(.constdata)
    .constdata                               0x00003cb8   Section       36  usb_bulk_structs.o(.constdata)
    .constdata                               0x00003cdc   Section       40  usb_bulk_structs.o(.constdata)
    .constdata                               0x00003d04   Section       18  usb_bulk_structs.o(.constdata)
    .constdata                               0x00003d16   Section       40  usb_bulk_structs.o(.constdata)
    .constdata                               0x00003d3e   Section       48  usb_bulk_structs.o(.constdata)
    .constdata                               0x00003d70   Section       24  usb_bulk_structs.o(.constdata)
    .constdata                               0x00003d88   Section      268  interrupt.o(.constdata)
    g_pui32Priority                          0x00003d88   Data          32  interrupt.o(.constdata)
    g_pui32Regs                              0x00003da8   Data         156  interrupt.o(.constdata)
    g_pui32EnRegs                            0x00003e44   Data          20  interrupt.o(.constdata)
    g_pui32Dii16Regs                         0x00003e58   Data          20  interrupt.o(.constdata)
    g_pui32PendRegs                          0x00003e6c   Data          20  interrupt.o(.constdata)
    g_pui32UnpendRegs                        0x00003e80   Data          20  interrupt.o(.constdata)
    .constdata                               0x00003e94   Section       23  usbdbulk.o(.constdata)
    .constdata                               0x00003eab   Section       23  usbdbulk.o(.constdata)
    .constdata                               0x00003ec4   Section        8  usbdbulk.o(.constdata)
    .constdata                               0x00003ecc   Section        8  usbdbulk.o(.constdata)
    .constdata                               0x00003ed4   Section        8  usbdbulk.o(.constdata)
    .constdata                               0x00003edc   Section        8  usbdbulk.o(.constdata)
    .constdata                               0x00003ee4   Section        8  usbdbulk.o(.constdata)
    .constdata                               0x00003eec   Section       56  usbdbulk.o(.constdata)
    .constdata                               0x00003f24   Section       52  usbdenum.o(.constdata)
    g_psUSBDStdRequests                      0x00003f24   Data          52  usbdenum.o(.constdata)
    .conststring                             0x00003f58   Section       17  uartstdio.o(.conststring)
    .data                                    0x20000000   Section       28  uartstdio.o(.data)
    bLastWasCR                               0x20000000   Data           1  uartstdio.o(.data)
    g_bDisableEcho                           0x20000001   Data           1  uartstdio.o(.data)
    g_ui32UARTTxWriteIndex                   0x20000004   Data           4  uartstdio.o(.data)
    g_ui32UARTTxReadIndex                    0x20000008   Data           4  uartstdio.o(.data)
    g_ui32UARTRxWriteIndex                   0x2000000c   Data           4  uartstdio.o(.data)
    g_ui32UARTRxReadIndex                    0x20000010   Data           4  uartstdio.o(.data)
    g_ui32Base                               0x20000014   Data           4  uartstdio.o(.data)
    g_ui32PortNum                            0x20000018   Data           4  uartstdio.o(.data)
    .data                                    0x2000001c   Section       68  usb_bulk_structs.o(.data)
    .data                                    0x20000060   Section       56  usb_bulk_structs.o(.data)
    .data                                    0x20000098   Section       56  usb_bulk_structs.o(.data)
    .data                                    0x200000d0   Section       32  usb_dev_bulk.o(.data)
    g_bUSBConfigured                         0x200000d0   Data           1  usb_dev_bulk.o(.data)
    g_ui32DMAErrCount                        0x200000d4   Data           4  usb_dev_bulk.o(.data)
    g_adcInIndex0                            0x200000d8   Data           4  usb_dev_bulk.o(.data)
    g_adcInIndex1                            0x200000dc   Data           4  usb_dev_bulk.o(.data)
    .data                                    0x200000f0   Section       29  usbdbulk.o(.data)
    g_ui16MaxPacketSize                      0x200000f0   Data           2  usbdbulk.o(.data)
    .data                                    0x20000110   Section        8  usbdbulk.o(.data)
    .data                                    0x20000118   Section        8  usbdbulk.o(.data)
    .data                                    0x20000120   Section       16  usbmode.o(.data)
    g_iDualMode                              0x20000121   Data           1  usbmode.o(.data)
    g_pfnUSBModeCallback                     0x2000012c   Data           4  usbmode.o(.data)
    .data                                    0x20000130   Section       16  usbdenum.o(.data)
    g_ui32PLLDiv                             0x20000130   Data           4  usbdenum.o(.data)
    ui32SOFDivide                            0x20000134   Data           4  usbdenum.o(.data)
    g_ui32ULPISupport                        0x20000138   Data           4  usbdenum.o(.data)
    .data                                    0x20000140   Section        8  usbtick.o(.data)
    .data                                    0x20000148   Section        4  usbtick.o(.data)
    .bss                                     0x2000014c   Section     1152  uartstdio.o(.bss)
    g_pcUARTTxBuffer                         0x2000014c   Data        1024  uartstdio.o(.bss)
    g_pcUARTRxBuffer                         0x2000054c   Data         128  uartstdio.o(.bss)
    .bss                                     0x200005cc   Section      256  usb_bulk_structs.o(.bss)
    .bss                                     0x200006cc   Section      256  usb_bulk_structs.o(.bss)
    .bss                                     0x200007cc   Section     3072  usb_dev_bulk.o(.bss)
    g_adcPingPong0                           0x200007cc   Data        1024  usb_dev_bulk.o(.bss)
    g_adcPingPong1                           0x20000bcc   Data        1024  usb_dev_bulk.o(.bss)
    .bss                                     0x200013cc   Section      144  usbdenum.o(.bss)
    g_pui8DataBufferIn                       0x200013cc   Data          64  usbdenum.o(.bss)
    .bss                                     0x2000145c   Section       48  usbtick.o(.bss)
    .bss                                     0x2000148c   Section      272  usbdma.o(.bss)
    g_psUSBDMAInst                           0x2000148c   Data         272  usbdma.o(.bss)
    STACK                                    0x200015a0   Section     1024  startup_rvmdk.o(STACK)
    StackMem                                 0x200015a0   Data           0  startup_rvmdk.o(STACK)

    Global Symbols

    Symbol Name                              Value     Ov Type        Size  Object(Section)

    BuildAttributes$$THM_ISAv4$E$P$D$K$B$S$7EM$VFPi3$EXTD16$VFPS$VFMA$PE$A:L22UL41UL21$X:L11$S22US41US21$IEEE1$IW$USESV6$~STKCKD$USESV7$~SHL$OTIME$EBA8$MICROLIB$REQ8$PRES8$EABIv2 0x00000000   Number         0  anon$$obj.o ABSOLUTE
    __ARM_use_no_argv                        0x00000000   Number         0  usb_dev_bulk.o ABSOLUTE
    __Vectors                                0x00000000   Data           0  startup_rvmdk.o(RESET)
    __cpp_initialize__aeabi_                  - Undefined Weak Reference
    __cxa_finalize                            - Undefined Weak Reference
    _clock_init                               - Undefined Weak Reference
    _microlib_exit                            - Undefined Weak Reference
    Reset_Handler                            0x0000026d   Thumb Code     0  startup_rvmdk.o(RESET)
    __main                                   0x00000289   Thumb Code     0  entry.o(.ARM.Collect$$$$00000000)
    _main_stk                                0x00000289   Thumb Code     0  entry2.o(.ARM.Collect$$$$00000001)
    _main_scatterload                        0x0000028d   Thumb Code     0  entry5.o(.ARM.Collect$$$$00000004)
    __main_after_scatterload                 0x00000291   Thumb Code     0  entry5.o(.ARM.Collect$$$$00000004)
    _main_clock                              0x00000291   Thumb Code     0  entry7b.o(.ARM.Collect$$$$00000008)
    _main_cpp_init                           0x00000291   Thumb Code     0  entry8b.o(.ARM.Collect$$$$0000000A)
    _main_init                               0x00000291   Thumb Code     0  entry9a.o(.ARM.Collect$$$$0000000B)
    __rt_final_cpp                           0x00000299   Thumb Code     0  entry10a.o(.ARM.Collect$$$$0000000D)
    __rt_final_exit                          0x00000299   Thumb Code     0  entry11a.o(.ARM.Collect$$$$0000000F)
    SysCtlDelay                              0x0000029d   Thumb Code     6  sysctl.o(.emb_text)
    CPUcpsid                                 0x000002a5   Thumb Code     8  cpu.o(.emb_text)
    CPUprimask                               0x000002ad   Thumb Code     6  cpu.o(.emb_text)
    CPUcpsie                                 0x000002b3   Thumb Code     8  cpu.o(.emb_text)
    CPUwfi                                   0x000002bb   Thumb Code     4  cpu.o(.emb_text)
    CPUbasepriSet                            0x000002bf   Thumb Code     6  cpu.o(.emb_text)
    CPUbasepriGet                            0x000002c5   Thumb Code     6  cpu.o(.emb_text)
    __scatterload                            0x000002cd   Thumb Code    28  init.o(.text)
    __scatterload_rt2                        0x000002cd   Thumb Code     0  init.o(.text)
    __decompress                             0x000002f1   Thumb Code     0  __dczerorl2.o(.text)
    __decompress1                            0x000002f1   Thumb Code    86  __dczerorl2.o(.text)
    ADC00IntHandler                          0x00000349   Thumb Code   104  usb_dev_bulk.o(i.ADC00IntHandler)
    ADC10IntHandler                          0x000003c1   Thumb Code   104  usb_dev_bulk.o(i.ADC10IntHandler)
    ADCHardwareOversampleConfigure           0x00000439   Thumb Code    18  adc.o(i.ADCHardwareOversampleConfigure)
    ADCIntClear                              0x0000044b   Thumb Code    10  adc.o(i.ADCIntClear)
    ADCIntEnable                             0x00000455   Thumb Code    16  adc.o(i.ADCIntEnable)
    ADCPhaseDelaySet                         0x00000465   Thumb Code     4  adc.o(i.ADCPhaseDelaySet)
    ADCSequenceConfigure                     0x00000469   Thumb Code    96  adc.o(i.ADCSequenceConfigure)
    ADCSequenceDMAEnable                     0x000004c9   Thumb Code    16  adc.o(i.ADCSequenceDMAEnable)
    ADCSequenceEnable                        0x000004d9   Thumb Code    14  adc.o(i.ADCSequenceEnable)
    ADCSequenceStepConfigure                 0x000004e7   Thumb Code   154  adc.o(i.ADCSequenceStepConfigure)
    ConfigureADC                             0x000005ad   Thumb Code   410  usb_dev_bulk.o(i.ConfigureADC)
    ConfigureUART                            0x0000076d   Thumb Code    76  usb_dev_bulk.o(i.ConfigureUART)
    GPIODirModeSet                           0x000008a9   Thumb Code    40  gpio.o(i.GPIODirModeSet)
    GPIOPadConfigSet                         0x000008d1   Thumb Code   312  gpio.o(i.GPIOPadConfigSet)
    GPIOPinTypeADC                           0x00000a09   Thumb Code    28  gpio.o(i.GPIOPinTypeADC)
    GPIOPinWrite                             0x00000a25   Thumb Code     6  gpio.o(i.GPIOPinWrite)
    IntDisable                               0x00000bd5   Thumb Code    92  interrupt.o(i.IntDisable)
    IntEnable                                0x00000c39   Thumb Code    92  interrupt.o(i.IntEnable)
    IntIsEnabled                             0x00000c9d   Thumb Code    88  interrupt.o(i.IntIsEnabled)
    IntMasterDisable                         0x00000cfd   Thumb Code    14  interrupt.o(i.IntMasterDisable)
    IntMasterEnable                          0x00000d0b   Thumb Code    14  interrupt.o(i.IntMasterEnable)
    InternalUSBRegisterTickHandler           0x00000d19   Thumb Code    44  usbtick.o(i.InternalUSBRegisterTickHandler)
    InternalUSBStartOfFrameTick              0x00000d4d   Thumb Code    46  usbtick.o(i.InternalUSBStartOfFrameTick)
    InternalUSBTickInit                      0x00000d85   Thumb Code    46  usbtick.o(i.InternalUSBTickInit)
    RxHandler                                0x00000de9   Thumb Code    64  usb_dev_bulk.o(i.RxHandler)
    SysCtlPeripheralClockGating              0x00000f05   Thumb Code    58  sysctl.o(i.SysCtlPeripheralClockGating)
    SysCtlPeripheralEnable                   0x00000f49   Thumb Code    36  sysctl.o(i.SysCtlPeripheralEnable)
    SysCtlPeripheralReset                    0x00000f71   Thumb Code    56  sysctl.o(i.SysCtlPeripheralReset)
    SysCtlPeripheralSleepEnable              0x00000fad   Thumb Code    36  sysctl.o(i.SysCtlPeripheralSleepEnable)
    SysCtlUSBPLLEnable                       0x00000fd5   Thumb Code    12  sysctl.o(i.SysCtlUSBPLLEnable)
    SysTickIntHandler                        0x00000fe5   Thumb Code    10  usb_dev_bulk.o(i.SysTickIntHandler)
    TxHandler                                0x00000ff5   Thumb Code    16  usb_dev_bulk.o(i.TxHandler)
    UARTClockSourceSet                       0x00001009   Thumb Code     6  uart.o(i.UARTClockSourceSet)
    UARTFlushRx                              0x00001011   Thumb Code    36  uartstdio.o(i.UARTFlushRx)
    UARTFlushTx                              0x00001039   Thumb Code    52  uartstdio.o(i.UARTFlushTx)
    UARTStdioConfig                          0x000010e9   Thumb Code   142  uartstdio.o(i.UARTStdioConfig)
    UARTStdioIntHandler                      0x00001181   Thumb Code   248  uartstdio.o(i.UARTStdioIntHandler)
    UARTprintf                               0x00001289   Thumb Code    18  uartstdio.o(i.UARTprintf)
    UARTvprintf                              0x0000129d   Thumb Code   420  uartstdio.o(i.UARTvprintf)
    UARTwrite                                0x00001451   Thumb Code   134  uartstdio.o(i.UARTwrite)
    ULPIConfigSet                            0x000014e1   Thumb Code    90  usbulpi.o(i.ULPIConfigSet)
    USB0DeviceIntHandler                     0x0000153d   Thumb Code    20  usbdhandler.o(i.USB0DeviceIntHandler)
    USBBufferDataWritten                     0x00001555   Thumb Code    24  usbbuffer.o(i.USBBufferDataWritten)
    USBBufferEventCallback                   0x0000156d   Thumb Code   340  usbbuffer.o(i.USBBufferEventCallback)
    USBBufferFlush                           0x000016c1   Thumb Code     6  usbbuffer.o(i.USBBufferFlush)
    USBBufferInfoGet                         0x000016c7   Thumb Code    18  usbbuffer.o(i.USBBufferInfoGet)
    USBBufferInit                            0x000016d9   Thumb Code    24  usbbuffer.o(i.USBBufferInit)
    USBBufferSpaceAvailable                  0x000016f1   Thumb Code     6  usbbuffer.o(i.USBBufferSpaceAvailable)
    USBClockEnable                           0x000016f7   Thumb Code    10  usb.o(i.USBClockEnable)
    USBControllerVersion                     0x00001701   Thumb Code    10  usb.o(i.USBControllerVersion)
    USBDBulkCompositeInit                    0x0000170d   Thumb Code   126  usbdbulk.o(i.USBDBulkCompositeInit)
    USBDBulkInit                             0x000017a5   Thumb Code    54  usbdbulk.o(i.USBDBulkInit)
    USBDBulkPacketRead                       0x000017e1   Thumb Code   134  usbdbulk.o(i.USBDBulkPacketRead)
    USBDBulkPacketWrite                      0x00001869   Thumb Code    80  usbdbulk.o(i.USBDBulkPacketWrite)
    USBDBulkRxPacketAvailable                0x000018bd   Thumb Code    38  usbdbulk.o(i.USBDBulkRxPacketAvailable)
    USBDBulkTxPacketAvailable                0x000018e5   Thumb Code    16  usbdbulk.o(i.USBDBulkTxPacketAvailable)
    USBDCDConfigDescGet                      0x000018f9   Thumb Code    86  usbdcdesc.o(i.USBDCDConfigDescGet)
    USBDCDConfigDescGetNum                   0x0000194f   Thumb Code    54  usbdcdesc.o(i.USBDCDConfigDescGetNum)
    USBDCDConfigDescGetSize                  0x00001985   Thumb Code    34  usbdcdesc.o(i.USBDCDConfigDescGetSize)
    USBDCDConfigGetInterface                 0x000019a7   Thumb Code   188  usbdcdesc.o(i.USBDCDConfigGetInterface)
    USBDCDConfigGetInterfaceEndpoint         0x00001a63   Thumb Code    94  usbdcdesc.o(i.USBDCDConfigGetInterfaceEndpoint)
    USBDCDDeviceInfoInit                     0x00001ac1   Thumb Code    54  usbdenum.o(i.USBDCDDeviceInfoInit)
    USBDCDFeatureGet                         0x00001b05   Thumb Code    18  usbdenum.o(i.USBDCDFeatureGet)
    USBDCDInit                               0x00001b1d   Thumb Code   392  usbdenum.o(i.USBDCDInit)
    USBDMAChannelAddressSet                  0x000021d5   Thumb Code    10  usb.o(i.USBDMAChannelAddressSet)
    USBDMAChannelConfigSet                   0x000021df   Thumb Code    22  usb.o(i.USBDMAChannelConfigSet)
    USBDMAChannelCountSet                    0x000021f5   Thumb Code    10  usb.o(i.USBDMAChannelCountSet)
    USBDMAChannelDisable                     0x000021ff   Thumb Code    18  usb.o(i.USBDMAChannelDisable)
    USBDMAChannelEnable                      0x00002211   Thumb Code    18  usb.o(i.USBDMAChannelEnable)
    USBDMAChannelIntDisable                  0x00002223   Thumb Code    18  usb.o(i.USBDMAChannelIntDisable)
    USBDMAChannelIntEnable                   0x00002235   Thumb Code    18  usb.o(i.USBDMAChannelIntEnable)
    USBDMAChannelIntStatus                   0x00002247   Thumb Code     6  usb.o(i.USBDMAChannelIntStatus)
    USBDMAChannelStatus                      0x0000224d   Thumb Code    14  usb.o(i.USBDMAChannelStatus)
    USBDescGet                               0x00002531   Thumb Code    54  usbdesc.o(i.USBDescGet)
    USBDescGetNum                            0x00002567   Thumb Code    46  usbdesc.o(i.USBDescGetNum)
    USBDevAddrSet                            0x00002595   Thumb Code     4  usb.o(i.USBDevAddrSet)
    USBDevConnect                            0x00002599   Thumb Code    10  usb.o(i.USBDevConnect)
    USBDevDisconnect                         0x000025a3   Thumb Code    10  usb.o(i.USBDevDisconnect)
    USBDevEndpointConfigSet                  0x000025ad   Thumb Code   136  usb.o(i.USBDevEndpointConfigSet)
    USBDevEndpointDataAck                    0x00002635   Thumb Code    36  usb.o(i.USBDevEndpointDataAck)
    USBDevEndpointStall                      0x00002659   Thumb Code    52  usb.o(i.USBDevEndpointStall)
    USBDevEndpointStallClear                 0x0000268d   Thumb Code    74  usb.o(i.USBDevEndpointStallClear)
    USBDevEndpointStatusClear                0x000026d7   Thumb Code    94  usb.o(i.USBDevEndpointStatusClear)
    USBDevLPMConfig                          0x00002735   Thumb Code     6  usb.o(i.USBDevLPMConfig)
    USBDevLPMDisable                         0x0000273b   Thumb Code    14  usb.o(i.USBDevLPMDisable)
    USBDevLPMEnable                          0x00002749   Thumb Code    14  usb.o(i.USBDevLPMEnable)
    USBDevMode                               0x00002757   Thumb Code     8  usb.o(i.USBDevMode)
    USBDeviceConfig                          0x00002761   Thumb Code   410  usbdconfig.o(i.USBDeviceConfig)
    USBDeviceConfigAlternate                 0x00002901   Thumb Code   194  usbdconfig.o(i.USBDeviceConfigAlternate)
    USBDeviceEnumHandler                     0x000029c9   Thumb Code   224  usbdenum.o(i.USBDeviceEnumHandler)
    USBDeviceIntHandlerInternal              0x00002ab5   Thumb Code   388  usbdenum.o(i.USBDeviceIntHandlerInternal)
    USBDeviceResumeTickHandler               0x00002c4d   Thumb Code    76  usbdenum.o(i.USBDeviceResumeTickHandler)
    USBEndpointDMAChannel                    0x00002ca5   Thumb Code    26  usb.o(i.USBEndpointDMAChannel)
    USBEndpointDMAConfigSet                  0x00002cbf   Thumb Code    86  usb.o(i.USBEndpointDMAConfigSet)
    USBEndpointDMADisable                    0x00002d15   Thumb Code    36  usb.o(i.USBEndpointDMADisable)
    USBEndpointDMAEnable                     0x00002d39   Thumb Code    36  usb.o(i.USBEndpointDMAEnable)
    USBEndpointDataAvail                     0x00002d5d   Thumb Code    30  usb.o(i.USBEndpointDataAvail)
    USBEndpointDataGet                       0x00002d7b   Thumb Code    84  usb.o(i.USBEndpointDataGet)
    USBEndpointDataPut                       0x00002dcf   Thumb Code    58  usb.o(i.USBEndpointDataPut)
    USBEndpointDataSend                      0x00002e09   Thumb Code    48  usb.o(i.USBEndpointDataSend)
    USBEndpointPacketCountSet                0x00002e39   Thumb Code    12  usb.o(i.USBEndpointPacketCountSet)
    USBEndpointStatus                        0x00002e45   Thumb Code    16  usb.o(i.USBEndpointStatus)
    USBFIFOAddrGet                           0x00002e55   Thumb Code     8  usb.o(i.USBFIFOAddrGet)
    USBFIFOConfigSet                         0x00002e5d   Thumb Code    64  usb.o(i.USBFIFOConfigSet)
    USBHostResume                            0x00002e9d   Thumb Code    18  usb.o(i.USBHostResume)
    USBIntEnableControl                      0x00002eb1   Thumb Code    38  usb.o(i.USBIntEnableControl)
    USBIntEnableEndpoint                     0x00002edd   Thumb Code    22  usb.o(i.USBIntEnableEndpoint)
    USBIntStatusControl                      0x00002ef5   Thumb Code    56  usb.o(i.USBIntStatusControl)
    USBIntStatusEndpoint                     0x00002f31   Thumb Code    10  usb.o(i.USBIntStatusEndpoint)
    USBLPMIntEnable                          0x00002f3b   Thumb Code    12  usb.o(i.USBLPMIntEnable)
    USBLPMIntStatus                          0x00002f47   Thumb Code     6  usb.o(i.USBLPMIntStatus)
    USBLibDMAInit                            0x00002f4d   Thumb Code   232  usbdma.o(i.USBLibDMAInit)
    USBOTGMode                               0x000030a9   Thumb Code     8  usb.o(i.USBOTGMode)
    USBRingBufAdvanceRead                    0x000030b1   Thumb Code    70  usbringbuf.o(i.USBRingBufAdvanceRead)
    USBRingBufAdvanceWrite                   0x000030f7   Thumb Code    84  usbringbuf.o(i.USBRingBufAdvanceWrite)
    USBRingBufContigFree                     0x0000314b   Thumb Code    30  usbringbuf.o(i.USBRingBufContigFree)
    USBRingBufContigUsed                     0x00003169   Thumb Code    16  usbringbuf.o(i.USBRingBufContigUsed)
    USBRingBufFlush                          0x00003179   Thumb Code    26  usbringbuf.o(i.USBRingBufFlush)
    USBRingBufFree                           0x00003193   Thumb Code    22  usbringbuf.o(i.USBRingBufFree)
    USBRingBufInit                           0x000031a9   Thumb Code    12  usbringbuf.o(i.USBRingBufInit)
    USBRingBufUsed                           0x000031b5   Thumb Code    20  usbringbuf.o(i.USBRingBufUsed)
    USBRingBufWrite                          0x000031c9   Thumb Code    80  usbringbuf.o(i.USBRingBufWrite)
    USBStackModeSet                          0x00003219   Thumb Code    24  usbmode.o(i.USBStackModeSet)
    USBULPIDisable                           0x00003235   Thumb Code    14  usb.o(i.USBULPIDisable)
    USBULPIEnable                            0x00003243   Thumb Code    14  usb.o(i.USBULPIEnable)
    USBULPIRegRead                           0x00003251   Thumb Code    32  usb.o(i.USBULPIRegRead)
    USBULPIRegWrite                          0x00003271   Thumb Code    32  usb.o(i.USBULPIRegWrite)
    __scatterload_copy                       0x00003291   Thumb Code    14  handlers.o(i.__scatterload_copy)
    __scatterload_null                       0x0000329f   Thumb Code     2  handlers.o(i.__scatterload_null)
    __scatterload_zeroinit                   0x000032a1   Thumb Code    14  handlers.o(i.__scatterload_zeroinit)
    main                                     0x0000353d   Thumb Code   346  usb_dev_bulk.o(i.main)
    uDMAChannelAssign                        0x000036f9   Thumb Code    40  udma.o(i.uDMAChannelAssign)
    uDMAChannelAttributeDisable              0x00003725   Thumb Code    66  udma.o(i.uDMAChannelAttributeDisable)
    uDMAChannelControlSet                    0x0000376d   Thumb Code    24  udma.o(i.uDMAChannelControlSet)
    uDMAChannelDisable                       0x0000378d   Thumb Code    16  udma.o(i.uDMAChannelDisable)
    uDMAChannelEnable                        0x000037a1   Thumb Code    16  udma.o(i.uDMAChannelEnable)
    uDMAChannelModeGet                       0x000037b5   Thumb Code    34  udma.o(i.uDMAChannelModeGet)
    uDMAChannelTransferSet                   0x000037dd   Thumb Code   124  udma.o(i.uDMAChannelTransferSet)
    uDMAControlBaseSet                       0x0000385d   Thumb Code     6  udma.o(i.uDMAControlBaseSet)
    uDMAEnable                               0x00003869   Thumb Code     8  udma.o(i.uDMAEnable)
    uDMAErrorHandler                         0x00003875   Thumb Code    38  usb_dev_bulk.o(i.uDMAErrorHandler)
    uDMAErrorStatusClear                     0x000038b5   Thumb Code     8  udma.o(i.uDMAErrorStatusClear)
    uDMAErrorStatusGet                       0x000038c1   Thumb Code     6  udma.o(i.uDMAErrorStatusGet)
    g_pui8LangDescriptor                     0x00003cb4   Data           4  usb_bulk_structs.o(.constdata)
    g_pui8ManufacturerString                 0x00003cb8   Data          36  usb_bulk_structs.o(.constdata)
    g_pui8ProductString                      0x00003cdc   Data          40  usb_bulk_structs.o(.constdata)
    g_pui8SerialNumberString                 0x00003d04   Data          18  usb_bulk_structs.o(.constdata)
    g_pui8DataInterfaceString                0x00003d16   Data          40  usb_bulk_structs.o(.constdata)
    g_pui8ConfigString                       0x00003d3e   Data          48  usb_bulk_structs.o(.constdata)
    g_ppui8StringDescriptors                 0x00003d70   Data          24  usb_bulk_structs.o(.constdata)
    g_pui8BulkInterface                      0x00003e94   Data          23  usbdbulk.o(.constdata)
    g_pui8BulkInterfaceHS                    0x00003eab   Data          23  usbdbulk.o(.constdata)
    g_sBulkConfigSection                     0x00003ec4   Data           8  usbdbulk.o(.constdata)
    g_sBulkInterfaceSection                  0x00003ecc   Data           8  usbdbulk.o(.constdata)
    g_sBulkInterfaceSectionHS                0x00003ed4   Data           8  usbdbulk.o(.constdata)
    g_sBulkConfigHeader                      0x00003edc   Data           8  usbdbulk.o(.constdata)
    g_sBulkConfigHeaderHS                    0x00003ee4   Data           8  usbdbulk.o(.constdata)
    g_ppBulkConfigDescriptors                0x00003eec   Data           4  usbdbulk.o(.constdata)
    g_ppBulkConfigDescriptorsHS              0x00003ef0   Data           4  usbdbulk.o(.constdata)
    g_sBulkHandlers                          0x00003ef4   Data          48  usbdbulk.o(.constdata)
    Region$$Table$$Base                      0x00003f6c   Number         0  anon$$obj.o(Region$$Table)
    Region$$Table$$Limit                     0x00003f8c   Number         0  anon$$obj.o(Region$$Table)
    g_sBulkDevice                            0x2000001c   Data          68  usb_bulk_structs.o(.data)
    g_sRxBuffer                              0x20000060   Data          56  usb_bulk_structs.o(.data)
    g_sTxBuffer                              0x20000098   Data          56  usb_bulk_structs.o(.data)
    HW_AVERAGE                               0x200000e0   Data           4  usb_dev_bulk.o(.data)
    g_ui32SysTickCount                       0x200000e4   Data           4  usb_dev_bulk.o(.data)
    g_ui32TxCount                            0x200000e8   Data           4  usb_dev_bulk.o(.data)
    g_ui32RxCount                            0x200000ec   Data           4  usb_dev_bulk.o(.data)
    g_pui8BulkDeviceDescriptor               0x200000f2   Data          18  usbdbulk.o(.data)
    g_pui8BulkDescriptor                     0x20000104   Data           9  usbdbulk.o(.data)
    g_psBulkSections                         0x20000110   Data           8  usbdbulk.o(.data)
    g_psBulkSectionsHS                       0x20000118   Data           8  usbdbulk.o(.data)
    g_iUSBMode                               0x20000120   Data           1  usbmode.o(.data)
    g_eOTGModeState                          0x20000122   Data           1  usbmode.o(.data)
    g_ui32WaitTicks                          0x20000124   Data           4  usbmode.o(.data)
    g_ui32PollRate                           0x20000128   Data           4  usbmode.o(.data)
    g_ppsDevInfo                             0x2000013c   Data           4  usbdenum.o(.data)
    g_bUSBTimerInitialized                   0x20000140   Data           1  usbtick.o(.data)
    g_ui32CurrentUSBTick                     0x20000144   Data           4  usbtick.o(.data)
    g_ui32USBSOFCount                        0x20000148   Data           4  usbtick.o(.data)
    g_pui8USBRxBuffer                        0x200005cc   Data         256  usb_bulk_structs.o(.bss)
    g_pui8USBTxBuffer                        0x200006cc   Data         256  usb_bulk_structs.o(.bss)
    pui8ControlTable                         0x20000fcc   Data        1024  usb_dev_bulk.o(.bss)
    g_psDCDInst                              0x2000140c   Data          80  usbdenum.o(.bss)
    g_pfnTickHandlers                        0x2000145c   Data          24  usbtick.o(.bss)
    g_pvTickInstance                         0x20001474   Data          24  usbtick.o(.bss)
    __initial_sp                             0x200019a0   Data           0  startup_rvmdk.o(STACK)



==============================================================================

Memory Map of the image

  Image Entry point : 0x0000026d

  Load Region LR_IROM (Base: 0x00000000, Size: 0x000040d8, Max: 0x00040000, ABSOLUTE, COMPRESSED[0x00003ffc])

    Execution Region ER_IROM (Exec base: 0x00000000, Load base: 0x00000000, Size: 0x00003f8c, Max: 0x00040000, ABSOLUTE)

    Exec Addr    Load Addr    Size         Type   Attr      Idx    E Section Name        Object

    0x00000000   0x00000000   0x00000288   Code   RO            3  * RESET               startup_rvmdk.o
    0x00000288   0x00000288   0x00000000   Code   RO         3896  * .ARM.Collect$$$$00000000  mc_w.l(entry.o)
    0x00000288   0x00000288   0x00000004   Code   RO         3899    .ARM.Collect$$$$00000001  mc_w.l(entry2.o)
    0x0000028c   0x0000028c   0x00000004   Code   RO         3902    .ARM.Collect$$$$00000004  mc_w.l(entry5.o)
    0x00000290   0x00000290   0x00000000   Code   RO         3904    .ARM.Collect$$$$00000008  mc_w.l(entry7b.o)
    0x00000290   0x00000290   0x00000000   Code   RO         3906    .ARM.Collect$$$$0000000A  mc_w.l(entry8b.o)
    0x00000290   0x00000290   0x00000008   Code   RO         3907    .ARM.Collect$$$$0000000B  mc_w.l(entry9a.o)
    0x00000298   0x00000298   0x00000000   Code   RO         3909    .ARM.Collect$$$$0000000D  mc_w.l(entry10a.o)
    0x00000298   0x00000298   0x00000000   Code   RO         3911    .ARM.Collect$$$$0000000F  mc_w.l(entry11a.o)
    0x00000298   0x00000298   0x00000004   Code   RO         3900    .ARM.Collect$$$$00002712  mc_w.l(entry2.o)
    0x0000029c   0x0000029c   0x00000006   Code   RO         1122    .emb_text           driverlib.lib(sysctl.o)
    0x000002a2   0x000002a2   0x00000002   PAD
    0x000002a4   0x000002a4   0x00000026   Code   RO         2291    .emb_text           driverlib.lib(cpu.o)
    0x000002ca   0x000002ca   0x00000002   PAD
    0x000002cc   0x000002cc   0x00000024   Code   RO         3913    .text               mc_w.l(init.o)
    0x000002f0   0x000002f0   0x00000056   Code   RO         3923    .text               mc_w.l(__dczerorl2.o)
    0x00000346   0x00000346   0x00000002   PAD
    0x00000348   0x00000348   0x00000078   Code   RO          203    i.ADC00IntHandler   usb_dev_bulk.o
    0x000003c0   0x000003c0   0x00000078   Code   RO          204    i.ADC10IntHandler   usb_dev_bulk.o
    0x00000438   0x00000438   0x00000012   Code   RO          431    i.ADCHardwareOversampleConfigure  driverlib.lib(adc.o)
    0x0000044a   0x0000044a   0x0000000a   Code   RO          432    i.ADCIntClear       driverlib.lib(adc.o)
    0x00000454   0x00000454   0x00000010   Code   RO          436    i.ADCIntEnable      driverlib.lib(adc.o)
    0x00000464   0x00000464   0x00000004   Code   RO          443    i.ADCPhaseDelaySet  driverlib.lib(adc.o)
    0x00000468   0x00000468   0x00000060   Code   RO          447    i.ADCSequenceConfigure  driverlib.lib(adc.o)
    0x000004c8   0x000004c8   0x00000010   Code   RO          449    i.ADCSequenceDMAEnable  driverlib.lib(adc.o)
    0x000004d8   0x000004d8   0x0000000e   Code   RO          452    i.ADCSequenceEnable  driverlib.lib(adc.o)
    0x000004e6   0x000004e6   0x0000009a   Code   RO          455    i.ADCSequenceStepConfigure  driverlib.lib(adc.o)
    0x00000580   0x00000580   0x0000002c   Code   RO         2029    i.BulkTickHandler   usblib.lib(usbdbulk.o)
    0x000005ac   0x000005ac   0x000001c0   Code   RO          205    i.ConfigureADC      usb_dev_bulk.o
    0x0000076c   0x0000076c   0x0000005c   Code   RO          206    i.ConfigureUART     usb_dev_bulk.o
    0x000007c8   0x000007c8   0x00000040   Code   RO         3634    i.DMAUSBIntHandler  usblib.lib(usbdma.o)
    0x00000808   0x00000808   0x0000000e   Code   RO         3635    i.DMAUSBIntStatusClear  usblib.lib(usbdma.o)
    0x00000816   0x00000816   0x00000004   Code   RO         3636    i.DMAUSBStatus      usblib.lib(usbdma.o)
    0x0000081a   0x0000081a   0x00000002   PAD
    0x0000081c   0x0000081c   0x0000008c   Code   RO          207    i.EchoNewDataToHost  usb_dev_bulk.o
    0x000008a8   0x000008a8   0x00000028   Code   RO          704    i.GPIODirModeSet    driverlib.lib(gpio.o)
    0x000008d0   0x000008d0   0x00000138   Code   RO          716    i.GPIOPadConfigSet  driverlib.lib(gpio.o)
    0x00000a08   0x00000a08   0x0000001c   Code   RO          719    i.GPIOPinTypeADC    driverlib.lib(gpio.o)
    0x00000a24   0x00000a24   0x00000006   Code   RO          746    i.GPIOPinWrite      driverlib.lib(gpio.o)
    0x00000a2a   0x00000a2a   0x00000028   Code   RO         2030    i.HandleConfigChange  usblib.lib(usbdbulk.o)
    0x00000a52   0x00000a52   0x0000007e   Code   RO         2031    i.HandleDevice      usblib.lib(usbdbulk.o)
    0x00000ad0   0x00000ad0   0x00000020   Code   RO         2032    i.HandleDisconnect  usblib.lib(usbdbulk.o)
    0x00000af0   0x00000af0   0x000000cc   Code   RO         2033    i.HandleEndpoints   usblib.lib(usbdbulk.o)
    0x00000bbc   0x00000bbc   0x0000000c   Code   RO         2034    i.HandleResume      usblib.lib(usbdbulk.o)
    0x00000bc8   0x00000bc8   0x0000000c   Code   RO         2035    i.HandleSuspend     usblib.lib(usbdbulk.o)
    0x00000bd4   0x00000bd4   0x00000064   Code   RO         1006    i.IntDisable        driverlib.lib(interrupt.o)
    0x00000c38   0x00000c38   0x00000064   Code   RO         1007    i.IntEnable         driverlib.lib(interrupt.o)
    0x00000c9c   0x00000c9c   0x00000060   Code   RO         1008    i.IntIsEnabled      driverlib.lib(interrupt.o)
    0x00000cfc   0x00000cfc   0x0000000e   Code   RO         1009    i.IntMasterDisable  driverlib.lib(interrupt.o)
    0x00000d0a   0x00000d0a   0x0000000e   Code   RO         1010    i.IntMasterEnable   driverlib.lib(interrupt.o)
    0x00000d18   0x00000d18   0x00000034   Code   RO         3497    i.InternalUSBRegisterTickHandler  usblib.lib(usbtick.o)
    0x00000d4c   0x00000d4c   0x00000038   Code   RO         3498    i.InternalUSBStartOfFrameTick  usblib.lib(usbtick.o)
    0x00000d84   0x00000d84   0x00000038   Code   RO         3499    i.InternalUSBTickInit  usblib.lib(usbtick.o)
    0x00000dbc   0x00000dbc   0x00000010   Code   RO           10    i.IsBufferEmpty     uartstdio.o
    0x00000dcc   0x00000dcc   0x0000001a   Code   RO           11    i.IsBufferFull      uartstdio.o
    0x00000de6   0x00000de6   0x00000002   PAD
    0x00000de8   0x00000de8   0x00000074   Code   RO          208    i.RxHandler         usb_dev_bulk.o
    0x00000e5c   0x00000e5c   0x000000a6   Code   RO         1933    i.ScheduleNextTransmission  usblib.lib(usbbuffer.o)
    0x00000f02   0x00000f02   0x00000002   PAD
    0x00000f04   0x00000f04   0x00000044   Code   RO         1152    i.SysCtlPeripheralClockGating  driverlib.lib(sysctl.o)
    0x00000f48   0x00000f48   0x00000028   Code   RO         1156    i.SysCtlPeripheralEnable  driverlib.lib(sysctl.o)
    0x00000f70   0x00000f70   0x0000003c   Code   RO         1161    i.SysCtlPeripheralReset  driverlib.lib(sysctl.o)
    0x00000fac   0x00000fac   0x00000028   Code   RO         1163    i.SysCtlPeripheralSleepEnable  driverlib.lib(sysctl.o)
    0x00000fd4   0x00000fd4   0x00000010   Code   RO         1173    i.SysCtlUSBPLLEnable  driverlib.lib(sysctl.o)
    0x00000fe4   0x00000fe4   0x00000010   Code   RO          209    i.SysTickIntHandler  usb_dev_bulk.o
    0x00000ff4   0x00000ff4   0x00000014   Code   RO          210    i.TxHandler         usb_dev_bulk.o
    0x00001008   0x00001008   0x00000006   Code   RO         1482    i.UARTClockSourceSet  driverlib.lib(uart.o)
    0x0000100e   0x0000100e   0x00000002   PAD
    0x00001010   0x00001010   0x00000028   Code   RO           13    i.UARTFlushRx       uartstdio.o
    0x00001038   0x00001038   0x00000038   Code   RO           14    i.UARTFlushTx       uartstdio.o
    0x00001070   0x00001070   0x00000078   Code   RO           16    i.UARTPrimeTransmit  uartstdio.o
    0x000010e8   0x000010e8   0x00000098   Code   RO           18    i.UARTStdioConfig   uartstdio.o
    0x00001180   0x00001180   0x00000108   Code   RO           19    i.UARTStdioIntHandler  uartstdio.o
    0x00001288   0x00001288   0x00000012   Code   RO           23    i.UARTprintf        uartstdio.o
    0x0000129a   0x0000129a   0x00000002   PAD
    0x0000129c   0x0000129c   0x000001b4   Code   RO           24    i.UARTvprintf       uartstdio.o
    0x00001450   0x00001450   0x00000090   Code   RO           25    i.UARTwrite         uartstdio.o
    0x000014e0   0x000014e0   0x0000005a   Code   RO         3875    i.ULPIConfigSet     usblib.lib(usbulpi.o)
    0x0000153a   0x0000153a   0x00000002   PAD
    0x0000153c   0x0000153c   0x00000018   Code   RO         2174    i.USB0DeviceIntHandler  usblib.lib(usbdhandler.o)
    0x00001554   0x00001554   0x00000018   Code   RO         1937    i.USBBufferDataWritten  usblib.lib(usbbuffer.o)
    0x0000156c   0x0000156c   0x00000154   Code   RO         1938    i.USBBufferEventCallback  usblib.lib(usbbuffer.o)
    0x000016c0   0x000016c0   0x00000006   Code   RO         1939    i.USBBufferFlush    usblib.lib(usbbuffer.o)
    0x000016c6   0x000016c6   0x00000012   Code   RO         1940    i.USBBufferInfoGet  usblib.lib(usbbuffer.o)
    0x000016d8   0x000016d8   0x00000018   Code   RO         1941    i.USBBufferInit     usblib.lib(usbbuffer.o)
    0x000016f0   0x000016f0   0x00000006   Code   RO         1943    i.USBBufferSpaceAvailable  usblib.lib(usbbuffer.o)
    0x000016f6   0x000016f6   0x0000000a   Code   RO         2302    i.USBClockEnable    driverlib.lib(usb.o)
    0x00001700   0x00001700   0x0000000a   Code   RO         2303    i.USBControllerVersion  driverlib.lib(usb.o)
    0x0000170a   0x0000170a   0x00000002   PAD
    0x0000170c   0x0000170c   0x00000098   Code   RO         2036    i.USBDBulkCompositeInit  usblib.lib(usbdbulk.o)
    0x000017a4   0x000017a4   0x0000003c   Code   RO         2037    i.USBDBulkInit      usblib.lib(usbdbulk.o)
    0x000017e0   0x000017e0   0x00000086   Code   RO         2038    i.USBDBulkPacketRead  usblib.lib(usbdbulk.o)
    0x00001866   0x00001866   0x00000002   PAD
    0x00001868   0x00001868   0x00000054   Code   RO         2039    i.USBDBulkPacketWrite  usblib.lib(usbdbulk.o)
    0x000018bc   0x000018bc   0x00000026   Code   RO         2042    i.USBDBulkRxPacketAvailable  usblib.lib(usbdbulk.o)
    0x000018e2   0x000018e2   0x00000002   PAD
    0x000018e4   0x000018e4   0x00000014   Code   RO         2046    i.USBDBulkTxPacketAvailable  usblib.lib(usbdbulk.o)
    0x000018f8   0x000018f8   0x00000056   Code   RO         3538    i.USBDCDConfigDescGet  usblib.lib(usbdcdesc.o)
    0x0000194e   0x0000194e   0x00000036   Code   RO         3539    i.USBDCDConfigDescGetNum  usblib.lib(usbdcdesc.o)
    0x00001984   0x00001984   0x00000022   Code   RO         3540    i.USBDCDConfigDescGetSize  usblib.lib(usbdcdesc.o)
    0x000019a6   0x000019a6   0x000000bc   Code   RO         3541    i.USBDCDConfigGetInterface  usblib.lib(usbdcdesc.o)
    0x00001a62   0x00001a62   0x0000005e   Code   RO         3542    i.USBDCDConfigGetInterfaceEndpoint  usblib.lib(usbdcdesc.o)
    0x00001ac0   0x00001ac0   0x00000044   Code   RO         2919    i.USBDCDDeviceInfoInit  usblib.lib(usbdenum.o)
    0x00001b04   0x00001b04   0x00000018   Code   RO         2920    i.USBDCDFeatureGet  usblib.lib(usbdenum.o)
    0x00001b1c   0x00001b1c   0x000001a8   Code   RO         2922    i.USBDCDInit        usblib.lib(usbdenum.o)
    0x00001cc4   0x00001cc4   0x000000a4   Code   RO         2931    i.USBDClearFeature  usblib.lib(usbdenum.o)
    0x00001d68   0x00001d68   0x00000074   Code   RO         2932    i.USBDEP0StateTx    usblib.lib(usbdenum.o)
    0x00001ddc   0x00001ddc   0x00000174   Code   RO         2933    i.USBDEP0StateTxConfig  usblib.lib(usbdenum.o)
    0x00001f50   0x00001f50   0x00000034   Code   RO         2934    i.USBDGetConfiguration  usblib.lib(usbdenum.o)
    0x00001f84   0x00001f84   0x00000170   Code   RO         2935    i.USBDGetDescriptor  usblib.lib(usbdenum.o)
    0x000020f4   0x000020f4   0x0000005c   Code   RO         2936    i.USBDGetInterface  usblib.lib(usbdenum.o)
    0x00002150   0x00002150   0x00000084   Code   RO         2937    i.USBDGetStatus     usblib.lib(usbdenum.o)
    0x000021d4   0x000021d4   0x0000000a   Code   RO         2305    i.USBDMAChannelAddressSet  driverlib.lib(usb.o)
    0x000021de   0x000021de   0x00000016   Code   RO         2306    i.USBDMAChannelConfigSet  driverlib.lib(usb.o)
    0x000021f4   0x000021f4   0x0000000a   Code   RO         2308    i.USBDMAChannelCountSet  driverlib.lib(usb.o)
    0x000021fe   0x000021fe   0x00000012   Code   RO         2309    i.USBDMAChannelDisable  driverlib.lib(usb.o)
    0x00002210   0x00002210   0x00000012   Code   RO         2310    i.USBDMAChannelEnable  driverlib.lib(usb.o)
    0x00002222   0x00002222   0x00000012   Code   RO         2311    i.USBDMAChannelIntDisable  driverlib.lib(usb.o)
    0x00002234   0x00002234   0x00000012   Code   RO         2312    i.USBDMAChannelIntEnable  driverlib.lib(usb.o)
    0x00002246   0x00002246   0x00000006   Code   RO         2313    i.USBDMAChannelIntStatus  driverlib.lib(usb.o)
    0x0000224c   0x0000224c   0x0000000e   Code   RO         2314    i.USBDMAChannelStatus  driverlib.lib(usb.o)
    0x0000225a   0x0000225a   0x00000002   PAD
    0x0000225c   0x0000225c   0x0000007c   Code   RO         2938    i.USBDReadAndDispatchRequest  usblib.lib(usbdenum.o)
    0x000022d8   0x000022d8   0x00000024   Code   RO         2939    i.USBDSetAddress    usblib.lib(usbdenum.o)
    0x000022fc   0x000022fc   0x000000a4   Code   RO         2940    i.USBDSetConfiguration  usblib.lib(usbdenum.o)
    0x000023a0   0x000023a0   0x00000028   Code   RO         2941    i.USBDSetDescriptor  usblib.lib(usbdenum.o)
    0x000023c8   0x000023c8   0x00000084   Code   RO         2942    i.USBDSetFeature    usblib.lib(usbdenum.o)
    0x0000244c   0x0000244c   0x000000bc   Code   RO         2943    i.USBDSetInterface  usblib.lib(usbdenum.o)
    0x00002508   0x00002508   0x00000028   Code   RO         2944    i.USBDSyncFrame     usblib.lib(usbdenum.o)
    0x00002530   0x00002530   0x00000036   Code   RO         3598    i.USBDescGet        usblib.lib(usbdesc.o)
    0x00002566   0x00002566   0x0000002e   Code   RO         3601    i.USBDescGetNum     usblib.lib(usbdesc.o)
    0x00002594   0x00002594   0x00000004   Code   RO         2318    i.USBDevAddrSet     driverlib.lib(usb.o)
    0x00002598   0x00002598   0x0000000a   Code   RO         2319    i.USBDevConnect     driverlib.lib(usb.o)
    0x000025a2   0x000025a2   0x0000000a   Code   RO         2320    i.USBDevDisconnect  driverlib.lib(usb.o)
    0x000025ac   0x000025ac   0x00000088   Code   RO         2322    i.USBDevEndpointConfigSet  driverlib.lib(usb.o)
    0x00002634   0x00002634   0x00000024   Code   RO         2323    i.USBDevEndpointDataAck  driverlib.lib(usb.o)
    0x00002658   0x00002658   0x00000034   Code   RO         2324    i.USBDevEndpointStall  driverlib.lib(usb.o)
    0x0000268c   0x0000268c   0x0000004a   Code   RO         2325    i.USBDevEndpointStallClear  driverlib.lib(usb.o)
    0x000026d6   0x000026d6   0x0000005e   Code   RO         2326    i.USBDevEndpointStatusClear  driverlib.lib(usb.o)
    0x00002734   0x00002734   0x00000006   Code   RO         2327    i.USBDevLPMConfig   driverlib.lib(usb.o)
    0x0000273a   0x0000273a   0x0000000e   Code   RO         2328    i.USBDevLPMDisable  driverlib.lib(usb.o)
    0x00002748   0x00002748   0x0000000e   Code   RO         2329    i.USBDevLPMEnable   driverlib.lib(usb.o)
    0x00002756   0x00002756   0x00000008   Code   RO         2331    i.USBDevMode        driverlib.lib(usb.o)
    0x0000275e   0x0000275e   0x00000002   PAD
    0x00002760   0x00002760   0x000001a0   Code   RO         3580    i.USBDeviceConfig   usblib.lib(usbdconfig.o)
    0x00002900   0x00002900   0x000000c8   Code   RO         3581    i.USBDeviceConfigAlternate  usblib.lib(usbdconfig.o)
    0x000029c8   0x000029c8   0x000000ec   Code   RO         2945    i.USBDeviceEnumHandler  usblib.lib(usbdenum.o)
    0x00002ab4   0x00002ab4   0x00000198   Code   RO         2947    i.USBDeviceIntHandlerInternal  usblib.lib(usbdenum.o)
    0x00002c4c   0x00002c4c   0x00000058   Code   RO         2948    i.USBDeviceResumeTickHandler  usblib.lib(usbdenum.o)
    0x00002ca4   0x00002ca4   0x0000001a   Code   RO         2333    i.USBEndpointDMAChannel  driverlib.lib(usb.o)
    0x00002cbe   0x00002cbe   0x00000056   Code   RO         2334    i.USBEndpointDMAConfigSet  driverlib.lib(usb.o)
    0x00002d14   0x00002d14   0x00000024   Code   RO         2335    i.USBEndpointDMADisable  driverlib.lib(usb.o)
    0x00002d38   0x00002d38   0x00000024   Code   RO         2336    i.USBEndpointDMAEnable  driverlib.lib(usb.o)
    0x00002d5c   0x00002d5c   0x0000001e   Code   RO         2337    i.USBEndpointDataAvail  driverlib.lib(usb.o)
    0x00002d7a   0x00002d7a   0x00000054   Code   RO         2338    i.USBEndpointDataGet  driverlib.lib(usb.o)
    0x00002dce   0x00002dce   0x0000003a   Code   RO         2339    i.USBEndpointDataPut  driverlib.lib(usb.o)
    0x00002e08   0x00002e08   0x00000030   Code   RO         2340    i.USBEndpointDataSend  driverlib.lib(usb.o)
    0x00002e38   0x00002e38   0x0000000c   Code   RO         2342    i.USBEndpointPacketCountSet  driverlib.lib(usb.o)
    0x00002e44   0x00002e44   0x00000010   Code   RO         2343    i.USBEndpointStatus  driverlib.lib(usb.o)
    0x00002e54   0x00002e54   0x00000008   Code   RO         2344    i.USBFIFOAddrGet    driverlib.lib(usb.o)
    0x00002e5c   0x00002e5c   0x00000040   Code   RO         2346    i.USBFIFOConfigSet  driverlib.lib(usb.o)
    0x00002e9c   0x00002e9c   0x00000012   Code   RO         2373    i.USBHostResume     driverlib.lib(usb.o)
    0x00002eae   0x00002eae   0x00000002   PAD
    0x00002eb0   0x00002eb0   0x0000002c   Code   RO         2378    i.USBIntEnableControl  driverlib.lib(usb.o)
    0x00002edc   0x00002edc   0x00000016   Code   RO         2379    i.USBIntEnableEndpoint  driverlib.lib(usb.o)
    0x00002ef2   0x00002ef2   0x00000002   PAD
    0x00002ef4   0x00002ef4   0x0000003c   Code   RO         2381    i.USBIntStatusControl  driverlib.lib(usb.o)
    0x00002f30   0x00002f30   0x0000000a   Code   RO         2382    i.USBIntStatusEndpoint  driverlib.lib(usb.o)
    0x00002f3a   0x00002f3a   0x0000000c   Code   RO         2386    i.USBLPMIntEnable   driverlib.lib(usb.o)
    0x00002f46   0x00002f46   0x00000006   Code   RO         2387    i.USBLPMIntStatus   driverlib.lib(usb.o)
    0x00002f4c   0x00002f4c   0x0000015c   Code   RO         3638    i.USBLibDMAInit     usblib.lib(usbdma.o)
    0x000030a8   0x000030a8   0x00000008   Code   RO         2393    i.USBOTGMode        driverlib.lib(usb.o)
    0x000030b0   0x000030b0   0x00000046   Code   RO         3401    i.USBRingBufAdvanceRead  usblib.lib(usbringbuf.o)
    0x000030f6   0x000030f6   0x00000054   Code   RO         3402    i.USBRingBufAdvanceWrite  usblib.lib(usbringbuf.o)
    0x0000314a   0x0000314a   0x0000001e   Code   RO         3403    i.USBRingBufContigFree  usblib.lib(usbringbuf.o)
    0x00003168   0x00003168   0x00000010   Code   RO         3404    i.USBRingBufContigUsed  usblib.lib(usbringbuf.o)
    0x00003178   0x00003178   0x0000001a   Code   RO         3406    i.USBRingBufFlush   usblib.lib(usbringbuf.o)
    0x00003192   0x00003192   0x00000016   Code   RO         3407    i.USBRingBufFree    usblib.lib(usbringbuf.o)
    0x000031a8   0x000031a8   0x0000000c   Code   RO         3409    i.USBRingBufInit    usblib.lib(usbringbuf.o)
    0x000031b4   0x000031b4   0x00000014   Code   RO         3413    i.USBRingBufUsed    usblib.lib(usbringbuf.o)
    0x000031c8   0x000031c8   0x00000050   Code   RO         3414    i.USBRingBufWrite   usblib.lib(usbringbuf.o)
    0x00003218   0x00003218   0x0000001c   Code   RO         2197    i.USBStackModeSet   usblib.lib(usbmode.o)
    0x00003234   0x00003234   0x0000000e   Code   RO         2398    i.USBULPIDisable    driverlib.lib(usb.o)
    0x00003242   0x00003242   0x0000000e   Code   RO         2399    i.USBULPIEnable     driverlib.lib(usb.o)
    0x00003250   0x00003250   0x00000020   Code   RO         2400    i.USBULPIRegRead    driverlib.lib(usb.o)
    0x00003270   0x00003270   0x00000020   Code   RO         2401    i.USBULPIRegWrite   driverlib.lib(usb.o)
    0x00003290   0x00003290   0x0000000e   Code   RO         3917    i.__scatterload_copy  mc_w.l(handlers.o)
    0x0000329e   0x0000329e   0x00000002   Code   RO         3918    i.__scatterload_null  mc_w.l(handlers.o)
    0x000032a0   0x000032a0   0x0000000e   Code   RO         3919    i.__scatterload_zeroinit  mc_w.l(handlers.o)
    0x000032ae   0x000032ae   0x00000002   Code   RO         3640    i.iDMAUSBArbSizeSet  usblib.lib(usbdma.o)
    0x000032b0   0x000032b0   0x00000084   Code   RO         3641    i.iDMAUSBChannelAllocate  usblib.lib(usbdma.o)
    0x00003334   0x00003334   0x00000034   Code   RO         3642    i.iDMAUSBChannelDisable  usblib.lib(usbdma.o)
    0x00003368   0x00003368   0x00000052   Code   RO         3643    i.iDMAUSBChannelEnable  usblib.lib(usbdma.o)
    0x000033ba   0x000033ba   0x00000008   Code   RO         3644    i.iDMAUSBChannelIntDisable  usblib.lib(usbdma.o)
    0x000033c2   0x000033c2   0x00000008   Code   RO         3645    i.iDMAUSBChannelIntEnable  usblib.lib(usbdma.o)
    0x000033ca   0x000033ca   0x0000003e   Code   RO         3646    i.iDMAUSBChannelRelease  usblib.lib(usbdma.o)
    0x00003408   0x00003408   0x00000038   Code   RO         3647    i.iDMAUSBChannelStatus  usblib.lib(usbdma.o)
    0x00003440   0x00003440   0x00000006   Code   RO         3648    i.iDMAUSBIntStatus  usblib.lib(usbdma.o)
    0x00003446   0x00003446   0x000000f4   Code   RO         3649    i.iDMAUSBTransfer   usblib.lib(usbdma.o)
    0x0000353a   0x0000353a   0x00000002   Code   RO         3650    i.iDMAUSBUnitSizeSet  usblib.lib(usbdma.o)
    0x0000353c   0x0000353c   0x000001bc   Code   RO          212    i.main              usb_dev_bulk.o
    0x000036f8   0x000036f8   0x0000002c   Code   RO         1765    i.uDMAChannelAssign  driverlib.lib(udma.o)
    0x00003724   0x00003724   0x00000048   Code   RO         1766    i.uDMAChannelAttributeDisable  driverlib.lib(udma.o)
    0x0000376c   0x0000376c   0x00000020   Code   RO         1769    i.uDMAChannelControlSet  driverlib.lib(udma.o)
    0x0000378c   0x0000378c   0x00000014   Code   RO         1770    i.uDMAChannelDisable  driverlib.lib(udma.o)
    0x000037a0   0x000037a0   0x00000014   Code   RO         1771    i.uDMAChannelEnable  driverlib.lib(udma.o)
    0x000037b4   0x000037b4   0x00000028   Code   RO         1773    i.uDMAChannelModeGet  driverlib.lib(udma.o)
    0x000037dc   0x000037dc   0x00000080   Code   RO         1779    i.uDMAChannelTransferSet  driverlib.lib(udma.o)
    0x0000385c   0x0000385c   0x0000000c   Code   RO         1782    i.uDMAControlBaseSet  driverlib.lib(udma.o)
    0x00003868   0x00003868   0x0000000c   Code   RO         1784    i.uDMAEnable        driverlib.lib(udma.o)
    0x00003874   0x00003874   0x00000040   Code   RO          213    i.uDMAErrorHandler  usb_dev_bulk.o
    0x000038b4   0x000038b4   0x0000000c   Code   RO         1785    i.uDMAErrorStatusClear  driverlib.lib(udma.o)
    0x000038c0   0x000038c0   0x0000000c   Code   RO         1786    i.uDMAErrorStatusGet  driverlib.lib(udma.o)
    0x000038cc   0x000038cc   0x00000068   Code   RO         3651    i.uDMAUSBArbSizeSet  usblib.lib(usbdma.o)
    0x00003934   0x00003934   0x000000c0   Code   RO         3652    i.uDMAUSBChannelAllocate  usblib.lib(usbdma.o)
    0x000039f4   0x000039f4   0x00000058   Code   RO         3653    i.uDMAUSBChannelDisable  usblib.lib(usbdma.o)
    0x00003a4c   0x00003a4c   0x0000006a   Code   RO         3654    i.uDMAUSBChannelEnable  usblib.lib(usbdma.o)
    0x00003ab6   0x00003ab6   0x00000002   Code   RO         3655    i.uDMAUSBChannelIntDisable  usblib.lib(usbdma.o)
    0x00003ab8   0x00003ab8   0x00000002   Code   RO         3656    i.uDMAUSBChannelIntEnable  usblib.lib(usbdma.o)
    0x00003aba   0x00003aba   0x0000005a   Code   RO         3657    i.uDMAUSBChannelRelease  usblib.lib(usbdma.o)
    0x00003b14   0x00003b14   0x00000026   Code   RO         3658    i.uDMAUSBChannelStatus  usblib.lib(usbdma.o)
    0x00003b3a   0x00003b3a   0x00000034   Code   RO         3659    i.uDMAUSBIntStatus  usblib.lib(usbdma.o)
    0x00003b6e   0x00003b6e   0x000000c8   Code   RO         3660    i.uDMAUSBTransfer   usblib.lib(usbdma.o)
    0x00003c36   0x00003c36   0x00000054   Code   RO         3661    i.uDMAUSBUnitSizeSet  usblib.lib(usbdma.o)
    0x00003c8a   0x00003c8a   0x00000002   PAD
    0x00003c8c   0x00003c8c   0x00000028   Data   RO           27    .constdata          uartstdio.o
    0x00003cb4   0x00003cb4   0x00000004   Data   RO          163    .constdata          usb_bulk_structs.o
    0x00003cb8   0x00003cb8   0x00000024   Data   RO          164    .constdata          usb_bulk_structs.o
    0x00003cdc   0x00003cdc   0x00000028   Data   RO          165    .constdata          usb_bulk_structs.o
    0x00003d04   0x00003d04   0x00000012   Data   RO          166    .constdata          usb_bulk_structs.o
    0x00003d16   0x00003d16   0x00000028   Data   RO          167    .constdata          usb_bulk_structs.o
    0x00003d3e   0x00003d3e   0x00000030   Data   RO          168    .constdata          usb_bulk_structs.o
    0x00003d6e   0x00003d6e   0x00000002   PAD
    0x00003d70   0x00003d70   0x00000018   Data   RO          169    .constdata          usb_bulk_structs.o
    0x00003d88   0x00003d88   0x0000010c   Data   RO         1023    .constdata          driverlib.lib(interrupt.o)
    0x00003e94   0x00003e94   0x00000017   Data   RO         2047    .constdata          usblib.lib(usbdbulk.o)
    0x00003eab   0x00003eab   0x00000017   Data   RO         2048    .constdata          usblib.lib(usbdbulk.o)
    0x00003ec2   0x00003ec2   0x00000002   PAD
    0x00003ec4   0x00003ec4   0x00000008   Data   RO         2049    .constdata          usblib.lib(usbdbulk.o)
    0x00003ecc   0x00003ecc   0x00000008   Data   RO         2050    .constdata          usblib.lib(usbdbulk.o)
    0x00003ed4   0x00003ed4   0x00000008   Data   RO         2051    .constdata          usblib.lib(usbdbulk.o)
    0x00003edc   0x00003edc   0x00000008   Data   RO         2052    .constdata          usblib.lib(usbdbulk.o)
    0x00003ee4   0x00003ee4   0x00000008   Data   RO         2053    .constdata          usblib.lib(usbdbulk.o)
    0x00003eec   0x00003eec   0x00000038   Data   RO         2054    .constdata          usblib.lib(usbdbulk.o)
    0x00003f24   0x00003f24   0x00000034   Data   RO         2950    .constdata          usblib.lib(usbdenum.o)
    0x00003f58   0x00003f58   0x00000011   Data   RO           28    .conststring        uartstdio.o
    0x00003f69   0x00003f69   0x00000003   PAD
    0x00003f6c   0x00003f6c   0x00000020   Data   RO         3915    Region$$Table       anon$$obj.o


    Execution Region RW_IRAM (Exec base: 0x20000000, Load base: 0x00003f8c, Size: 0x000019a0, Max: 0x00008000, ABSOLUTE, COMPRESSED[0x00000070])

    Exec Addr    Load Addr    Size         Type   Attr      Idx    E Section Name        Object

    0x20000000   COMPRESSED   0x0000001c   Data   RW           29    .data               uartstdio.o
    0x2000001c   COMPRESSED   0x00000044   Data   RW          170    .data               usb_bulk_structs.o
    0x20000060   COMPRESSED   0x00000038   Data   RW          171    .data               usb_bulk_structs.o
    0x20000098   COMPRESSED   0x00000038   Data   RW          172    .data               usb_bulk_structs.o
    0x200000d0   COMPRESSED   0x00000020   Data   RW          215    .data               usb_dev_bulk.o
    0x200000f0   COMPRESSED   0x0000001d   Data   RW         2055    .data               usblib.lib(usbdbulk.o)
    0x2000010d   COMPRESSED   0x00000003   PAD
    0x20000110   COMPRESSED   0x00000008   Data   RW         2056    .data               usblib.lib(usbdbulk.o)
    0x20000118   COMPRESSED   0x00000008   Data   RW         2057    .data               usblib.lib(usbdbulk.o)
    0x20000120   COMPRESSED   0x00000010   Data   RW         2198    .data               usblib.lib(usbmode.o)
    0x20000130   COMPRESSED   0x00000010   Data   RW         2951    .data               usblib.lib(usbdenum.o)
    0x20000140   COMPRESSED   0x00000008   Data   RW         3502    .data               usblib.lib(usbtick.o)
    0x20000148   COMPRESSED   0x00000004   Data   RW         3503    .data               usblib.lib(usbtick.o)
    0x2000014c        -       0x00000480   Zero   RW           26    .bss                uartstdio.o
    0x200005cc        -       0x00000100   Zero   RW          161    .bss                usb_bulk_structs.o
    0x200006cc        -       0x00000100   Zero   RW          162    .bss                usb_bulk_structs.o
    0x200007cc        -       0x00000c00   Zero   RW          214    .bss                usb_dev_bulk.o
    0x200013cc        -       0x00000090   Zero   RW         2949    .bss                usblib.lib(usbdenum.o)
    0x2000145c        -       0x00000030   Zero   RW         3501    .bss                usblib.lib(usbtick.o)
    0x2000148c        -       0x00000110   Zero   RW         3662    .bss                usblib.lib(usbdma.o)
    0x2000159c   COMPRESSED   0x00000004   PAD
    0x200015a0        -       0x00000400   Zero   RW            1    STACK               startup_rvmdk.o


==============================================================================

Image component sizes


      Code (inc. data)   RO Data    RW Data    ZI Data      Debug   Object Name

       648        622          0          0       1024        280   startup_rvmdk.o
      1272         72         57         28       1152      15111   uartstdio.o
         0          0        210        180        512      14504   usb_bulk_structs.o
      1580        294          0         32       3072       8934   usb_dev_bulk.o

    ----------------------------------------------------------------------
      3504        988        304        240       5760      38829   Object Totals
         0          0         32          0          0          0   (incl. Generated)
         4          0          5          0          0          0   (incl. Padding)

    ----------------------------------------------------------------------

      Code (inc. data)   RO Data    RW Data    ZI Data      Debug   Library Member Name

       328          0          0          0          0       7410   adc.o
        38          0          0          0          0        572   cpu.o
       386          0          0          0          0       3244   gpio.o
       324         24        268          0          0       3761   interrupt.o
       230         26          0          0          0       4402   sysctl.o
         6          0          0          0          0        497   uart.o
       404         56          0          0          0      20895   udma.o
      1388         10          0          0          0      26683   usb.o
        86          0          0          0          0          0   __dczerorl2.o
         0          0          0          0          0          0   entry.o
         0          0          0          0          0          0   entry10a.o
         0          0          0          0          0          0   entry11a.o
         8          4          0          0          0          0   entry2.o
         4          0          0          0          0          0   entry5.o
         0          0          0          0          0          0   entry7b.o
         0          0          0          0          0          0   entry8b.o
         8          4          0          0          0          0   entry9a.o
        30          0          0          0          0          0   handlers.o
        36          8          0          0          0         68   init.o
       584          0          0          0          0      19255   usbbuffer.o
       958         54        142         45          0      14240   usbdbulk.o
       456          0          0          0          0       4863   usbdcdesc.o
       616         12          0          0          0       3605   usbdconfig.o
      3268        250         52         16        144      18870   usbdenum.o
       100          0          0          0          0       2033   usbdesc.o
        24          4          0          0          0        551   usbdhandler.o
      2042        124          0          0        272      16032   usbdma.o
        28          4          0         16          0       1994   usbmode.o
       360          0          0          0          0      16425   usbringbuf.o
       164         28          0         12         48      16276   usbtick.o
        90          0          0          0          0        592   usbulpi.o

    ----------------------------------------------------------------------
     11996        608        464         92        468     182268   Library Totals
        30          0          2          3          4          0   (incl. Padding)

    ----------------------------------------------------------------------

      Code (inc. data)   RO Data    RW Data    ZI Data      Debug   Library Name

      3104        116        268          0          0      67464   driverlib.lib
       172         16          0          0          0         68   mc_w.l
      8690        476        194         89        464     114736   usblib.lib

    ----------------------------------------------------------------------
     11996        608        464         92        468     182268   Library Totals

    ----------------------------------------------------------------------

==============================================================================


      Code (inc. data)   RO Data    RW Data    ZI Data      Debug   

     15500       1596        768        332       6228     202781   Grand Totals
     15500       1596        768        112       6228     202781   ELF Image Totals (compressed)
     15500       1596        768        112          0          0   ROM Totals

==============================================================================

    Total RO  Size (Code + RO Data)                16268 (  15.89kB)
    Total RW  Size (RW Data + ZI Data)              6560 (   6.41kB)
    Total ROM Size (Code + RO Data + RW Data)      16380 (  16.00kB)

==============================================================================

